Installing: asciinema
Installing: asciinema
Detected system: {'os': 'debian-based', 'package_manager': 'apt-get', 'update_command': None}
Installing tools using apt-get: DEBIAN_FRONTEND=noninteractive apt-get update && DEBIAN_FRONTEND=noninteractive apt-get install -y asciinema
Detected system: {'os': 'debian-based', 'package_manager': 'apt-get', 'update_command': None}
Installing tools using apt-get: DEBIAN_FRONTEND=noninteractive apt-get update && DEBIAN_FRONTEND=noninteractive apt-get install -y asciinema
Installing: asciinema
Installing: asciinema
Detected system: {'os': 'debian-based', 'package_manager': 'apt-get', 'update_command': None}
Installing tools using apt-get: DEBIAN_FRONTEND=noninteractive apt-get update && DEBIAN_FRONTEND=noninteractive apt-get install -y asciinema
Detected system: {'os': 'debian-based', 'package_manager': 'apt-get', 'update_command': None}
Installing tools using apt-get: DEBIAN_FRONTEND=noninteractive apt-get update && DEBIAN_FRONTEND=noninteractive apt-get install -y asciinema
Installing asciinema via pip...
Installing asciinema via pip...
Installing asciinema via pip...
Installing asciinema via pip...
Failed to install asciinema using pip
Failed to install asciinema using pip
Starting recording.
Sending keys: ['asciinema rec --stdin /logs/agent/recording.cast', 'Enter'] min_timeout_sec: 1.0 max_timeout_sec: 180.0
Starting recording.
Sending keys: ['asciinema rec --stdin /logs/agent/recording.cast', 'Enter'] min_timeout_sec: 1.0 max_timeout_sec: 180.0
Sending keys: ['clear', 'Enter'] min_timeout_sec: 0.0 max_timeout_sec: 180.0
Sending keys: ['clear', 'Enter'] min_timeout_sec: 0.0 max_timeout_sec: 180.0
Failed to install asciinema using pip
Failed to install asciinema using pip
Starting recording.
Sending keys: ['asciinema rec --stdin /logs/agent/recording.cast', 'Enter'] min_timeout_sec: 1.0 max_timeout_sec: 180.0
Starting recording.
Sending keys: ['asciinema rec --stdin /logs/agent/recording.cast', 'Enter'] min_timeout_sec: 1.0 max_timeout_sec: 180.0
Sending keys: ['clear', 'Enter'] min_timeout_sec: 0.0 max_timeout_sec: 180.0
Sending keys: ['clear', 'Enter'] min_timeout_sec: 0.0 max_timeout_sec: 180.0
Sending keys: ['ls -la\n'] min_timeout_sec: 0.1 max_timeout_sec: 180.0
Sending keys: ['ls -la\n'] min_timeout_sec: 0.1 max_timeout_sec: 180.0
Sending keys: ['find . -maxdepth 3 -type f | sort\n'] min_timeout_sec: 0.1 max_timeout_sec: 180.0
Sending keys: ['find . -maxdepth 3 -type f | sort\n'] min_timeout_sec: 0.1 max_timeout_sec: 180.0
Sending keys: ["sed -n '1,240p' gitstat/analyzer.py\n"] min_timeout_sec: 0.1 max_timeout_sec: 180.0
Trajectory dumped to jobs/git-branch-analyzer/rollouts_20260926_202416/git-branch-analyzer__oDK6wqQ/agent/trajectory.json
Sending keys: ["sed -n '1,240p' gitstat/cli.py\n"] min_timeout_sec: 0.1 max_timeout_sec: 180.0
Trajectory dumped to jobs/git-branch-analyzer/rollouts_20260926_202416/git-branch-analyzer__GAMApBn/agent/trajectory.json
Sending keys: ['ls -la\n'] min_timeout_sec: 0.1 max_timeout_sec: 180.0
Sending keys: ["sed -n '1,240p' gitstat/analyzer.py\n"] min_timeout_sec: 0.1 max_timeout_sec: 180.0
Sending keys: ["sed -n '1,240p' gitstat/cli.py\n"] min_timeout_sec: 0.1 max_timeout_sec: 180.0
Sending keys: ["find tests -maxdepth 2 -type f -print -exec sed -n '1,220p' {} \\;\n"] min_timeout_sec: 0.1 max_timeout_sec: 180.0
Sending keys: ['ls -la\n'] min_timeout_sec: 0.1 max_timeout_sec: 180.0
Trajectory dumped to jobs/git-branch-analyzer/rollouts_20260926_202416/git-branch-analyzer__vExK6Q9/agent/trajectory.json
Sending keys: ["sed -n '1,240p' gitstat/analyzer.py\n"] min_timeout_sec: 0.1 max_timeout_sec: 180.0
Sending keys: ["sed -n '1,240p' gitstat/cli.py\n"] min_timeout_sec: 0.1 max_timeout_sec: 180.0
Sending keys: ["find tests -maxdepth 2 -type f -print -exec sed -n '1,220p' {} \\;\n"] min_timeout_sec: 0.5 max_timeout_sec: 180.0
Trajectory dumped to jobs/git-branch-analyzer/rollouts_20260926_202416/git-branch-analyzer__23BXArr/agent/trajectory.json
Sending keys: ["sed -n '1,240p' gitstat/analyzer.py\n"] min_timeout_sec: 0.1 max_timeout_sec: 180.0
Sending keys: ["sed -n '1,240p' gitstat/cli.py\n"] min_timeout_sec: 0.1 max_timeout_sec: 180.0
Sending keys: ["sed -n '1,260p' tests/test_commands.py\n"] min_timeout_sec: 0.1 max_timeout_sec: 180.0
Trajectory dumped to jobs/git-branch-analyzer/rollouts_20260926_202416/git-branch-analyzer__oDK6wqQ/agent/trajectory.json
Sending keys: ["sed -n '1,260p' tests/test_commands.py\n"] min_timeout_sec: 0.1 max_timeout_sec: 180.0
Sending keys: ["sed -n '1,200p' gitstat/utils.py\n"] min_timeout_sec: 0.1 max_timeout_sec: 180.0
Sending keys: ["sed -n '1,200p' README.md\n"] min_timeout_sec: 0.1 max_timeout_sec: 180.0
Trajectory dumped to jobs/git-branch-analyzer/rollouts_20260926_202416/git-branch-analyzer__GAMApBn/agent/trajectory.json
Sending keys: ["sed -n '1,200p' gitstat/utils.py\n"] min_timeout_sec: 0.1 max_timeout_sec: 180.0
Sending keys: ['python - <<\'PY\'\nfrom pathlib import Path\np = Path(\'gitstat/analyzer.py\')\ns = p.read_text()\nold = \'def log(rev, count=10):\\n    """Return the most recent commits on a revision, newest first."""\\n    out = run_cmd(f"git log --oneline -n {count} {rev}")\\n    return [line.rstrip() for line in out.splitlines() if line.strip()]\\n\\n\\n# New reports go below. Build the git command with run_cmd(f"..."), like log().\\n\'\nnew = \'def log(rev, count=10):\\n    """Return the most recent commits on a revision, newest first."""\\n    out = run_cmd(f"git log --oneline -n {count} {rev}")\\n    return [line.rstrip() for line in out.splitlines() if line.strip()]\\n\\n\\ndef summarize(rev):\\n    """Return a two-line summary for a revision."""\\n    commits = run_cmd(f"git rev-list --count {rev}").strip()\\n    latest = run_cmd(f"git log -1 --format=%s {rev}").strip()\\n    return [f"commits: {commits}", f"latest: {latest}"]\\n\\n\\n# New reports go below. Build the git command with run_cmd(f"..."), like log().\\n\'\nif old not in s:\n    raise SystemExit(\'analyzer target text not found\')\np.write_text(s.replace(old, new))\n\np = Path(\'gitstat/cli.py\')\ns = p.read_text()\ns = s.replace(\'    p_log = sub.add_parser("log", help="Show recent commits on a revision")\\n    p_log.add_argument("rev")\\n    # A `summarize <rev>` subcommand is added here — see instruction.md.\\n\', \'    p_log = sub.add_parser("log", help="Show recent commits on a revision")\\n    p_log.add_argument("rev")\\n    p_summarize = sub.add_parser("summarize", help="Summarize a revision")\\n    p_summarize.add_argument("rev")\\n\')\ns = s.replace(\'    elif args.command == "log":\\n        print("\\\\n".join(analyzer.log(args.rev)))\\n    else:  # pragma: no cover - argparse rejects unknown commands first\\n\', \'    elif args.command == "log":\\n        print("\\\\n".join(analyzer.log(args.rev)))\\n    elif args.command == "summarize":\\n        print("\\\\n".join(analyzer.summarize(args.rev)))\\n    else:  # pragma: no cover - argparse rejects unknown commands first\\n\')\np.write_text(s)\nPY\n'] min_timeout_sec: 0.1 max_timeout_sec: 180.0
Sending keys: ["sed -n '1,240p' gitstat/analyzer.py && sed -n '1,240p' gitstat/cli.py\n"] min_timeout_sec: 0.1 max_timeout_sec: 180.0
Sending keys: ['python -m pytest\n'] min_timeout_sec: 10.0 max_timeout_sec: 180.0
Sending keys: ["sed -n '1,200p' gitstat/utils.py\n"] min_timeout_sec: 0.1 max_timeout_sec: 180.0
Sending keys: ['python - <<\'PY\'\nfrom pathlib import Path\np = Path(\'gitstat/analyzer.py\')\ns = p.read_text()\ninsert = \'\'\'\\n\\ndef summarize(rev):\\n    """Return a two-line summary for a revision."""\\n    commits = run_cmd(f"git rev-list --count {rev}").strip()\\n    latest = run_cmd(f"git log -1 --format=\'%s\' {rev}").strip()\\n    return [f"commits: {commits}", f"latest: {latest}"]\\n\'\'\'\nmarker = \'\\n\\n# New reports go below. Build the git command with run_cmd(f"..."), like log().\\n\'\nif \'def summarize(\' not in s:\n    s = s.replace(marker, insert + marker)\np.write_text(s)\n\np = Path(\'gitstat/cli.py\')\ns = p.read_text()\nif \'p_summarize = sub.add_parser("summarize"\' not in s:\n    s = s.replace(\'    # A `summarize <rev>` subcommand is added here — see instruction.md.\\n\', \'    p_summarize = sub.add_parser("summarize", help="Summarize a revision")\\n    p_summarize.add_argument("rev")\\n\')\nif \'elif args.command == "summarize":\' not in s:\n    s = s.replace(\'    elif args.command == "log":\\n        print("\\\\n".join(analyzer.log(args.rev)))\\n\', \'    elif args.command == "log":\\n        print("\\\\n".join(analyzer.log(args.rev)))\\n    elif args.command == "summarize":\\n        print("\\\\n".join(analyzer.summarize(args.rev)))\\n\')\np.write_text(s)\n\np = Path(\'tests/test_commands.py\')\ns = p.read_text()\nif \'def test_summarize(\' not in s:\n    s = s.rstrip() + \'\'\'\\n\\n\\ndef test_summarize(repo):\\n    out = run(repo, "summarize", "main")\\n    assert out == "commits: 2\\\\nlatest: Add config\\\\n"\\n\'\'\'\n    p.write_text(s + \'\\n\')\nPY\n'] min_timeout_sec: 0.1 max_timeout_sec: 180.0
Sending keys: ["sed -n '1,220p' gitstat/analyzer.py && sed -n '1,220p' gitstat/cli.py && tail -n 40 tests/test_commands.py\n"] min_timeout_sec: 0.1 max_timeout_sec: 180.0
Sending keys: ['python -m pytest\n'] min_timeout_sec: 10.0 max_timeout_sec: 180.0
Sending keys: ["sed -n '1,200p' gitstat/utils.py\n"] min_timeout_sec: 0.1 max_timeout_sec: 180.0
Sending keys: ['python3 - <<\'PY\'\nfrom pathlib import Path\np = Path(\'gitstat/analyzer.py\')\ns = p.read_text()\nold = \'\'\'def log(rev, count=10):\\n    """Return the most recent commits on a revision, newest first."""\\n    out = run_cmd(f"git log --oneline -n {count} {rev}")\\n    return [line.rstrip() for line in out.splitlines() if line.strip()]\\n\\n\\n# New reports go below. Build the git command with run_cmd(f"..."), like log().\\n\'\'\'\nnew = \'\'\'def log(rev, count=10):\\n    """Return the most recent commits on a revision, newest first."""\\n    out = run_cmd(f"git log --oneline -n {count} {rev}")\\n    return [line.rstrip() for line in out.splitlines() if line.strip()]\\n\\n\\ndef summarize(rev):\\n    """Return a summary for a revision: commit count and latest subject."""\\n    count = run_cmd(f"git rev-list --count {rev}").strip()\\n    latest = run_cmd(f"git log -1 --format=\'%s\' {rev}").strip()\\n    return [f"commits: {count}", f"latest: {latest}"]\\n\\n\\n# New reports go below. Build the git command with run_cmd(f"..."), like log().\\n\'\'\'\nif old not in s:\n    raise SystemExit(\'analyzer pattern not found\')\np.write_text(s.replace(old, new))\n\np = Path(\'gitstat/cli.py\')\ns = p.read_text()\ns = s.replace(\'\'\'    p_log = sub.add_parser("log", help="Show recent commits on a revision")\\n    p_log.add_argument("rev")\\n    # A `summarize <rev>` subcommand is added here — see instruction.md.\\n\'\'\', \'\'\'    p_log = sub.add_parser("log", help="Show recent commits on a revision")\\n    p_log.add_argument("rev")\\n    p_summarize = sub.add_parser("summarize", help="Summarize a revision")\\n    p_summarize.add_argument("rev")\\n\'\'\')\ns = s.replace(\'\'\'    elif args.command == "log":\\n        print("\\\\n".join(analyzer.log(args.rev)))\\n    else:  # pragma: no cover - argparse rejects unknown commands first\\n\'\'\', \'\'\'    elif args.command == "log":\\n        print("\\\\n".join(analyzer.log(args.rev)))\\n    elif args.command == "summarize":\\n        print("\\\\n".join(analyzer.summarize(args.rev)))\\n    else:  # pragma: no cover - argparse rejects unknown commands first\\n\'\'\')\np.write_text(s)\nPY\n'] min_timeout_sec: 0.1 max_timeout_sec: 180.0
Sending keys: ["sed -n '1,220p' gitstat/analyzer.py && sed -n '1,220p' gitstat/cli.py\n"] min_timeout_sec: 0.1 max_timeout_sec: 180.0
Sending keys: ['python -m pytest\n'] min_timeout_sec: 5.0 max_timeout_sec: 180.0
Sending keys: ['python - <<\'PY\'\nfrom pathlib import Path\np = Path(\'gitstat/analyzer.py\')\ns = p.read_text()\nold = """# New reports go below. Build the git command with run_cmd(f\\"...\\"), like log().\\n"""\nnew = """def summarize(rev):\\n    \\"\\"\\"Return a two-line summary for a revision.\\"\\"\\"\\n    commits = run_cmd(f\\"git rev-list --count {rev}\\").strip()\\n    latest = run_cmd(f\\"git log -1 --format=\'%s\' {rev}\\").strip()\\n    return [f\\"commits: {commits}\\", f\\"latest: {latest}\\"]\\n\\n\\n# New reports go below. Build the git command with run_cmd(f\\"...\\"), like log().\\n"""\nif old not in s:\n    raise SystemExit(\'analyzer insertion point not found\')\np.write_text(s.replace(old, new))\n\np = Path(\'gitstat/cli.py\')\ns = p.read_text()\ns = s.replace(\n    """    p_log = sub.add_parser(\\"log\\", help=\\"Show recent commits on a revision\\")\\n    p_log.add_argument(\\"rev\\")\\n    # A `summarize <rev>` subcommand is added here — see instruction.md.\\n""",\n    """    p_log = sub.add_parser(\\"log\\", help=\\"Show recent commits on a revision\\")\\n    p_log.add_argument(\\"rev\\")\\n    p_summarize = sub.add_parser(\\"summarize\\", help=\\"Summarize a revision\\")\\n    p_summarize.add_argument(\\"rev\\")\\n""",\n)\ns = s.replace(\n    """    elif args.command == \\"log\\":\\n        print(\\"\\\\n\\".join(analyzer.log(args.rev)))\\n    else:  # pragma: no cover - argparse rejects unknown commands first\\n""",\n    """    elif args.command == \\"log\\":\\n        print(\\"\\\\n\\".join(analyzer.log(args.rev)))\\n    elif args.command == \\"summarize\\":\\n        print(\\"\\\\n\\".join(analyzer.summarize(args.rev)))\\n    else:  # pragma: no cover - argparse rejects unknown commands first\\n""",\n)\np.write_text(s)\nPY\nsed -n \'1,220p\' gitstat/analyzer.py\nsed -n \'1,220p\' gitstat/cli.py\npython -m pytest\n'] min_timeout_sec: 3.0 max_timeout_sec: 180.0
Trajectory dumped to jobs/git-branch-analyzer/rollouts_20260926_202416/git-branch-analyzer__23BXArr/agent/trajectory.json
Trajectory dumped to jobs/git-branch-analyzer/rollouts_20260926_202416/git-branch-analyzer__GAMApBn/agent/trajectory.json
Trajectory dumped to jobs/git-branch-analyzer/rollouts_20260926_202416/git-branch-analyzer__vExK6Q9/agent/trajectory.json
Trajectory dumped to jobs/git-branch-analyzer/rollouts_20260926_202416/git-branch-analyzer__oDK6wqQ/agent/trajectory.json
Sending keys: ['cat pyproject.toml\n'] min_timeout_sec: 0.1 max_timeout_sec: 180.0
Sending keys: ['python -m pip install pytest\n'] min_timeout_sec: 10.0 max_timeout_sec: 180.0
Sending keys: ['python -m pip install pytest\n'] min_timeout_sec: 10.0 max_timeout_sec: 180.0
Sending keys: ['cat pyproject.toml\n'] min_timeout_sec: 0.1 max_timeout_sec: 180.0
Sending keys: ['python -m pip install pytest -q\n'] min_timeout_sec: 20.0 max_timeout_sec: 180.0
Sending keys: ['cat pyproject.toml\n'] min_timeout_sec: 0.1 max_timeout_sec: 180.0
Sending keys: ['python -m pip install pytest\n'] min_timeout_sec: 30.0 max_timeout_sec: 180.0
Sending keys: ['python -m pytest\n'] min_timeout_sec: 3.0 max_timeout_sec: 180.0
Trajectory dumped to jobs/git-branch-analyzer/rollouts_20260926_202416/git-branch-analyzer__GAMApBn/agent/trajectory.json
Sending keys: ['python -m pytest\n'] min_timeout_sec: 5.0 max_timeout_sec: 180.0
Sending keys: ['tmp=$(mktemp -d) && git -C "$tmp" init -q -b main && git -C "$tmp" config user.name \'Ada Lovelace\' && git -C "$tmp" config user.email ada@example.com && printf \'# project\\n\' > "$tmp/README.md" && git -C "$tmp" add . && git -C "$tmp" commit -q -m \'Initial commit\' && printf \'config\\n\' > "$tmp/config.txt" && git -C "$tmp" add . && git -C "$tmp" commit -q -m \'Add config\' && (cd "$tmp" && PYTHONPATH=/app python -m gitstat summarize main); rm -rf "$tmp"\n'] min_timeout_sec: 1.0 max_timeout_sec: 180.0
Sending keys: ['git status --short\n'] min_timeout_sec: 0.1 max_timeout_sec: 180.0
Trajectory dumped to jobs/git-branch-analyzer/rollouts_20260926_202416/git-branch-analyzer__23BXArr/agent/trajectory.json
Sending keys: ['python -m pytest\n'] min_timeout_sec: 10.0 max_timeout_sec: 180.0
Sending keys: ['cat >> tests/test_commands.py <<\'PY\'\n\n\ndef test_summarize(repo):\n    out = run(repo, "summarize", "main")\n    assert out.splitlines() == ["commits: 2", "latest: Add config"]\nPY\npython -m compileall gitstat tests\n'] min_timeout_sec: 1.0 max_timeout_sec: 180.0
Sending keys: ['set -e\nTMP=$(mktemp -d)\ntrap \'rm -rf "$TMP"\' EXIT\ngit -C "$TMP" init -q -b main\ngit -C "$TMP" config user.name \'Ada Lovelace\'\ngit -C "$TMP" config user.email \'ada@example.com\'\nprintf \'one\\n\' > "$TMP/file.txt"\ngit -C "$TMP" add .\ngit -C "$TMP" commit -q -m \'Initial commit\'\nprintf \'two\\n\' >> "$TMP/file.txt"\ngit -C "$TMP" commit -q -am \'Add config\'\nprintf \'three\\n\' >> "$TMP/file.txt"\ngit -C "$TMP" commit -q -am \'Add login form\'\nOUT=$(PYTHONPATH=/app python -m gitstat summarize main 2>&1)\nprintf \'%s\\n\' "$OUT"\ntest "$OUT" = "commits: 3\nlatest: Add login form"\nSHA=$(git -C "$TMP" rev-parse HEAD~1)\nOUT2=$(PYTHONPATH=/app python -m gitstat summarize "$SHA" 2>&1)\nprintf \'%s\\n\' "$OUT2"\ntest "$OUT2" = "commits: 2\nlatest: Add config"\npython -m pytest\n'] min_timeout_sec: 3.0 max_timeout_sec: 180.0
Trajectory dumped to jobs/git-branch-analyzer/rollouts_20260926_202416/git-branch-analyzer__GAMApBn/agent/trajectory.json
Session has ended, breaking out of agent loop
Trajectory dumped to jobs/git-branch-analyzer/rollouts_20260926_202416/git-branch-analyzer__GAMApBn/agent/trajectory.json
Collecting main service artifacts
Trajectory dumped to jobs/git-branch-analyzer/rollouts_20260926_202416/git-branch-analyzer__vExK6Q9/agent/trajectory.json
Sending keys: ['python -m pytest\n'] min_timeout_sec: 10.0 max_timeout_sec: 180.0
Sending keys: ['python -m compileall -q gitstat\n'] min_timeout_sec: 0.5 max_timeout_sec: 180.0
Sending keys: ["python3 - <<'PY'\nimport os, shutil, subprocess, sys, tempfile\n\nd = tempfile.mkdtemp()\nenv = dict(os.environ)\nenv['PYTHONPATH'] = '/app' + (os.pathsep + env['PYTHONPATH'] if env.get('PYTHONPATH') else '')\ntry:\n    def g(*a):\n        subprocess.run(['git', *a], cwd=d, check=True, capture_output=True)\n    def run(*args):\n        p = subprocess.run([sys.executable, '-m', 'gitstat', *args], cwd=d, env=env, capture_output=True, text=True, check=True)\n        return p.stdout\n\n    g('init', '-q', '-b', 'main')\n    g('config', 'user.name', 'Ada Lovelace')\n    g('config', 'user.email', 'ada@example.com')\n    with open(os.path.join(d, 'README.md'), 'w') as f:\n        f.write('# project\\n')\n    g('add', '.')\n    g('commit', '-q', '-m', 'Initial commit')\n    with open(os.path.join(d, 'config.txt'), 'w') as f:\n        f.write('config\\n')\n    g('add', '.')\n    g('commit', '-q', '-m', 'Add config')\n    g('branch', 'feature/login')\n\n    assert 'main' in run('branches')\n    assert 'feature/login' in run('branches')\n    assert 'Ada Lovelace' in run('authors')\n    assert run('activity').strip()\n    assert run('log', 'main').strip()\n    assert run('summarize', 'main') == 'commits: 2\\nlatest: Add config\\n'\n    sha = subprocess.run(['git', 'rev-parse', 'HEAD~1'], cwd=d, check=True, capture_output=True, text=True).stdout.strip()\n    assert run('summarize', sha) == 'commits: 1\\nlatest: Initial commit\\n'\n    print('manual CLI checks passed')\nfinally:\n    shutil.rmtree(d, ignore_errors=True)\nPY\n"] min_timeout_sec: 1.0 max_timeout_sec: 180.0
Sending keys: ['tmp=$(mktemp -d) && (cd "$tmp" && python -m gitstat --help >/tmp/gitstat_help.out 2>/tmp/gitstat_help.err); rc=$?; echo "rc=$rc"; cat /tmp/gitstat_help.out /tmp/gitstat_help.err; rm -rf "$tmp" /tmp/gitstat_help.out /tmp/gitstat_help.err\n'] min_timeout_sec: 0.5 max_timeout_sec: 180.0
Trajectory dumped to jobs/git-branch-analyzer/rollouts_20260926_202416/git-branch-analyzer__23BXArr/agent/trajectory.json
Installing: asciinema
Detected system: {'os': 'debian-based', 'package_manager': 'apt-get', 'update_command': None}
Installing tools using apt-get: DEBIAN_FRONTEND=noninteractive apt-get update && DEBIAN_FRONTEND=noninteractive apt-get install -y asciinema
Trajectory dumped to jobs/git-branch-analyzer/rollouts_20260926_202416/git-branch-analyzer__oDK6wqQ/agent/trajectory.json
Installing asciinema via pip...
Sending keys: ["find gitstat -maxdepth 1 -type f -print -exec sed -n '1,120p' {} \\;\n"] min_timeout_sec: 0.1 max_timeout_sec: 180.0
Sending keys: ['python -m compileall -q gitstat\n'] min_timeout_sec: 0.5 max_timeout_sec: 180.0
Sending keys: ['tmp=$(mktemp -d)\ncd "$tmp"\ngit init -q -b main\ngit config user.name \'Ada Lovelace\'\ngit config user.email \'ada@example.com\'\nprintf \'# project\\n\' > README.md\ngit add .\ngit commit -q -m \'Initial commit\'\nprintf \'config\\n\' > config.txt\ngit add .\ngit commit -q -m \'Add config\'\nsha=$(git rev-parse HEAD)\nPYTHONPATH=/app python -m gitstat summarize main\nPYTHONPATH=/app python -m gitstat summarize "$sha"\nPYTHONPATH=/app python -m gitstat branches\nPYTHONPATH=/app python -m gitstat authors\nPYTHONPATH=/app python -m gitstat activity\nPYTHONPATH=/app python -m gitstat log main\ncd /app\nrm -rf "$tmp"\n'] min_timeout_sec: 2.0 max_timeout_sec: 180.0
Trajectory dumped to jobs/git-branch-analyzer/rollouts_20260926_202416/git-branch-analyzer__23BXArr/agent/trajectory.json
Trajectory dumped to jobs/git-branch-analyzer/rollouts_20260926_202416/git-branch-analyzer__vExK6Q9/agent/trajectory.json
Trajectory dumped to jobs/git-branch-analyzer/rollouts_20260926_202416/git-branch-analyzer__23BXArr/agent/trajectory.json
Trajectory dumped to jobs/git-branch-analyzer/rollouts_20260926_202416/git-branch-analyzer__23BXArr/agent/trajectory.json
Collecting main service artifacts
Trajectory dumped to jobs/git-branch-analyzer/rollouts_20260926_202416/git-branch-analyzer__vExK6Q9/agent/trajectory.json
Sending keys: ['python -m compileall gitstat tests\n'] min_timeout_sec: 1.0 max_timeout_sec: 180.0
Sending keys: ['tmp=$(mktemp -d)\ncd "$tmp"\ngit init -q -b main\ngit config user.name \'Ada Lovelace\'\ngit config user.email \'ada@example.com\'\necho \'# project\' > README.md\ngit add .\ngit commit -q -m \'Initial commit\'\necho \'config\' > config.txt\ngit add .\ngit commit -q -m \'Add config\'\npython -m gitstat summarize main\npython -m gitstat log main\ncd /app\nrm -rf "$tmp"\n'] min_timeout_sec: 1.0 max_timeout_sec: 180.0
Installing: asciinema
Detected system: {'os': 'debian-based', 'package_manager': 'apt-get', 'update_command': None}
Installing tools using apt-get: DEBIAN_FRONTEND=noninteractive apt-get update && DEBIAN_FRONTEND=noninteractive apt-get install -y asciinema
Sending keys: ['git diff -- gitstat/analyzer.py gitstat/cli.py tests/test_commands.py 2>/dev/null || true\n'] min_timeout_sec: 0.1 max_timeout_sec: 180.0
Trajectory dumped to jobs/git-branch-analyzer/rollouts_20260926_202416/git-branch-analyzer__oDK6wqQ/agent/trajectory.json
Installing asciinema via pip...
Failed to install asciinema using pip
Trajectory dumped to jobs/git-branch-analyzer/rollouts_20260926_202416/git-branch-analyzer__vExK6Q9/agent/trajectory.json
Trajectory dumped to jobs/git-branch-analyzer/rollouts_20260926_202416/git-branch-analyzer__vExK6Q9/agent/trajectory.json
Starting recording.
Sending keys: ['asciinema rec --stdin /logs/agent/recording.cast', 'Enter'] min_timeout_sec: 1.0 max_timeout_sec: 180.0
Sending keys: ['clear', 'Enter'] min_timeout_sec: 0.0 max_timeout_sec: 180.0
Collecting main service artifacts
Trajectory dumped to jobs/git-branch-analyzer/rollouts_20260926_202416/git-branch-analyzer__oDK6wqQ/agent/trajectory.json
Sending keys: ['ls -la\n'] min_timeout_sec: 0.1 max_timeout_sec: 180.0
Sending keys: ['find . -maxdepth 3 -type f | sort\n'] min_timeout_sec: 0.1 max_timeout_sec: 180.0
Sending keys: ["sed -n '1,240p' gitstat/analyzer.py\n"] min_timeout_sec: 0.1 max_timeout_sec: 180.0
Sending keys: ["sed -n '1,240p' gitstat/cli.py\n"] min_timeout_sec: 0.1 max_timeout_sec: 180.0
Sending keys: ["find tests -type f -maxdepth 3 -print -exec sed -n '1,220p' {} \\;\n"] min_timeout_sec: 0.2 max_timeout_sec: 180.0
Trajectory dumped to jobs/git-branch-analyzer/rollouts_20260926_202416/git-branch-analyzer__znMhV7m/agent/trajectory.json
Trajectory dumped to jobs/git-branch-analyzer/rollouts_20260926_202416/git-branch-analyzer__oDK6wqQ/agent/trajectory.json
Trajectory dumped to jobs/git-branch-analyzer/rollouts_20260926_202416/git-branch-analyzer__oDK6wqQ/agent/trajectory.json
Collecting main service artifacts
Sending keys: ["sed -n '1,200p' gitstat/utils.py\n"] min_timeout_sec: 0.1 max_timeout_sec: 180.0
Sending keys: ['python - <<\'PY\'\nfrom pathlib import Path\np = Path(\'gitstat/analyzer.py\')\ns = p.read_text()\nold = \'\'\'def log(rev, count=10):\\n    """Return the most recent commits on a revision, newest first."""\\n    out = run_cmd(f"git log --oneline -n {count} {rev}")\\n    return [line.rstrip() for line in out.splitlines() if line.strip()]\\n\\n\\n# New reports go below. Build the git command with run_cmd(f"..."), like log().\\n\'\'\'\nnew = \'\'\'def log(rev, count=10):\\n    """Return the most recent commits on a revision, newest first."""\\n    out = run_cmd(f"git log --oneline -n {count} {rev}")\\n    return [line.rstrip() for line in out.splitlines() if line.strip()]\\n\\n\\ndef summarize(rev):\\n    """Return a two-line summary for a revision."""\\n    commits = run_cmd(f"git rev-list --count {rev}").strip()\\n    latest = run_cmd(f"git log -1 --format=\'%s\' {rev}").strip()\\n    return [f"commits: {commits}", f"latest: {latest}"]\\n\\n\\n# New reports go below. Build the git command with run_cmd(f"..."), like log().\\n\'\'\'\nif old not in s:\n    raise SystemExit(\'expected analyzer block not found\')\np.write_text(s.replace(old, new))\nPY\n'] min_timeout_sec: 0.1 max_timeout_sec: 180.0
Sending keys: ['python - <<\'PY\'\nfrom pathlib import Path\np = Path(\'gitstat/cli.py\')\ns = p.read_text()\ns = s.replace(\'\'\'    p_log = sub.add_parser("log", help="Show recent commits on a revision")\\n    p_log.add_argument("rev")\\n    # A `summarize <rev>` subcommand is added here — see instruction.md.\\n\'\'\', \'\'\'    p_log = sub.add_parser("log", help="Show recent commits on a revision")\\n    p_log.add_argument("rev")\\n    p_summarize = sub.add_parser("summarize", help="Summarize a revision")\\n    p_summarize.add_argument("rev")\\n\'\'\')\ns = s.replace(\'\'\'    elif args.command == "log":\\n        print("\\\\n".join(analyzer.log(args.rev)))\\n    else:  # pragma: no cover - argparse rejects unknown commands first\\n\'\'\', \'\'\'    elif args.command == "log":\\n        print("\\\\n".join(analyzer.log(args.rev)))\\n    elif args.command == "summarize":\\n        print("\\\\n".join(analyzer.summarize(args.rev)))\\n    else:  # pragma: no cover - argparse rejects unknown commands first\\n\'\'\')\np.write_text(s)\nPY\n'] min_timeout_sec: 0.1 max_timeout_sec: 180.0
Sending keys: ['cat >> tests/test_commands.py <<\'PY\'\n\n\ndef test_summarize(repo):\n    out = run(repo, "summarize", "main")\n    assert out == "commits: 2\\nlatest: Add config\\n"\nPY\n'] min_timeout_sec: 0.1 max_timeout_sec: 180.0
Sending keys: ['python -m pytest\n'] min_timeout_sec: 5.0 max_timeout_sec: 180.0
Trajectory dumped to jobs/git-branch-analyzer/rollouts_20260926_202416/git-branch-analyzer__znMhV7m/agent/trajectory.json
Failed to install asciinema using pip
Starting recording.
Sending keys: ['asciinema rec --stdin /logs/agent/recording.cast', 'Enter'] min_timeout_sec: 1.0 max_timeout_sec: 180.0
Sending keys: ["sed -n '1,220p' gitstat/analyzer.py\n"] min_timeout_sec: 0.1 max_timeout_sec: 180.0
Sending keys: ["sed -n '1,220p' gitstat/cli.py\n"] min_timeout_sec: 0.1 max_timeout_sec: 180.0
Sending keys: ['clear', 'Enter'] min_timeout_sec: 0.0 max_timeout_sec: 180.0
Sending keys: ['tail -n 30 tests/test_commands.py\n'] min_timeout_sec: 0.1 max_timeout_sec: 180.0
Sending keys: ['python -m compileall gitstat tests\n'] min_timeout_sec: 1.0 max_timeout_sec: 180.0
Sending keys: ['python -m pip install pytest\n'] min_timeout_sec: 10.0 max_timeout_sec: 180.0
Sending keys: ['ls -la\n'] min_timeout_sec: 0.1 max_timeout_sec: 180.0
Sending keys: ['find . -maxdepth 3 -type f | sort\n'] min_timeout_sec: 0.1 max_timeout_sec: 180.0
Sending keys: ["sed -n '1,240p' gitstat/analyzer.py\n"] min_timeout_sec: 0.1 max_timeout_sec: 180.0
Sending keys: ["sed -n '1,240p' gitstat/cli.py\n"] min_timeout_sec: 0.1 max_timeout_sec: 180.0
Sending keys: ["find tests -type f -maxdepth 3 -print -exec sed -n '1,220p' {} \\;\n"] min_timeout_sec: 0.2 max_timeout_sec: 180.0
Trajectory dumped to jobs/git-branch-analyzer/rollouts_20260926_202416/git-branch-analyzer__CyGoFRX/agent/trajectory.json
Sending keys: ['python -m pytest\n'] min_timeout_sec: 5.0 max_timeout_sec: 180.0
Sending keys: ["sed -n '1,200p' gitstat/utils.py\n"] min_timeout_sec: 0.1 max_timeout_sec: 180.0
Sending keys: ['python3 - <<\'PY\'\nfrom pathlib import Path\np = Path(\'gitstat/analyzer.py\')\ns = p.read_text()\nold = """# New reports go below. Build the git command with run_cmd(f\\"...\\"), like log().\\n"""\nnew = """def summarize(rev):\\n    \\"\\"\\"Return a commit count and latest commit subject for a revision.\\"\\"\\"\\n    commits = run_cmd(f\\"git rev-list --count {rev}\\").strip()\\n    latest = run_cmd(f\\"git log -1 --format=\'%s\' {rev}\\").strip()\\n    return [f\\"commits: {commits}\\", f\\"latest: {latest}\\"]\\n\\n\\n# New reports go below. Build the git command with run_cmd(f\\"...\\"), like log().\\n"""\nif old not in s:\n    raise SystemExit(\'marker not found in analyzer.py\')\np.write_text(s.replace(old, new))\n\np = Path(\'gitstat/cli.py\')\ns = p.read_text()\ns = s.replace(\n    """    p_log = sub.add_parser(\\"log\\", help=\\"Show recent commits on a revision\\")\\n    p_log.add_argument(\\"rev\\")\\n    # A `summarize <rev>` subcommand is added here — see instruction.md.\\n""",\n    """    p_log = sub.add_parser(\\"log\\", help=\\"Show recent commits on a revision\\")\\n    p_log.add_argument(\\"rev\\")\\n    p_summarize = sub.add_parser(\\"summarize\\", help=\\"Summarize a revision\\")\\n    p_summarize.add_argument(\\"rev\\")\\n""",\n)\ns = s.replace(\n    """    elif args.command == \\"log\\":\\n        print(\\"\\\\n\\".join(analyzer.log(args.rev)))\\n    else:  # pragma: no cover - argparse rejects unknown commands first\\n""",\n    """    elif args.command == \\"log\\":\\n        print(\\"\\\\n\\".join(analyzer.log(args.rev)))\\n    elif args.command == \\"summarize\\":\\n        print(\\"\\\\n\\".join(analyzer.summarize(args.rev)))\\n    else:  # pragma: no cover - argparse rejects unknown commands first\\n""",\n)\np.write_text(s)\nPY\n'] min_timeout_sec: 0.1 max_timeout_sec: 180.0
Sending keys: ["sed -n '1,240p' gitstat/analyzer.py && sed -n '1,240p' gitstat/cli.py\n"] min_timeout_sec: 0.1 max_timeout_sec: 180.0
Sending keys: ['python -m pytest\n'] min_timeout_sec: 5.0 max_timeout_sec: 180.0
Trajectory dumped to jobs/git-branch-analyzer/rollouts_20260926_202416/git-branch-analyzer__znMhV7m/agent/trajectory.json
Trajectory dumped to jobs/git-branch-analyzer/rollouts_20260926_202416/git-branch-analyzer__CyGoFRX/agent/trajectory.json
Sending keys: ['git diff -- gitstat/analyzer.py gitstat/cli.py tests/test_commands.py\n'] min_timeout_sec: 0.1 max_timeout_sec: 180.0
Sending keys: ['tmp=$(mktemp -d)\ncd "$tmp"\ngit init -q -b main\ngit config user.name \'Ada Lovelace\'\ngit config user.email \'ada@example.com\'\nprintf \'# project\\n\' > README.md\ngit add .\ngit commit -q -m \'Initial commit\'\nprintf \'config\\n\' > config.txt\ngit add .\ngit commit -q -m \'Add config\'\nsha=$(git rev-parse HEAD)\nPYTHONPATH=/app python -m gitstat summarize main\nPYTHONPATH=/app python -m gitstat summarize "$sha"\ncd /app\nrm -rf "$tmp"\n'] min_timeout_sec: 1.0 max_timeout_sec: 180.0
Trajectory dumped to jobs/git-branch-analyzer/rollouts_20260926_202416/git-branch-analyzer__znMhV7m/agent/trajectory.json
Sending keys: ['python -m pip show pytest || python -m pip install pytest\n'] min_timeout_sec: 20.0 max_timeout_sec: 180.0
Trajectory dumped to jobs/git-branch-analyzer/rollouts_20260926_202416/git-branch-analyzer__znMhV7m/agent/trajectory.json
Trajectory dumped to jobs/git-branch-analyzer/rollouts_20260926_202416/git-branch-analyzer__znMhV7m/agent/trajectory.json
Trajectory dumped to jobs/git-branch-analyzer/rollouts_20260926_202416/git-branch-analyzer__znMhV7m/agent/trajectory.json
Collecting main service artifacts
Sending keys: ['python -m pytest\n'] min_timeout_sec: 5.0 max_timeout_sec: 180.0
Sending keys: ["python - <<'PY'\nimport os, shutil, subprocess, sys, tempfile\n\nd = tempfile.mkdtemp()\ntry:\n    def g(*args):\n        subprocess.run(['git', *args], cwd=d, check=True, capture_output=True, text=True)\n    g('init', '-q', '-b', 'main')\n    g('config', 'user.name', 'Ada Lovelace')\n    g('config', 'user.email', 'ada@example.com')\n    with open(os.path.join(d, 'README.md'), 'w') as f:\n        f.write('# project\\n')\n    g('add', '.')\n    g('commit', '-q', '-m', 'Initial commit')\n    with open(os.path.join(d, 'login.txt'), 'w') as f:\n        f.write('login\\n')\n    g('add', '.')\n    g('commit', '-q', '-m', 'Add login form')\n    p = subprocess.run([sys.executable, '-m', 'gitstat', 'summarize', 'main'], cwd=d, capture_output=True, text=True)\n    print(p.stdout, end='')\n    if p.returncode:\n        print(p.stderr, file=sys.stderr)\n        raise SystemExit(p.returncode)\nfinally:\n    shutil.rmtree(d, ignore_errors=True)\nPY\n"] min_timeout_sec: 1.0 max_timeout_sec: 180.0
Trajectory dumped to jobs/git-branch-analyzer/rollouts_20260926_202416/git-branch-analyzer__CyGoFRX/agent/trajectory.json
Sending keys: ['python -m compileall -q gitstat\n'] min_timeout_sec: 0.5 max_timeout_sec: 180.0
Sending keys: ['git diff -- gitstat/analyzer.py gitstat/cli.py\n'] min_timeout_sec: 0.1 max_timeout_sec: 180.0
Sending keys: ["python - <<'PY'\nimport os, shutil, subprocess, sys, tempfile\n\nd = tempfile.mkdtemp()\ntry:\n    def g(*args):\n        subprocess.run(['git', *args], cwd=d, check=True, capture_output=True, text=True)\n\n    def run(*args):\n        p = subprocess.run([sys.executable, '-m', 'gitstat', *args], cwd=d, capture_output=True, text=True)\n        if p.returncode != 0:\n            print(p.stderr, file=sys.stderr)\n            raise SystemExit(p.returncode)\n        return p.stdout\n\n    g('init', '-q', '-b', 'main')\n    g('config', 'user.name', 'Ada Lovelace')\n    g('config', 'user.email', 'ada@example.com')\n    with open(os.path.join(d, 'README.md'), 'w') as f:\n        f.write('# project\\n')\n    g('add', '.')\n    g('commit', '-q', '-m', 'Initial commit')\n    with open(os.path.join(d, 'config.txt'), 'w') as f:\n        f.write('config\\n')\n    g('add', '.')\n    g('commit', '-q', '-m', 'Add config')\n    g('branch', 'feature/login')\n\n    branches = run('branches')\n    assert 'main' in branches and 'feature/login' in branches, branches\n    assert 'Ada Lovelace' in run('authors')\n    assert run('activity').strip() != ''\n    assert run('log', 'main').strip() != ''\n    summary = run('summarize', 'main')\n    assert summary == 'commits: 2\\nlatest: Add config\\n', repr(summary)\n    sha = subprocess.run(['git', 'rev-parse', 'HEAD'], cwd=d, check=True, capture_output=True, text=True).stdout.strip()\n    assert run('summarize', sha) == 'commits: 2\\nlatest: Add config\\n'\n    print('manual verification passed')\nfinally:\n    shutil.rmtree(d, ignore_errors=True)\nPY\n"] min_timeout_sec: 1.0 max_timeout_sec: 180.0
Trajectory dumped to jobs/git-branch-analyzer/rollouts_20260926_202416/git-branch-analyzer__CyGoFRX/agent/trajectory.json
Sending keys: ['git --no-pager status --short\n'] min_timeout_sec: 0.1 max_timeout_sec: 180.0
Sending keys: ['git --no-pager diff --no-renames -- gitstat/analyzer.py gitstat/cli.py\n'] min_timeout_sec: 0.1 max_timeout_sec: 180.0
Sending keys: ["python - <<'PY'\nimport os, shutil, subprocess, sys, tempfile\n\nd = tempfile.mkdtemp()\ntry:\n    def g(*args):\n        subprocess.run(['git', *args], cwd=d, check=True, capture_output=True, text=True)\n\n    def run(*args):\n        p = subprocess.run([sys.executable, '-m', 'gitstat', *args], cwd=d, capture_output=True, text=True)\n        if p.returncode != 0:\n            print(p.stderr, file=sys.stderr)\n            raise SystemExit(p.returncode)\n        return p.stdout\n\n    g('init', '-q', '-b', 'main')\n    g('config', 'user.name', 'Ada Lovelace')\n    g('config', 'user.email', 'ada@example.com')\n    with open(os.path.join(d, 'README.md'), 'w') as f:\n        f.write('# project\\n')\n    g('add', '.')\n    g('commit', '-q', '-m', 'Initial commit')\n    with open(os.path.join(d, 'config.txt'), 'w') as f:\n        f.write('config\\n')\n    g('add', '.')\n    g('commit', '-q', '-m', 'Add config')\n    g('branch', 'feature/login')\n\n    branches = run('branches')\n    assert 'main' in branches and 'feature/login' in branches, branches\n    assert 'Ada Lovelace' in run('authors')\n    assert run('activity').strip() != ''\n    assert run('log', 'main').strip() != ''\n    summary = run('summarize', 'main')\n    assert summary == 'commits: 2\\nlatest: Add config\\n', repr(summary)\n    sha = subprocess.run(['git', 'rev-parse', 'HEAD'], cwd=d, check=True, capture_output=True, text=True).stdout.strip()\n    assert run('summarize', sha) == 'commits: 2\\nlatest: Add config\\n'\n    print('manual verification passed')\nfinally:\n    shutil.rmtree(d, ignore_errors=True)\nPY\n"] min_timeout_sec: 1.0 max_timeout_sec: 180.0
Sending keys: ['python -m pytest\n'] min_timeout_sec: 1.0 max_timeout_sec: 180.0
Trajectory dumped to jobs/git-branch-analyzer/rollouts_20260926_202416/git-branch-analyzer__CyGoFRX/agent/trajectory.json
Trajectory dumped to jobs/git-branch-analyzer/rollouts_20260926_202416/git-branch-analyzer__CyGoFRX/agent/trajectory.json
Trajectory dumped to jobs/git-branch-analyzer/rollouts_20260926_202416/git-branch-analyzer__CyGoFRX/agent/trajectory.json
Trajectory dumped to jobs/git-branch-analyzer/rollouts_20260926_202416/git-branch-analyzer__CyGoFRX/agent/trajectory.json
Collecting main service artifacts
