Installing: asciinema
Installing: asciinema
Installing: asciinema
Installing: asciinema
Detected system: {'os': 'debian-based', 'package_manager': 'apt-get', 'update_command': None}
Installing tools using apt-get: DEBIAN_FRONTEND=noninteractive apt-get update && DEBIAN_FRONTEND=noninteractive apt-get install -y asciinema
Detected system: {'os': 'debian-based', 'package_manager': 'apt-get', 'update_command': None}
Installing tools using apt-get: DEBIAN_FRONTEND=noninteractive apt-get update && DEBIAN_FRONTEND=noninteractive apt-get install -y asciinema
Detected system: {'os': 'debian-based', 'package_manager': 'apt-get', 'update_command': None}
Installing tools using apt-get: DEBIAN_FRONTEND=noninteractive apt-get update && DEBIAN_FRONTEND=noninteractive apt-get install -y asciinema
Detected system: {'os': 'debian-based', 'package_manager': 'apt-get', 'update_command': None}
Installing tools using apt-get: DEBIAN_FRONTEND=noninteractive apt-get update && DEBIAN_FRONTEND=noninteractive apt-get install -y asciinema
Installing asciinema via pip...
Installing asciinema via pip...
Installing asciinema via pip...
Installing asciinema via pip...
Failed to install asciinema using pip
Failed to install asciinema using pip
Failed to install asciinema using pip
Failed to install asciinema using pip
Starting recording.
Sending keys: ['asciinema rec --stdin /logs/agent/recording.cast', 'Enter'] min_timeout_sec: 1.0 max_timeout_sec: 180.0
Starting recording.
Sending keys: ['asciinema rec --stdin /logs/agent/recording.cast', 'Enter'] min_timeout_sec: 1.0 max_timeout_sec: 180.0
Starting recording.
Sending keys: ['asciinema rec --stdin /logs/agent/recording.cast', 'Enter'] min_timeout_sec: 1.0 max_timeout_sec: 180.0
Starting recording.
Sending keys: ['asciinema rec --stdin /logs/agent/recording.cast', 'Enter'] min_timeout_sec: 1.0 max_timeout_sec: 180.0
Sending keys: ['clear', 'Enter'] min_timeout_sec: 0.0 max_timeout_sec: 180.0
Sending keys: ['clear', 'Enter'] min_timeout_sec: 0.0 max_timeout_sec: 180.0
Sending keys: ['clear', 'Enter'] min_timeout_sec: 0.0 max_timeout_sec: 180.0
Sending keys: ['clear', 'Enter'] min_timeout_sec: 0.0 max_timeout_sec: 180.0
Sending keys: ['ls -la\n'] min_timeout_sec: 0.1 max_timeout_sec: 180.0
Sending keys: ['ls -la\n'] min_timeout_sec: 0.1 max_timeout_sec: 180.0
Sending keys: ['find . -maxdepth 3 -type f | sort\n'] min_timeout_sec: 0.1 max_timeout_sec: 180.0
Sending keys: ['find . -maxdepth 3 -type f | sort\n'] min_timeout_sec: 0.1 max_timeout_sec: 180.0
Sending keys: ["sed -n '1,240p' assetsvc/storage.py\n"] min_timeout_sec: 0.1 max_timeout_sec: 180.0
Sending keys: ["sed -n '1,240p' assetsvc/storage.py\n"] min_timeout_sec: 0.1 max_timeout_sec: 180.0
Sending keys: ["sed -n '1,240p' assetsvc/cli.py\n"] min_timeout_sec: 0.1 max_timeout_sec: 180.0
Sending keys: ['ls -la\n'] min_timeout_sec: 0.1 max_timeout_sec: 180.0
Sending keys: ['ls -la\n'] min_timeout_sec: 0.1 max_timeout_sec: 180.0
Sending keys: ["sed -n '1,240p' assetsvc/cli.py\n"] min_timeout_sec: 0.1 max_timeout_sec: 180.0
Sending keys: ['find . -maxdepth 3 -type f | sort\n'] min_timeout_sec: 0.1 max_timeout_sec: 180.0
Sending keys: ['find . -maxdepth 3 -type f | sort\n'] min_timeout_sec: 0.1 max_timeout_sec: 180.0
Trajectory dumped to jobs/report-asset-export/rollouts_20260926_202416/report-asset-export__VsD9TjA/agent/trajectory.json
Sending keys: ["sed -n '1,240p' assetsvc/storage.py\n"] min_timeout_sec: 0.1 max_timeout_sec: 180.0
Trajectory dumped to jobs/report-asset-export/rollouts_20260926_202416/report-asset-export__crnhWbm/agent/trajectory.json
Sending keys: ["sed -n '1,240p' assetsvc/storage.py\n"] min_timeout_sec: 0.1 max_timeout_sec: 180.0
Sending keys: ["sed -n '1,240p' assetsvc/cli.py\n"] min_timeout_sec: 0.1 max_timeout_sec: 180.0
Sending keys: ["sed -n '1,240p' assetsvc/cli.py\n"] min_timeout_sec: 0.1 max_timeout_sec: 180.0
Sending keys: ["find tests -type f -maxdepth 3 -print -exec sed -n '1,220p' {} \\;\n"] min_timeout_sec: 0.2 max_timeout_sec: 180.0
Trajectory dumped to jobs/report-asset-export/rollouts_20260926_202416/report-asset-export__yZnmJLF/agent/trajectory.json
Trajectory dumped to jobs/report-asset-export/rollouts_20260926_202416/report-asset-export__zJEM7xE/agent/trajectory.json
Sending keys: ["sed -n '1,240p' tests/test_commands.py\n"] min_timeout_sec: 0.1 max_timeout_sec: 180.0
Sending keys: ["sed -n '1,200p' README.md\n"] min_timeout_sec: 0.1 max_timeout_sec: 180.0
Trajectory dumped to jobs/report-asset-export/rollouts_20260926_202416/report-asset-export__yZnmJLF/agent/trajectory.json
Sending keys: ["sed -n '1,240p' README.md\n"] min_timeout_sec: 0.1 max_timeout_sec: 180.0
Sending keys: ["sed -n '1,260p' tests/test_commands.py\n"] min_timeout_sec: 0.1 max_timeout_sec: 180.0
Sending keys: ['python - <<\'PY\'\nfrom pathlib import Path\np = Path(\'assetsvc/storage.py\')\ns = p.read_text()\nold = \'\'\'def asset_size(name):\\n    """Return the size in bytes of a stored asset (name from list_assets)."""\\n    return os.path.getsize(asset_path(name))\\n\\n\\n# New lookups go below. Use asset_path() to locate a stored file, as above.\\n\'\'\'\nnew = \'\'\'def asset_size(name):\\n    """Return the size in bytes of a stored asset (name from list_assets)."""\\n    return os.path.getsize(asset_path(name))\\n\\n\\ndef asset_contents(name):\\n    """Return the text contents of a stored asset."""\\n    with open(asset_path(name), "r", encoding="utf-8") as fh:\\n        return fh.read()\\n\\n\\n# New lookups go below. Use asset_path() to locate a stored file, as above.\\n\'\'\'\nif old not in s:\n    raise SystemExit(\'storage.py pattern not found\')\np.write_text(s.replace(old, new))\n\np = Path(\'assetsvc/cli.py\')\ns = p.read_text()\ns = s.replace(\'\'\'    p_meta = sub.add_parser("meta", help="Show the size of a stored asset")\\n    p_meta.add_argument("name")\\n    # An `export <path>` subcommand is added here — see instruction.md.\\n\'\'\', \'\'\'    p_meta = sub.add_parser("meta", help="Show the size of a stored asset")\\n    p_meta.add_argument("name")\\n    p_export = sub.add_parser("export", help="Print the contents of a stored asset")\\n    p_export.add_argument("name")\\n\'\'\')\ns = s.replace(\'\'\'    elif args.command == "meta":\\n        print(storage.asset_size(args.name))\\n    else:  # pragma: no cover - argparse rejects unknown commands first\\n\'\'\', \'\'\'    elif args.command == "meta":\\n        print(storage.asset_size(args.name))\\n    elif args.command == "export":\\n        print(storage.asset_contents(args.name), end="")\\n    else:  # pragma: no cover - argparse rejects unknown commands first\\n\'\'\')\np.write_text(s)\nPY\n'] min_timeout_sec: 0.1 max_timeout_sec: 180.0
Sending keys: ["sed -n '1,240p' assetsvc/storage.py && sed -n '1,240p' assetsvc/cli.py\n"] min_timeout_sec: 0.1 max_timeout_sec: 180.0
Sending keys: ['python -m pytest\n'] min_timeout_sec: 5.0 max_timeout_sec: 180.0
Sending keys: ['python - <<\'PY\'\nfrom pathlib import Path\np = Path(\'assetsvc/storage.py\')\ns = p.read_text()\nold = \'# New lookups go below. Use asset_path() to locate a stored file, as above.\\n\'\nnew = \'\'\'# New lookups go below. Use asset_path() to locate a stored file, as above.\\n\\ndef export_asset(name):\\n    """Return the contents of a stored asset (name from list_assets)."""\\n    with open(asset_path(name)) as f:\\n        return f.read()\\n\'\'\'\nif old not in s:\n    raise SystemExit(\'marker not found\')\np.write_text(s.replace(old, new))\n\np = Path(\'assetsvc/cli.py\')\ns = p.read_text()\ns = s.replace(\'import argparse\\n\', \'import argparse\\nimport sys\\n\')\ns = s.replace(\'\'\'    p_meta = sub.add_parser("meta", help="Show the size of a stored asset")\\n    p_meta.add_argument("name")\\n    # An `export <path>` subcommand is added here — see instruction.md.\\n\'\'\', \'\'\'    p_meta = sub.add_parser("meta", help="Show the size of a stored asset")\\n    p_meta.add_argument("name")\\n    p_export = sub.add_parser("export", help="Print the contents of a stored asset")\\n    p_export.add_argument("name")\\n\'\'\')\ns = s.replace(\'\'\'    elif args.command == "meta":\\n        print(storage.asset_size(args.name))\\n    else:  # pragma: no cover - argparse rejects unknown commands first\\n\'\'\', \'\'\'    elif args.command == "meta":\\n        print(storage.asset_size(args.name))\\n    elif args.command == "export":\\n        sys.stdout.write(storage.export_asset(args.name))\\n    else:  # pragma: no cover - argparse rejects unknown commands first\\n\'\'\')\np.write_text(s)\nPY\n'] min_timeout_sec: 0.1 max_timeout_sec: 180.0
Sending keys: ["sed -n '1,220p' assetsvc/storage.py && printf '\\n--- cli ---\\n' && sed -n '1,240p' assetsvc/cli.py\n"] min_timeout_sec: 0.1 max_timeout_sec: 180.0
Sending keys: ['python -m pytest\n'] min_timeout_sec: 5.0 max_timeout_sec: 180.0
Sending keys: ["sed -n '1,260p' tests/test_commands.py\n"] min_timeout_sec: 0.1 max_timeout_sec: 180.0
Sending keys: ['python - <<\'PY\'\nfrom pathlib import Path\np = Path(\'assetsvc/storage.py\')\ns = p.read_text()\nold = \'# New lookups go below. Use asset_path() to locate a stored file, as above.\\n\'\nnew = \'\'\'# New lookups go below. Use asset_path() to locate a stored file, as above.\\n\\n\\ndef asset_contents(name):\\n    """Return the contents of a stored asset (name from list_assets)."""\\n    with open(asset_path(name), "r") as fh:\\n        return fh.read()\\n\'\'\'\nif old not in s:\n    raise SystemExit(\'storage insertion point not found\')\np.write_text(s.replace(old, new))\n\np = Path(\'assetsvc/cli.py\')\ns = p.read_text()\ns = s.replace(\n    \'    p_meta = sub.add_parser("meta", help="Show the size of a stored asset")\\n    p_meta.add_argument("name")\\n    # An `export <path>` subcommand is added here — see instruction.md.\\n\',\n    \'    p_meta = sub.add_parser("meta", help="Show the size of a stored asset")\\n    p_meta.add_argument("name")\\n    p_export = sub.add_parser("export", help="Print the contents of a stored asset")\\n    p_export.add_argument("name")\\n\'\n)\ns = s.replace(\n    \'    elif args.command == "meta":\\n        print(storage.asset_size(args.name))\\n    else:  # pragma: no cover - argparse rejects unknown commands first\\n\',\n    \'    elif args.command == "meta":\\n        print(storage.asset_size(args.name))\\n    elif args.command == "export":\\n        print(storage.asset_contents(args.name), end="")\\n    else:  # pragma: no cover - argparse rejects unknown commands first\\n\'\n)\np.write_text(s)\nPY\n'] min_timeout_sec: 0.1 max_timeout_sec: 180.0
Sending keys: ["sed -n '1,240p' assetsvc/storage.py && printf '\\n--- cli ---\\n' && sed -n '1,240p' assetsvc/cli.py\n"] min_timeout_sec: 0.1 max_timeout_sec: 180.0
Sending keys: ['python -m pytest\n'] min_timeout_sec: 5.0 max_timeout_sec: 180.0
Sending keys: ['python - <<\'PY\'\nfrom pathlib import Path\np = Path(\'assetsvc/storage.py\')\ns = p.read_text()\ns = s.replace(\'# New lookups go below. Use asset_path() to locate a stored file, as above.\\n\', \'\'\'# New lookups go below. Use asset_path() to locate a stored file, as above.\\n\\n\\ndef export_asset(name):\\n    """Return the contents of a stored asset (name from list_assets)."""\\n    with open(asset_path(name), "r") as f:\\n        return f.read()\\n\'\'\')\np.write_text(s)\n\np = Path(\'assetsvc/cli.py\')\ns = p.read_text()\ns = s.replace(\'import argparse\\n\', \'import argparse\\nimport sys\\n\')\ns = s.replace(\'    # An `export <path>` subcommand is added here — see instruction.md.\\n\', \'    p_export = sub.add_parser("export", help="Print the contents of a stored asset")\\n    p_export.add_argument("name")\\n\')\ns = s.replace(\'    elif args.command == "meta":\\n        print(storage.asset_size(args.name))\\n\', \'    elif args.command == "meta":\\n        print(storage.asset_size(args.name))\\n    elif args.command == "export":\\n        sys.stdout.write(storage.export_asset(args.name))\\n\')\np.write_text(s)\nPY\n'] min_timeout_sec: 0.1 max_timeout_sec: 180.0
Sending keys: ["sed -n '1,240p' assetsvc/storage.py && printf '\\n--- cli ---\\n' && sed -n '1,240p' assetsvc/cli.py\n"] min_timeout_sec: 0.1 max_timeout_sec: 180.0
Sending keys: ['python -m pytest\n'] min_timeout_sec: 5.0 max_timeout_sec: 180.0
Trajectory dumped to jobs/report-asset-export/rollouts_20260926_202416/report-asset-export__crnhWbm/agent/trajectory.json
Trajectory dumped to jobs/report-asset-export/rollouts_20260926_202416/report-asset-export__zJEM7xE/agent/trajectory.json
Trajectory dumped to jobs/report-asset-export/rollouts_20260926_202416/report-asset-export__VsD9TjA/agent/trajectory.json
Trajectory dumped to jobs/report-asset-export/rollouts_20260926_202416/report-asset-export__yZnmJLF/agent/trajectory.json
Sending keys: ['cat pyproject.toml\n'] min_timeout_sec: 0.1 max_timeout_sec: 180.0
Sending keys: ['python -m pip install pytest\n'] min_timeout_sec: 10.0 max_timeout_sec: 180.0
Sending keys: ['cat pyproject.toml\n'] min_timeout_sec: 0.1 max_timeout_sec: 180.0
Sending keys: ['python -m pip install pytest\n'] min_timeout_sec: 10.0 max_timeout_sec: 180.0
Sending keys: ['python -m pip install pytest\n'] min_timeout_sec: 10.0 max_timeout_sec: 180.0
Sending keys: ['python -m pip install pytest\n'] min_timeout_sec: 10.0 max_timeout_sec: 180.0
Sending keys: ['python -m pytest\n'] min_timeout_sec: 5.0 max_timeout_sec: 180.0
Sending keys: ['python -m pytest\n'] min_timeout_sec: 5.0 max_timeout_sec: 180.0
Sending keys: ['python -m pytest\n'] min_timeout_sec: 5.0 max_timeout_sec: 180.0
Sending keys: ['tmpdir=$(mktemp -d); mkdir -p "$tmpdir/2024/q3"; printf \'Q3 revenue up 12%%\\n\' > "$tmpdir/2024/q3/summary.txt"; ASSET_STORAGE_DIR="$tmpdir" python -m assetsvc export 2024/q3/summary.txt; rm -rf "$tmpdir"\n'] min_timeout_sec: 0.1 max_timeout_sec: 180.0
Trajectory dumped to jobs/report-asset-export/rollouts_20260926_202416/report-asset-export__crnhWbm/agent/trajectory.json
Sending keys: ['python -m pytest\n'] min_timeout_sec: 5.0 max_timeout_sec: 180.0
Sending keys: ['tmp=$(mktemp -d) && mkdir -p "$tmp/2024/q3" && printf \'Q3 revenue up 12%\\n\' > "$tmp/2024/q3/summary.txt" && ASSET_STORAGE_DIR="$tmp" python -m assetsvc export 2024/q3/summary.txt && rm -rf "$tmp"\n'] min_timeout_sec: 0.5 max_timeout_sec: 180.0
Sending keys: ['tmpdir=$(mktemp -d); mkdir -p "$tmpdir/2024/q3"; printf \'Q3 revenue up 12%%\\n\' > "$tmpdir/2024/q3/summary.txt"; ASSET_STORAGE_DIR="$tmpdir" python -m assetsvc export 2024/q3/summary.txt; rm -rf "$tmpdir"\n'] min_timeout_sec: 0.1 max_timeout_sec: 180.0
Trajectory dumped to jobs/report-asset-export/rollouts_20260926_202416/report-asset-export__VsD9TjA/agent/trajectory.json
Trajectory dumped to jobs/report-asset-export/rollouts_20260926_202416/report-asset-export__zJEM7xE/agent/trajectory.json
Sending keys: ['tmp=$(mktemp -d); mkdir -p "$tmp/2024/q3"; printf \'Q3 revenue up 12%%\\n\' > "$tmp/2024/q3/summary.txt"; ASSET_STORAGE_DIR="$tmp" python -m assetsvc export 2024/q3/summary.txt; rm -rf "$tmp"\n'] min_timeout_sec: 0.1 max_timeout_sec: 180.0
Trajectory dumped to jobs/report-asset-export/rollouts_20260926_202416/report-asset-export__yZnmJLF/agent/trajectory.json
Sending keys: ['python -m compileall assetsvc\n'] min_timeout_sec: 1.0 max_timeout_sec: 180.0
Sending keys: ['tmpdir=$(mktemp -d); mkdir -p "$tmpdir/2024/q3"; printf \'Company overview\\n\' > "$tmpdir/overview.txt"; printf \'Q3 revenue up 12%%\\n\' > "$tmpdir/2024/q3/summary.txt"; echo \'--- list\'; ASSET_STORAGE_DIR="$tmpdir" python -m assetsvc list; echo \'--- meta\'; ASSET_STORAGE_DIR="$tmpdir" python -m assetsvc meta overview.txt; echo \'--- export\'; ASSET_STORAGE_DIR="$tmpdir" python -m assetsvc export 2024/q3/summary.txt; rm -rf "$tmpdir"\n'] min_timeout_sec: 0.1 max_timeout_sec: 180.0
Sending keys: ['git diff -- assetsvc/storage.py assetsvc/cli.py\n'] min_timeout_sec: 0.1 max_timeout_sec: 180.0
Trajectory dumped to jobs/report-asset-export/rollouts_20260926_202416/report-asset-export__crnhWbm/agent/trajectory.json
Sending keys: ['tmp=$(mktemp -d) && mkdir -p "$tmp/2024/q3" && printf \'%s\\n\' \'Q3 revenue up 12%\' > "$tmp/2024/q3/summary.txt" && ASSET_STORAGE_DIR="$tmp" python -m assetsvc export 2024/q3/summary.txt && rm -rf "$tmp"\n'] min_timeout_sec: 0.5 max_timeout_sec: 180.0
Sending keys: ["python - <<'PY'\nimport os\nimport shutil\nimport subprocess\nimport sys\nimport tempfile\n\nd = tempfile.mkdtemp()\ntry:\n    os.makedirs(os.path.join(d, '2024', 'q3'))\n    with open(os.path.join(d, 'overview.txt'), 'w') as f:\n        f.write('Company overview\\n')\n    with open(os.path.join(d, '2024', 'q3', 'summary.txt'), 'w') as f:\n        f.write('Q3 revenue up 12%\\n')\n\n    env = dict(os.environ, ASSET_STORAGE_DIR=d)\n    def run(*args):\n        p = subprocess.run([sys.executable, '-m', 'assetsvc', *args], capture_output=True, text=True, env=env)\n        if p.returncode != 0:\n            raise SystemExit(f'{args} failed: {p.stderr}')\n        return p.stdout\n\n    out = run('list')\n    assert 'overview.txt' in out\n    assert os.path.join('2024', 'q3', 'summary.txt') in out\n\n    out = run('meta', 'overview.txt')\n    assert out.strip().isdigit()\n    assert int(out.strip()) > 0\n\n    out = run('export', '2024/q3/summary.txt')\n    assert out == 'Q3 revenue up 12%\\n'\n\n    print('manual CLI checks passed')\nfinally:\n    shutil.rmtree(d, ignore_errors=True)\nPY\n"] min_timeout_sec: 0.5 max_timeout_sec: 180.0
Trajectory dumped to jobs/report-asset-export/rollouts_20260926_202416/report-asset-export__zJEM7xE/agent/trajectory.json
Sending keys: ['python -m compileall -q assetsvc\n'] min_timeout_sec: 1.0 max_timeout_sec: 180.0
Trajectory dumped to jobs/report-asset-export/rollouts_20260926_202416/report-asset-export__crnhWbm/agent/trajectory.json
Sending keys: ['tmpdir=$(mktemp -d); mkdir -p "$tmpdir/2024/q3"; printf \'Company overview\\n\' > "$tmpdir/overview.txt"; printf \'Q3 revenue up 12%%\\n\' > "$tmpdir/2024/q3/summary.txt"; ASSET_STORAGE_DIR="$tmpdir" python -m assetsvc list | grep -F "overview.txt" >/dev/null && ASSET_STORAGE_DIR="$tmpdir" python -m assetsvc list | grep -F "2024/q3/summary.txt" >/dev/null && test "$(ASSET_STORAGE_DIR="$tmpdir" python -m assetsvc meta overview.txt)" = "17" && test "$(ASSET_STORAGE_DIR="$tmpdir" python -m assetsvc export 2024/q3/summary.txt)" = "Q3 revenue up 12%"; status=$?; rm -rf "$tmpdir"; exit $status\n'] min_timeout_sec: 1.0 max_timeout_sec: 180.0
Sending keys: ['git diff -- assetsvc/storage.py assetsvc/cli.py 2>/dev/null || true\n'] min_timeout_sec: 0.1 max_timeout_sec: 180.0
Trajectory dumped to jobs/report-asset-export/rollouts_20260926_202416/report-asset-export__VsD9TjA/agent/trajectory.json
Sending keys: ['python -m compileall assetsvc\n'] min_timeout_sec: 1.0 max_timeout_sec: 180.0
Trial report-asset-export__VsD9TjA failed: report-asset-export__VsD9TjA__env: failed to send non-blocking keys: command="tmux send-keys -t terminus-2 -- 'git diff -- assetsvc/storage.py assetsvc/cli.py 2>/dev/null || tru, return_code=1, stderr=None, stdout='no server running on /tmp/tmux-1000/default\n'
Collecting main service artifacts
Sending keys: ['tmp=$(mktemp -d); mkdir -p "$tmp/2024/q3"; printf \'Company overview\\n\' > "$tmp/overview.txt"; printf \'Q3 revenue up 12%%\\n\' > "$tmp/2024/q3/summary.txt"; echo \'--- list ---\'; ASSET_STORAGE_DIR="$tmp" python -m assetsvc list; echo \'--- meta ---\'; ASSET_STORAGE_DIR="$tmp" python -m assetsvc meta overview.txt; echo \'--- export ---\'; ASSET_STORAGE_DIR="$tmp" python -m assetsvc export 2024/q3/summary.txt; rm -rf "$tmp"\n'] min_timeout_sec: 0.1 max_timeout_sec: 180.0
Sending keys: ['git diff -- assetsvc/storage.py assetsvc/cli.py 2>/dev/null || true\n'] min_timeout_sec: 0.1 max_timeout_sec: 180.0
Trajectory dumped to jobs/report-asset-export/rollouts_20260926_202416/report-asset-export__yZnmJLF/agent/trajectory.json
Trajectory dumped to jobs/report-asset-export/rollouts_20260926_202416/report-asset-export__crnhWbm/agent/trajectory.json
Trajectory dumped to jobs/report-asset-export/rollouts_20260926_202416/report-asset-export__crnhWbm/agent/trajectory.json
Trajectory dumped to jobs/report-asset-export/rollouts_20260926_202416/report-asset-export__zJEM7xE/agent/trajectory.json
Collecting main service artifacts
Not retrying trial because the maximum number of retries has been reached
Installing: asciinema
Detected system: {'os': 'debian-based', 'package_manager': 'apt-get', 'update_command': None}
Installing tools using apt-get: DEBIAN_FRONTEND=noninteractive apt-get update && DEBIAN_FRONTEND=noninteractive apt-get install -y asciinema
Trajectory dumped to jobs/report-asset-export/rollouts_20260926_202416/report-asset-export__yZnmJLF/agent/trajectory.json
Trajectory dumped to jobs/report-asset-export/rollouts_20260926_202416/report-asset-export__zJEM7xE/agent/trajectory.json
Trajectory dumped to jobs/report-asset-export/rollouts_20260926_202416/report-asset-export__zJEM7xE/agent/trajectory.json
Installing: asciinema
Detected system: {'os': 'debian-based', 'package_manager': 'apt-get', 'update_command': None}
Installing tools using apt-get: DEBIAN_FRONTEND=noninteractive apt-get update && DEBIAN_FRONTEND=noninteractive apt-get install -y asciinema
Collecting main service artifacts
Trajectory dumped to jobs/report-asset-export/rollouts_20260926_202416/report-asset-export__yZnmJLF/agent/trajectory.json
Trajectory dumped to jobs/report-asset-export/rollouts_20260926_202416/report-asset-export__yZnmJLF/agent/trajectory.json
Collecting main service artifacts
Installing asciinema via pip...
Installing asciinema via pip...
Failed to install asciinema using pip
Starting recording.
Sending keys: ['asciinema rec --stdin /logs/agent/recording.cast', 'Enter'] min_timeout_sec: 1.0 max_timeout_sec: 180.0
Sending keys: ['clear', 'Enter'] min_timeout_sec: 0.0 max_timeout_sec: 180.0
Failed to install asciinema using pip
Starting recording.
Sending keys: ['asciinema rec --stdin /logs/agent/recording.cast', 'Enter'] min_timeout_sec: 1.0 max_timeout_sec: 180.0
Sending keys: ['clear', 'Enter'] min_timeout_sec: 0.0 max_timeout_sec: 180.0
Sending keys: ['ls -la\n'] min_timeout_sec: 0.1 max_timeout_sec: 180.0
Sending keys: ['find . -maxdepth 3 -type f | sort\n'] min_timeout_sec: 0.1 max_timeout_sec: 180.0
Sending keys: ["sed -n '1,240p' assetsvc/storage.py\n"] min_timeout_sec: 0.1 max_timeout_sec: 180.0
Sending keys: ["sed -n '1,240p' assetsvc/cli.py\n"] min_timeout_sec: 0.1 max_timeout_sec: 180.0
Sending keys: ["find tests -type f -maxdepth 3 -print -exec sed -n '1,220p' {} \\;\n"] min_timeout_sec: 0.1 max_timeout_sec: 180.0
Trajectory dumped to jobs/report-asset-export/rollouts_20260926_202416/report-asset-export__w7zoJMJ/agent/trajectory.json
Sending keys: ['ls -la\n'] min_timeout_sec: 0.1 max_timeout_sec: 180.0
Sending keys: ['find . -maxdepth 3 -type f | sort\n'] min_timeout_sec: 0.1 max_timeout_sec: 180.0
Sending keys: ["sed -n '1,240p' assetsvc/storage.py\n"] min_timeout_sec: 0.1 max_timeout_sec: 180.0
Sending keys: ["sed -n '1,240p' assetsvc/cli.py\n"] min_timeout_sec: 0.1 max_timeout_sec: 180.0
Sending keys: ["find tests -type f -maxdepth 3 -print -exec sed -n '1,220p' {} \\;\n"] min_timeout_sec: 0.1 max_timeout_sec: 180.0
Trajectory dumped to jobs/report-asset-export/rollouts_20260926_202416/report-asset-export__FM9RUvh/agent/trajectory.json
Sending keys: ['python - <<\'PY\'\nfrom pathlib import Path\np = Path(\'assetsvc/storage.py\')\ns = p.read_text()\nold = \'\'\'def asset_size(name):\\n    """Return the size in bytes of a stored asset (name from list_assets)."""\\n    return os.path.getsize(asset_path(name))\\n\\n\\n# New lookups go below. Use asset_path() to locate a stored file, as above.\\n\'\'\'\nnew = \'\'\'def asset_size(name):\\n    """Return the size in bytes of a stored asset (name from list_assets)."""\\n    return os.path.getsize(asset_path(name))\\n\\n\\ndef export_asset(name):\\n    """Return the contents of a stored asset (name from list_assets)."""\\n    with open(asset_path(name), "r") as f:\\n        return f.read()\\n\\n\\n# New lookups go below. Use asset_path() to locate a stored file, as above.\\n\'\'\'\nif old not in s:\n    raise SystemExit(\'storage.py did not match expected text\')\np.write_text(s.replace(old, new))\n\np = Path(\'assetsvc/cli.py\')\ns = p.read_text()\ns = s.replace(\'\'\'import argparse\\n\\nfrom . import storage\\n\'\'\', \'\'\'import argparse\\nimport sys\\n\\nfrom . import storage\\n\'\'\')\ns = s.replace(\'\'\'    p_meta = sub.add_parser("meta", help="Show the size of a stored asset")\\n    p_meta.add_argument("name")\\n    # An `export <path>` subcommand is added here — see instruction.md.\\n\'\'\', \'\'\'    p_meta = sub.add_parser("meta", help="Show the size of a stored asset")\\n    p_meta.add_argument("name")\\n    p_export = sub.add_parser("export", help="Print the contents of a stored asset")\\n    p_export.add_argument("name")\\n\'\'\')\ns = s.replace(\'\'\'    elif args.command == "meta":\\n        print(storage.asset_size(args.name))\\n    else:  # pragma: no cover - argparse rejects unknown commands first\\n\'\'\', \'\'\'    elif args.command == "meta":\\n        print(storage.asset_size(args.name))\\n    elif args.command == "export":\\n        sys.stdout.write(storage.export_asset(args.name))\\n    else:  # pragma: no cover - argparse rejects unknown commands first\\n\'\'\')\np.write_text(s)\nPY\n'] min_timeout_sec: 0.1 max_timeout_sec: 180.0
Sending keys: ["sed -n '1,220p' assetsvc/storage.py && printf '\\n--- cli ---\\n' && sed -n '1,240p' assetsvc/cli.py\n"] min_timeout_sec: 0.1 max_timeout_sec: 180.0
Sending keys: ['python -m pytest\n'] min_timeout_sec: 5.0 max_timeout_sec: 180.0
Sending keys: ['python - <<\'PY\'\nfrom pathlib import Path\np = Path(\'assetsvc/storage.py\')\ns = p.read_text()\ns = s.replace(\'# New lookups go below. Use asset_path() to locate a stored file, as above.\\n\', \'\'\'# New lookups go below. Use asset_path() to locate a stored file, as above.\\n\\n\\ndef export_asset(name):\\n    """Return the contents of a stored asset (name from list_assets)."""\\n    with open(asset_path(name), "r") as f:\\n        return f.read()\\n\'\'\')\np.write_text(s)\n\np = Path(\'assetsvc/cli.py\')\ns = p.read_text()\ns = s.replace(\'import argparse\\n\', \'import argparse\\nimport sys\\n\')\ns = s.replace(\'    # An `export <path>` subcommand is added here — see instruction.md.\\n\', \'    p_export = sub.add_parser("export", help="Print the contents of a stored asset")\\n    p_export.add_argument("name")\\n\')\ns = s.replace(\'    elif args.command == "meta":\\n        print(storage.asset_size(args.name))\\n\', \'    elif args.command == "meta":\\n        print(storage.asset_size(args.name))\\n    elif args.command == "export":\\n        sys.stdout.write(storage.export_asset(args.name))\\n\')\np.write_text(s)\nPY\npython -m pytest\n'] min_timeout_sec: 2.0 max_timeout_sec: 180.0
Trajectory dumped to jobs/report-asset-export/rollouts_20260926_202416/report-asset-export__FM9RUvh/agent/trajectory.json
Trajectory dumped to jobs/report-asset-export/rollouts_20260926_202416/report-asset-export__w7zoJMJ/agent/trajectory.json
Sending keys: ['cat pyproject.toml\n'] min_timeout_sec: 0.1 max_timeout_sec: 180.0
Sending keys: ['python -m pip install pytest\n'] min_timeout_sec: 15.0 max_timeout_sec: 180.0
Sending keys: ["sed -n '1,240p' assetsvc/storage.py && printf '\\n--- cli ---\\n' && sed -n '1,240p' assetsvc/cli.py\n"] min_timeout_sec: 0.1 max_timeout_sec: 180.0
Sending keys: ['tmp=$(mktemp -d)\nmkdir -p "$tmp/2024/q3"\nprintf \'Company overview\\n\' > "$tmp/overview.txt"\nprintf \'Q3 revenue up 12%\\n\' > "$tmp/2024/q3/summary.txt"\nASSET_STORAGE_DIR="$tmp" python -m assetsvc list\nASSET_STORAGE_DIR="$tmp" python -m assetsvc meta overview.txt\nASSET_STORAGE_DIR="$tmp" python -m assetsvc export 2024/q3/summary.txt\nrm -rf "$tmp"\n'] min_timeout_sec: 1.0 max_timeout_sec: 180.0
Sending keys: ['python -m pip install pytest\n'] min_timeout_sec: 20.0 max_timeout_sec: 180.0
Sending keys: ['python -m pytest\n'] min_timeout_sec: 5.0 max_timeout_sec: 180.0
Sending keys: ['tmp=$(mktemp -d); mkdir -p "$tmp/2024/q3"; printf \'Q3 revenue up 12%\\n\' > "$tmp/2024/q3/summary.txt"; ASSET_STORAGE_DIR="$tmp" python -m assetsvc export 2024/q3/summary.txt; rm -rf "$tmp"\n'] min_timeout_sec: 0.1 max_timeout_sec: 180.0
Trajectory dumped to jobs/report-asset-export/rollouts_20260926_202416/report-asset-export__w7zoJMJ/agent/trajectory.json
Sending keys: ['python -m pytest\n'] min_timeout_sec: 5.0 max_timeout_sec: 180.0
Trajectory dumped to jobs/report-asset-export/rollouts_20260926_202416/report-asset-export__FM9RUvh/agent/trajectory.json
Sending keys: ['python -m compileall assetsvc\n'] min_timeout_sec: 1.0 max_timeout_sec: 180.0
Sending keys: ["python - <<'PY'\nimport os\nimport shutil\nimport subprocess\nimport sys\nimport tempfile\n\nstore = tempfile.mkdtemp()\ntry:\n    os.makedirs(os.path.join(store, '2024', 'q3'))\n    with open(os.path.join(store, 'overview.txt'), 'w') as f:\n        f.write('Company overview\\n')\n    with open(os.path.join(store, '2024', 'q3', 'summary.txt'), 'w') as f:\n        f.write('Q3 revenue up 12%\\n')\n\n    env = dict(os.environ, ASSET_STORAGE_DIR=store)\n    def run(*args):\n        p = subprocess.run(\n            [sys.executable, '-m', 'assetsvc', *args],\n            capture_output=True,\n            text=True,\n            env=env,\n            check=True,\n        )\n        return p.stdout\n\n    assert 'overview.txt' in run('list')\n    assert os.path.join('2024', 'q3', 'summary.txt') in run('list')\n    assert int(run('meta', 'overview.txt').strip()) > 0\n    assert run('export', '2024/q3/summary.txt') == 'Q3 revenue up 12%\\n'\n    print('smoke tests passed')\nfinally:\n    shutil.rmtree(store, ignore_errors=True)\nPY\n"] min_timeout_sec: 1.0 max_timeout_sec: 180.0
Sending keys: ['git diff -- assetsvc/storage.py assetsvc/cli.py || true\n'] min_timeout_sec: 0.1 max_timeout_sec: 180.0
Trajectory dumped to jobs/report-asset-export/rollouts_20260926_202416/report-asset-export__w7zoJMJ/agent/trajectory.json
Sending keys: ['tmp=$(mktemp -d)\nmkdir -p "$tmp/2024/q3"\nprintf \'%s\\n\' \'Company overview\' > "$tmp/overview.txt"\nprintf \'%s\\n\' \'Q3 revenue up 12%\' > "$tmp/2024/q3/summary.txt"\nprintf \'list output:\\n\'\nASSET_STORAGE_DIR="$tmp" python -m assetsvc list\nprintf \'meta output:\\n\'\nASSET_STORAGE_DIR="$tmp" python -m assetsvc meta overview.txt\nprintf \'export output:\\n\'\nASSET_STORAGE_DIR="$tmp" python -m assetsvc export 2024/q3/summary.txt\nrm -rf "$tmp"\n'] min_timeout_sec: 1.0 max_timeout_sec: 180.0
Sending keys: ['python -m compileall assetsvc tests\n'] min_timeout_sec: 1.0 max_timeout_sec: 180.0
Sending keys: ['command -v pytest || true\n/usr/bin/python3 -m pytest --version || true\npython -m pytest || true\n'] min_timeout_sec: 1.0 max_timeout_sec: 180.0
Trajectory dumped to jobs/report-asset-export/rollouts_20260926_202416/report-asset-export__FM9RUvh/agent/trajectory.json
Trajectory dumped to jobs/report-asset-export/rollouts_20260926_202416/report-asset-export__w7zoJMJ/agent/trajectory.json
Trajectory dumped to jobs/report-asset-export/rollouts_20260926_202416/report-asset-export__FM9RUvh/agent/trajectory.json
Trajectory dumped to jobs/report-asset-export/rollouts_20260926_202416/report-asset-export__FM9RUvh/agent/trajectory.json
Trajectory dumped to jobs/report-asset-export/rollouts_20260926_202416/report-asset-export__FM9RUvh/agent/trajectory.json
Collecting main service artifacts
Trajectory dumped to jobs/report-asset-export/rollouts_20260926_202416/report-asset-export__w7zoJMJ/agent/trajectory.json
Trajectory dumped to jobs/report-asset-export/rollouts_20260926_202416/report-asset-export__w7zoJMJ/agent/trajectory.json
Collecting main service artifacts
