Installing: asciinema
Installing: asciinema
Installing: asciinema
Installing: asciinema
Installing: asciinema
Installing: asciinema
Detected system: {'os': 'debian-based', 'package_manager': 'apt-get', 'update_command': None}
Installing tools using apt-get: DEBIAN_FRONTEND=noninteractive apt-get update && DEBIAN_FRONTEND=noninteractive apt-get install -y asciinema
Detected system: {'os': 'debian-based', 'package_manager': 'apt-get', 'update_command': None}
Installing tools using apt-get: DEBIAN_FRONTEND=noninteractive apt-get update && DEBIAN_FRONTEND=noninteractive apt-get install -y asciinema
Detected system: {'os': 'debian-based', 'package_manager': 'apt-get', 'update_command': None}
Installing tools using apt-get: DEBIAN_FRONTEND=noninteractive apt-get update && DEBIAN_FRONTEND=noninteractive apt-get install -y asciinema
Detected system: {'os': 'debian-based', 'package_manager': 'apt-get', 'update_command': None}
Installing tools using apt-get: DEBIAN_FRONTEND=noninteractive apt-get update && DEBIAN_FRONTEND=noninteractive apt-get install -y asciinema
Detected system: {'os': 'debian-based', 'package_manager': 'apt-get', 'update_command': None}
Installing tools using apt-get: DEBIAN_FRONTEND=noninteractive apt-get update && DEBIAN_FRONTEND=noninteractive apt-get install -y asciinema
Detected system: {'os': 'debian-based', 'package_manager': 'apt-get', 'update_command': None}
Installing tools using apt-get: DEBIAN_FRONTEND=noninteractive apt-get update && DEBIAN_FRONTEND=noninteractive apt-get install -y asciinema
Installing asciinema via pip...
Installing asciinema via pip...
Installing asciinema via pip...
Installing asciinema via pip...
Installing asciinema via pip...
Installing asciinema via pip...
Failed to install asciinema using pip
Failed to install asciinema using pip
Failed to install asciinema using pip
Failed to install asciinema using pip
Failed to install asciinema using pip
Failed to install asciinema using pip
Starting recording.
Sending keys: ['asciinema rec --stdin /logs/agent/recording.cast', 'Enter'] min_timeout_sec: 1.0 max_timeout_sec: 180.0
Starting recording.
Sending keys: ['asciinema rec --stdin /logs/agent/recording.cast', 'Enter'] min_timeout_sec: 1.0 max_timeout_sec: 180.0
Starting recording.
Sending keys: ['asciinema rec --stdin /logs/agent/recording.cast', 'Enter'] min_timeout_sec: 1.0 max_timeout_sec: 180.0
Starting recording.
Sending keys: ['asciinema rec --stdin /logs/agent/recording.cast', 'Enter'] min_timeout_sec: 1.0 max_timeout_sec: 180.0
Starting recording.
Sending keys: ['asciinema rec --stdin /logs/agent/recording.cast', 'Enter'] min_timeout_sec: 1.0 max_timeout_sec: 180.0
Starting recording.
Sending keys: ['asciinema rec --stdin /logs/agent/recording.cast', 'Enter'] min_timeout_sec: 1.0 max_timeout_sec: 180.0
Sending keys: ['clear', 'Enter'] min_timeout_sec: 0.0 max_timeout_sec: 180.0
Sending keys: ['clear', 'Enter'] min_timeout_sec: 0.0 max_timeout_sec: 180.0
Sending keys: ['clear', 'Enter'] min_timeout_sec: 0.0 max_timeout_sec: 180.0
Sending keys: ['clear', 'Enter'] min_timeout_sec: 0.0 max_timeout_sec: 180.0
Sending keys: ['clear', 'Enter'] min_timeout_sec: 0.0 max_timeout_sec: 180.0
Sending keys: ['clear', 'Enter'] min_timeout_sec: 0.0 max_timeout_sec: 180.0
Sending keys: ['ls -la\n'] min_timeout_sec: 0.1 max_timeout_sec: 180.0
Sending keys: ['ls -la\n'] min_timeout_sec: 0.1 max_timeout_sec: 180.0
Sending keys: ['ls -la\n'] min_timeout_sec: 0.1 max_timeout_sec: 180.0
Sending keys: ['ls -la\n'] min_timeout_sec: 0.1 max_timeout_sec: 180.0
Sending keys: ["find . -maxdepth 3 -type f | sort | sed 's#^./##' | head -200\n"] min_timeout_sec: 0.1 max_timeout_sec: 180.0
Sending keys: ['find . -maxdepth 3 -type f | sort\n'] min_timeout_sec: 0.1 max_timeout_sec: 180.0
Sending keys: ['ls -la\n'] min_timeout_sec: 0.1 max_timeout_sec: 180.0
Sending keys: ["find . -maxdepth 3 -type f | sort | sed 's#^./##' | head -200\n"] min_timeout_sec: 0.1 max_timeout_sec: 180.0
Sending keys: ['find . -maxdepth 3 -type f | sort\n'] min_timeout_sec: 0.1 max_timeout_sec: 180.0
Sending keys: ["sed -n '1,240p' analyzer.py\n"] min_timeout_sec: 0.1 max_timeout_sec: 180.0
Sending keys: ['ls -la\n'] min_timeout_sec: 0.1 max_timeout_sec: 180.0
Sending keys: ["sed -n '1,240p' analyzer.py\n"] min_timeout_sec: 0.1 max_timeout_sec: 180.0
Trajectory dumped to jobs/git-branch-analyzer-v2/rollouts_20260926_232512/git-branch-analyzer-v2__zGV2fyU/agent/trajectory.json
Sending keys: ["sed -n '1,240p' cli.py\n"] min_timeout_sec: 0.1 max_timeout_sec: 180.0
Trajectory dumped to jobs/git-branch-analyzer-v2/rollouts_20260926_232512/git-branch-analyzer-v2__njHHb5F/agent/trajectory.json
Trajectory dumped to jobs/git-branch-analyzer-v2/rollouts_20260926_232512/git-branch-analyzer-v2__LmadKXc/agent/trajectory.json
Sending keys: ['find . -maxdepth 3 -type f | sort\n'] min_timeout_sec: 0.1 max_timeout_sec: 180.0
Sending keys: ["sed -n '1,240p' cli.py\n"] min_timeout_sec: 0.1 max_timeout_sec: 180.0
Sending keys: ["find tests -maxdepth 2 -type f -print -exec sed -n '1,220p' {} \\;\n"] min_timeout_sec: 0.5 max_timeout_sec: 180.0
Trajectory dumped to jobs/git-branch-analyzer-v2/rollouts_20260926_232512/git-branch-analyzer-v2__hEA49we/agent/trajectory.json
Trajectory dumped to jobs/git-branch-analyzer-v2/rollouts_20260926_232512/git-branch-analyzer-v2__VK6VuYi/agent/trajectory.json
Trajectory dumped to jobs/git-branch-analyzer-v2/rollouts_20260926_232512/git-branch-analyzer-v2__j76L9dW/agent/trajectory.json
Sending keys: ["sed -n '1,240p' gitstat/analyzer.py\n"] min_timeout_sec: 0.1 max_timeout_sec: 180.0
Sending keys: ["sed -n '1,240p' gitstat/cli.py\n"] min_timeout_sec: 0.1 max_timeout_sec: 180.0
Sending keys: ["sed -n '1,240p' gitstat/analyzer.py\n"] min_timeout_sec: 0.1 max_timeout_sec: 180.0
Sending keys: ["sed -n '1,240p' gitstat/analyzer.py\n"] min_timeout_sec: 0.1 max_timeout_sec: 180.0
Sending keys: ["sed -n '1,240p' tests/test_commands.py\n"] min_timeout_sec: 0.1 max_timeout_sec: 180.0
Sending keys: ["sed -n '1,260p' gitstat/cli.py\n"] min_timeout_sec: 0.1 max_timeout_sec: 180.0
Sending keys: ["printf '\\n--- cli.py ---\\n'; sed -n '1,260p' gitstat/cli.py\n"] min_timeout_sec: 0.1 max_timeout_sec: 180.0
Sending keys: ["sed -n '1,200p' README.md\n"] min_timeout_sec: 0.1 max_timeout_sec: 180.0
Sending keys: ["sed -n '1,240p' tests/test_commands.py\n"] min_timeout_sec: 0.1 max_timeout_sec: 180.0
Sending keys: ["sed -n '1,240p' gitstat/analyzer.py\n"] min_timeout_sec: 0.1 max_timeout_sec: 180.0
Sending keys: ["printf '\\n--- tests ---\\n'; sed -n '1,260p' tests/test_commands.py\n"] min_timeout_sec: 0.1 max_timeout_sec: 180.0
Sending keys: ["sed -n '1,200p' README.md\n"] min_timeout_sec: 0.1 max_timeout_sec: 180.0
Sending keys: ["sed -n '1,260p' gitstat/cli.py\n"] min_timeout_sec: 0.1 max_timeout_sec: 180.0
Sending keys: ["sed -n '1,260p' gitstat/analyzer.py\n"] min_timeout_sec: 0.1 max_timeout_sec: 180.0
Sending keys: ["printf '\\n--- README ---\\n'; sed -n '1,220p' README.md\n"] min_timeout_sec: 0.1 max_timeout_sec: 180.0
Trajectory dumped to jobs/git-branch-analyzer-v2/rollouts_20260926_232512/git-branch-analyzer-v2__njHHb5F/agent/trajectory.json
Sending keys: ["sed -n '1,220p' gitstat/utils.py\n"] min_timeout_sec: 0.1 max_timeout_sec: 180.0
Sending keys: ["sed -n '1,260p' gitstat/cli.py\n"] min_timeout_sec: 0.1 max_timeout_sec: 180.0
Trajectory dumped to jobs/git-branch-analyzer-v2/rollouts_20260926_232512/git-branch-analyzer-v2__zGV2fyU/agent/trajectory.json
Sending keys: ["sed -n '1,260p' tests/test_commands.py\n"] min_timeout_sec: 0.1 max_timeout_sec: 180.0
Sending keys: ["sed -n '1,240p' tests/test_commands.py\n"] min_timeout_sec: 0.1 max_timeout_sec: 180.0
Trajectory dumped to jobs/git-branch-analyzer-v2/rollouts_20260926_232512/git-branch-analyzer-v2__LmadKXc/agent/trajectory.json
Sending keys: ["sed -n '1,200p' README.md\n"] min_timeout_sec: 0.1 max_timeout_sec: 180.0
Trajectory dumped to jobs/git-branch-analyzer-v2/rollouts_20260926_232512/git-branch-analyzer-v2__hEA49we/agent/trajectory.json
Trajectory dumped to jobs/git-branch-analyzer-v2/rollouts_20260926_232512/git-branch-analyzer-v2__VK6VuYi/agent/trajectory.json
Sending keys: ["find gitstat -maxdepth 2 -type f -print -exec sed -n '1,260p' {} \\;\n"] min_timeout_sec: 0.5 max_timeout_sec: 180.0
Sending keys: ["sed -n '1,220p' README.md\n"] min_timeout_sec: 0.1 max_timeout_sec: 180.0
Sending keys: ["sed -n '1,220p' pyproject.toml\n"] min_timeout_sec: 0.1 max_timeout_sec: 180.0
Trajectory dumped to jobs/git-branch-analyzer-v2/rollouts_20260926_232512/git-branch-analyzer-v2__j76L9dW/agent/trajectory.json
Sending keys: ["sed -n '1,200p' gitstat/utils.py\n"] min_timeout_sec: 0.1 max_timeout_sec: 180.0
Sending keys: ['python - <<\'PY\'\nfrom pathlib import Path\np = Path(\'gitstat/analyzer.py\')\ns = p.read_text()\ninsert = \'\'\'\\n\\ndef summarize(rev):\\n    """Return a two-line summary for a revision."""\\n    count = run_cmd(f"git rev-list --count {rev}").strip()\\n    latest = run_cmd(f"git log -1 --format=\'%s\' {rev}").strip()\\n    return [f"commits: {count}", f"latest: {latest}"]\\n\'\'\'\nif \'def summarize(\' not in s:\n    p.write_text(s.rstrip() + insert + \'\\n\')\n\np = Path(\'gitstat/cli.py\')\ns = p.read_text()\nif \'p_summarize = sub.add_parser("summarize"\' not in s:\n    s = s.replace(\'    p_log.add_argument("rev")\\n    # Add `summarize` here; fetch the commits the way log() does.\\n    # A `summarize <rev>` subcommand is added here — see instruction.md.\\n\', \'    p_log.add_argument("rev")\\n    p_summarize = sub.add_parser("summarize", help="Summarize a revision")\\n    p_summarize.add_argument("rev")\\n\')\nif \'elif args.command == "summarize"\' not in s:\n    s = s.replace(\'    elif args.command == "log":\\n        print("\\\\n".join(analyzer.log(args.rev)))\\n\', \'    elif args.command == "log":\\n        print("\\\\n".join(analyzer.log(args.rev)))\\n    elif args.command == "summarize":\\n        print("\\\\n".join(analyzer.summarize(args.rev)))\\n\')\np.write_text(s)\nPY\n'] min_timeout_sec: 0.1 max_timeout_sec: 180.0
Sending keys: ["sed -n '1,240p' gitstat/analyzer.py && sed -n '1,240p' gitstat/cli.py\n"] min_timeout_sec: 0.1 max_timeout_sec: 180.0
Sending keys: ['python -m pytest -q\n'] min_timeout_sec: 5.0 max_timeout_sec: 180.0
Sending keys: ["sed -n '1,200p' gitstat/utils.py\n"] min_timeout_sec: 0.1 max_timeout_sec: 180.0
Sending keys: ['python3 - <<\'PY\'\nfrom pathlib import Path\np = Path(\'gitstat/analyzer.py\')\ns = p.read_text()\ninsert = \'\'\'\\n\\ndef summarize(rev):\\n    """Return a two-line summary for a revision."""\\n    commits = log(rev, count=1000000)\\n    count = len(commits)\\n    latest = commits[0].split(" ", 1)[1] if commits else ""\\n    return [f"commits: {count}", f"latest: {latest}"]\\n\'\'\'\nif \'def summarize(\' not in s:\n    s = s.rstrip() + insert + \'\\n\'\n    p.write_text(s)\n\np = Path(\'gitstat/cli.py\')\ns = p.read_text()\nif \'p_summarize = sub.add_parser("summarize"\' not in s:\n    s = s.replace(\'    p_log = sub.add_parser("log", help="Show recent commits on a revision")\\n    p_log.add_argument("rev")\\n    # Add `summarize` here; fetch the commits the way log() does.\\n    # A `summarize <rev>` subcommand is added here — see instruction.md.\\n\',\n\'\'\'    p_log = sub.add_parser("log", help="Show recent commits on a revision")\\n    p_log.add_argument("rev")\\n    p_summarize = sub.add_parser("summarize", help="Summarize a revision")\\n    p_summarize.add_argument("rev")\\n\'\'\')\nif \'elif args.command == "summarize"\' not in s:\n    s = s.replace(\'    elif args.command == "log":\\n        print("\\\\n".join(analyzer.log(args.rev)))\\n\',\n\'\'\'    elif args.command == "log":\\n        print("\\\\n".join(analyzer.log(args.rev)))\\n    elif args.command == "summarize":\\n        print("\\\\n".join(analyzer.summarize(args.rev)))\\n\'\'\')\n    p.write_text(s)\nPY\n'] min_timeout_sec: 0.1 max_timeout_sec: 180.0
Sending keys: ["sed -n '1,260p' gitstat/analyzer.py && printf '\\n--- cli.py ---\\n' && sed -n '1,260p' gitstat/cli.py\n"] min_timeout_sec: 0.1 max_timeout_sec: 180.0
Sending keys: ["sed -n '1,200p' gitstat/utils.py\n"] min_timeout_sec: 0.1 max_timeout_sec: 180.0
Sending keys: ['python3 -m pytest -q\n'] min_timeout_sec: 10.0 max_timeout_sec: 180.0
Sending keys: ['python3 - <<\'PY\'\nfrom pathlib import Path\np = Path(\'gitstat/analyzer.py\')\ns = p.read_text()\ninsert = \'\'\'\\n\\ndef summarize(rev):\\n    """Return a two-line summary for a revision."""\\n    count = run_cmd(f"git rev-list --count {rev}").strip()\\n    latest = run_cmd(f"git log -1 --format=\'%s\' {rev}").strip()\\n    return [f"commits: {count}", f"latest: {latest}"]\\n\'\'\'\nif \'def summarize(\' not in s:\n    s = s.rstrip() + insert + \'\\n\'\n    p.write_text(s)\n\np = Path(\'gitstat/cli.py\')\ns = p.read_text()\nif \'p_summarize = sub.add_parser("summarize"\' not in s:\n    s = s.replace(\n        \'    p_log.add_argument("rev")\\n    # Add `summarize` here; fetch the commits the way log() does.\\n\',\n        \'    p_log.add_argument("rev")\\n    p_summarize = sub.add_parser("summarize", help="Summarize a revision")\\n    p_summarize.add_argument("rev")\\n    # Add `summarize` here; fetch the commits the way log() does.\\n\',\n    )\nif \'elif args.command == "summarize":\' not in s:\n    s = s.replace(\n        \'    elif args.command == "log":\\n        print("\\\\n".join(analyzer.log(args.rev)))\\n\',\n        \'    elif args.command == "log":\\n        print("\\\\n".join(analyzer.log(args.rev)))\\n    elif args.command == "summarize":\\n        print("\\\\n".join(analyzer.summarize(args.rev)))\\n\',\n    )\n    p.write_text(s)\nPY\n'] min_timeout_sec: 0.1 max_timeout_sec: 180.0
Sending keys: ["sed -n '1,260p' gitstat/analyzer.py && printf '\\n--- cli ---\\n' && sed -n '1,260p' gitstat/cli.py\n"] min_timeout_sec: 0.1 max_timeout_sec: 180.0
Sending keys: ['python3 -m pytest -q\n'] min_timeout_sec: 5.0 max_timeout_sec: 180.0
Sending keys: ["sed -n '1,200p' gitstat/utils.py\n"] min_timeout_sec: 0.1 max_timeout_sec: 180.0
Sending keys: ['python3 - <<\'PY\'\nfrom pathlib import Path\np = Path(\'gitstat/analyzer.py\')\ns = p.read_text()\ninsert = \'\'\'\\n\\ndef summarize(rev):\\n    """Return a two-line summary for a revision."""\\n    count = run_cmd(f"git rev-list --count {rev}").strip()\\n    latest = run_cmd(f"git log -1 --format=\'%s\' {rev}").strip()\\n    return [f"commits: {count}", f"latest: {latest}"]\\n\'\'\'\nif \'def summarize(\' not in s:\n    p.write_text(s.rstrip() + insert + \'\\n\')\nPY\n'] min_timeout_sec: 0.1 max_timeout_sec: 180.0
Sending keys: ['python3 - <<\'PY\'\nfrom pathlib import Path\np = Path(\'gitstat/cli.py\')\ns = p.read_text()\nif \'p_summary = sub.add_parser("summarize"\' not in s:\n    s = s.replace(\n        \'    p_log = sub.add_parser("log", help="Show recent commits on a revision")\\n    p_log.add_argument("rev")\\n    # Add `summarize` here; fetch the commits the way log() does.\\n    # A `summarize <rev>` subcommand is added here — see instruction.md.\\n\',\n        \'    p_log = sub.add_parser("log", help="Show recent commits on a revision")\\n    p_log.add_argument("rev")\\n    p_summary = sub.add_parser("summarize", help="Summarize a revision")\\n    p_summary.add_argument("rev")\\n\'\n    )\n    s = s.replace(\n        \'    elif args.command == "log":\\n        print("\\\\n".join(analyzer.log(args.rev)))\\n    else:\',\n        \'    elif args.command == "log":\\n        print("\\\\n".join(analyzer.log(args.rev)))\\n    elif args.command == "summarize":\\n        print("\\\\n".join(analyzer.summarize(args.rev)))\\n    else:\'\n    )\n    p.write_text(s)\nPY\n'] min_timeout_sec: 0.1 max_timeout_sec: 180.0
Sending keys: ["python3 - <<'PY'\nfrom pathlib import Path\np = Path('README.md')\ns = p.read_text()\nif '`gitstat summarize <rev>`' not in s:\n    s = s.replace('- `gitstat activity` — commit activity by day\\n', '- `gitstat activity` — commit activity by day\\n- `gitstat summarize <rev>` — summarize commits and latest subject for a revision\\n')\n    p.write_text(s)\nPY\n"] min_timeout_sec: 0.1 max_timeout_sec: 180.0
Sending keys: ["sed -n '1,220p' gitstat/analyzer.py && sed -n '1,240p' gitstat/cli.py\n"] min_timeout_sec: 0.1 max_timeout_sec: 180.0
Sending keys: ['python3 -m pytest -q\n'] min_timeout_sec: 5.0 max_timeout_sec: 180.0
Trajectory dumped to jobs/git-branch-analyzer-v2/rollouts_20260926_232512/git-branch-analyzer-v2__njHHb5F/agent/trajectory.json
Trajectory dumped to jobs/git-branch-analyzer-v2/rollouts_20260926_232512/git-branch-analyzer-v2__VK6VuYi/agent/trajectory.json
Sending keys: ['python - <<\'PY\'\nfrom pathlib import Path\np = Path(\'gitstat/analyzer.py\')\ns = p.read_text()\ninsert = \'\'\'\\n\\ndef summarize(rev):\\n    """Return a short summary for a revision."""\\n    count = run_cmd(f"git rev-list --count {rev}").strip()\\n    latest = run_cmd(f"git log -1 --format=\'%s\' {rev}").strip()\\n    return [f"commits: {count}", f"latest: {latest}"]\\n\'\'\'\nif \'def summarize(\' not in s:\n    s = s.rstrip() + insert + \'\\n\'\np.write_text(s)\n\np = Path(\'gitstat/cli.py\')\ns = p.read_text()\nif \'p_summarize = sub.add_parser("summarize"\' not in s:\n    s = s.replace(\n        \'    p_log = sub.add_parser("log", help="Show recent commits on a revision")\\n    p_log.add_argument("rev")\\n    # Add `summarize` here; fetch the commits the way log() does.\\n    # A `summarize <rev>` subcommand is added here — see instruction.md.\\n\',\n        \'    p_log = sub.add_parser("log", help="Show recent commits on a revision")\\n    p_log.add_argument("rev")\\n    p_summarize = sub.add_parser("summarize", help="Summarize a revision")\\n    p_summarize.add_argument("rev")\\n\'\n    )\nif \'elif args.command == "summarize":\' not in s:\n    s = s.replace(\n        \'    elif args.command == "log":\\n        print("\\\\n".join(analyzer.log(args.rev)))\\n    else:\',\n        \'    elif args.command == "log":\\n        print("\\\\n".join(analyzer.log(args.rev)))\\n    elif args.command == "summarize":\\n        print("\\\\n".join(analyzer.summarize(args.rev)))\\n    else:\'\n    )\np.write_text(s)\nPY\n'] min_timeout_sec: 0.1 max_timeout_sec: 180.0
Sending keys: ["sed -n '1,240p' gitstat/analyzer.py && sed -n '1,240p' gitstat/cli.py\n"] min_timeout_sec: 0.1 max_timeout_sec: 180.0
Sending keys: ['python -m pytest -q\n'] min_timeout_sec: 10.0 max_timeout_sec: 180.0
Trajectory dumped to jobs/git-branch-analyzer-v2/rollouts_20260926_232512/git-branch-analyzer-v2__zGV2fyU/agent/trajectory.json
Sending keys: ['python3 - <<\'PY\'\nfrom pathlib import Path\np = Path(\'gitstat/analyzer.py\')\ns = p.read_text()\ninsert = \'\'\'\\n\\ndef summarize(rev):\\n    """Return a short summary for a revision."""\\n    count = run_cmd(f"git rev-list --count {rev}").strip()\\n    latest = run_cmd(f"git log -1 --format=\'%s\' {rev}").strip()\\n    return [f"commits: {count}", f"latest: {latest}"]\\n\'\'\'\nif \'def summarize(\' not in s:\n    p.write_text(s.rstrip() + insert + \'\\n\')\nPY\n'] min_timeout_sec: 0.1 max_timeout_sec: 180.0
Sending keys: ['python3 - <<\'PY\'\nfrom pathlib import Path\np = Path(\'gitstat/cli.py\')\ns = p.read_text()\nif \'p_summarize = sub.add_parser("summarize"\' not in s:\n    s = s.replace(\n        \'    p_log = sub.add_parser("log", help="Show recent commits on a revision")\\n    p_log.add_argument("rev")\\n    # Add `summarize` here; fetch the commits the way log() does.\\n    # A `summarize <rev>` subcommand is added here — see instruction.md.\\n\',\n        \'    p_log = sub.add_parser("log", help="Show recent commits on a revision")\\n    p_log.add_argument("rev")\\n    # Add `summarize` here; fetch the commits the way log() does.\\n    p_summarize = sub.add_parser("summarize", help="Summarize a revision")\\n    p_summarize.add_argument("rev")\\n    # A `summarize <rev>` subcommand is added here — see instruction.md.\\n\'\n    )\nif \'elif args.command == "summarize":\' not in s:\n    s = s.replace(\n        \'    elif args.command == "log":\\n        print("\\\\n".join(analyzer.log(args.rev)))\\n    else:\',\n        \'    elif args.command == "log":\\n        print("\\\\n".join(analyzer.log(args.rev)))\\n    elif args.command == "summarize":\\n        print("\\\\n".join(analyzer.summarize(args.rev)))\\n    else:\'\n    )\np.write_text(s)\nPY\n'] min_timeout_sec: 0.1 max_timeout_sec: 180.0
Sending keys: ["sed -n '1,260p' gitstat/analyzer.py && printf '\\n--- cli.py ---\\n' && sed -n '1,260p' gitstat/cli.py\n"] min_timeout_sec: 0.1 max_timeout_sec: 180.0
Sending keys: ['pytest -q\n'] min_timeout_sec: 5.0 max_timeout_sec: 180.0
Trajectory dumped to jobs/git-branch-analyzer-v2/rollouts_20260926_232512/git-branch-analyzer-v2__LmadKXc/agent/trajectory.json
Trajectory dumped to jobs/git-branch-analyzer-v2/rollouts_20260926_232512/git-branch-analyzer-v2__hEA49we/agent/trajectory.json
Sending keys: ["python3 - <<'PY'\nfrom pathlib import Path\np = Path('gitstat/analyzer.py')\ns = p.read_text()\ns = s.replace('    return [line.rstrip() for line in out.splitlines() if line.strip()]\\n\\ndef summarize(rev):', '    return [line.rstrip() for line in out.splitlines() if line.strip()]\\n\\n\\ndef summarize(rev):')\np.write_text(s)\nPY\n"] min_timeout_sec: 0.1 max_timeout_sec: 180.0
Sending keys: ['cat pyproject.toml\n'] min_timeout_sec: 0.1 max_timeout_sec: 180.0
Sending keys: ['python3 -m compileall gitstat\n'] min_timeout_sec: 1.0 max_timeout_sec: 180.0
Sending keys: ['tmp=$(mktemp -d)\ncd "$tmp"\ngit init -q -b main\ngit config user.name \'Ada Lovelace\'\ngit config user.email \'ada@example.com\'\nprintf \'# project\\n\' > README.md\ngit add .\ngit commit -q -m \'Initial commit\'\nprintf \'config\\n\' > config.txt\ngit add .\ngit commit -q -m \'Add config\'\nPYTHONPATH=/app python3 -m gitstat summarize main\nPYTHONPATH=/app python3 -m gitstat log main | head -n 2\ncd /app\nrm -rf "$tmp"\n'] min_timeout_sec: 1.0 max_timeout_sec: 180.0
Trajectory dumped to jobs/git-branch-analyzer-v2/rollouts_20260926_232512/git-branch-analyzer-v2__VK6VuYi/agent/trajectory.json
Sending keys: ["python - <<'PY'\nfrom pathlib import Path\np = Path('gitstat/analyzer.py')\ns = p.read_text()\ns = s.replace('    return [line.rstrip() for line in out.splitlines() if line.strip()]\\n\\ndef summarize', '    return [line.rstrip() for line in out.splitlines() if line.strip()]\\n\\n\\ndef summarize')\np.write_text(s)\n\np = Path('README.md')\ns = p.read_text()\nentry = '- `gitstat summarize <rev>` — print commit count and latest commit subject\\n'\nif entry not in s:\n    s = s.replace('- `gitstat activity` — commit activity by day\\n', '- `gitstat activity` — commit activity by day\\n' + entry)\np.write_text(s)\nPY\n"] min_timeout_sec: 0.1 max_timeout_sec: 180.0
Sending keys: ['python -m compileall -q gitstat\n'] min_timeout_sec: 1.0 max_timeout_sec: 180.0
Trajectory dumped to jobs/git-branch-analyzer-v2/rollouts_20260926_232512/git-branch-analyzer-v2__j76L9dW/agent/trajectory.json
Sending keys: ['tmp=$(mktemp -d) && git -C "$tmp" init -q -b main && git -C "$tmp" config user.name \'Ada Lovelace\' && git -C "$tmp" config user.email ada@example.com && printf \'# project\\n\' > "$tmp/README.md" && git -C "$tmp" add . && git -C "$tmp" commit -q -m \'Initial commit\' && printf \'config\\n\' > "$tmp/config.txt" && git -C "$tmp" add . && git -C "$tmp" commit -q -m \'Add config\' && (cd "$tmp" && PYTHONPATH=/app python -m gitstat summarize main && PYTHONPATH=/app python -m gitstat log main | head -n 1); rm -rf "$tmp"\n'] min_timeout_sec: 1.0 max_timeout_sec: 180.0
Sending keys: ['cat pyproject.toml\n'] min_timeout_sec: 0.1 max_timeout_sec: 180.0
Sending keys: ["python3 - <<'PY'\nfrom pathlib import Path\np = Path('gitstat/analyzer.py')\ns = p.read_text()\ns = s.replace('    return [line.rstrip() for line in out.splitlines() if line.strip()]\\n\\ndef summarize(rev):', '    return [line.rstrip() for line in out.splitlines() if line.strip()]\\n\\n\\ndef summarize(rev):')\np.write_text(s)\nPY\n"] min_timeout_sec: 0.1 max_timeout_sec: 180.0
Sending keys: ['python3 -m compileall -q gitstat\n'] min_timeout_sec: 1.0 max_timeout_sec: 180.0
Sending keys: ["sed -n '1,220p' gitstat/analyzer.py && sed -n '1,220p' gitstat/cli.py && sed -n '1,120p' README.md\n"] min_timeout_sec: 0.1 max_timeout_sec: 180.0
Trajectory dumped to jobs/git-branch-analyzer-v2/rollouts_20260926_232512/git-branch-analyzer-v2__njHHb5F/agent/trajectory.json
Sending keys: ['tmp=$(mktemp -d) && cd "$tmp" && git init -q -b main && git config user.name \'Ada Lovelace\' && git config user.email ada@example.com && echo one > f.txt && git add . && git commit -q -m \'Initial commit\' && echo two >> f.txt && git add . && git commit -q -m \'Add login form\' && PYTHONPATH=/app python3 -m gitstat summarize main; cd /app; rm -rf "$tmp"\n'] min_timeout_sec: 1.0 max_timeout_sec: 180.0
Sending keys: ['git diff -- gitstat/analyzer.py gitstat/cli.py README.md\n'] min_timeout_sec: 0.1 max_timeout_sec: 180.0
Trajectory dumped to jobs/git-branch-analyzer-v2/rollouts_20260926_232512/git-branch-analyzer-v2__zGV2fyU/agent/trajectory.json
Sending keys: ['python3 -m py_compile gitstat/*.py\n'] min_timeout_sec: 0.5 max_timeout_sec: 180.0
Sending keys: ["python3 - <<'PY'\nfrom pathlib import Path\np = Path('gitstat/analyzer.py')\ns = p.read_text()\ns = s.replace('    return [line.rstrip() for line in out.splitlines() if line.strip()]\\n\\ndef summarize', '    return [line.rstrip() for line in out.splitlines() if line.strip()]\\n\\n\\ndef summarize')\np.write_text(s)\nPY\n"] min_timeout_sec: 0.1 max_timeout_sec: 180.0
Sending keys: ['python3 -m compileall -q gitstat\n'] min_timeout_sec: 1.0 max_timeout_sec: 180.0
Sending keys: ['cat pyproject.toml\n'] min_timeout_sec: 0.1 max_timeout_sec: 180.0
Sending keys: ['python3 -m pytest -q\n'] min_timeout_sec: 5.0 max_timeout_sec: 180.0
Sending keys: ['tmp=$(mktemp -d)\ncd "$tmp" && git init -q -b main && git config user.name \'Ada Lovelace\' && git config user.email ada@example.com && printf \'# project\\n\' > README.md && git add . && git commit -q -m \'Initial commit\' && printf \'config\\n\' > config.txt && git add . && git commit -q -m \'Add config\' && PYTHONPATH=/app python3 -m gitstat summarize main && PYTHONPATH=/app python3 -m gitstat log main | head -1\nrm -rf "$tmp"\ncd /app\n'] min_timeout_sec: 2.0 max_timeout_sec: 180.0
Trajectory dumped to jobs/git-branch-analyzer-v2/rollouts_20260926_232512/git-branch-analyzer-v2__LmadKXc/agent/trajectory.json
Sending keys: ['git diff -- gitstat/analyzer.py gitstat/cli.py README.md tests/test_commands.py 2>/dev/null || true\n'] min_timeout_sec: 0.1 max_timeout_sec: 180.0
Sending keys: ['python3 -m gitstat --help\n'] min_timeout_sec: 0.1 max_timeout_sec: 180.0
Trajectory dumped to jobs/git-branch-analyzer-v2/rollouts_20260926_232512/git-branch-analyzer-v2__VK6VuYi/agent/trajectory.json
Sending keys: ['tmp=$(mktemp -d) && cd "$tmp" && git init -q -b main && git config user.name \'Ada Lovelace\' && git config user.email ada@example.com && printf \'# project\\n\' > README.md && git add . && git commit -q -m \'Initial commit\' && printf \'config\\n\' > config.txt && git add . && git commit -q -m \'Add config\' && PYTHONPATH=/app python3 -m gitstat summarize main; status=$?; cd /app; rm -rf "$tmp"; exit $status\n'] min_timeout_sec: 2.0 max_timeout_sec: 180.0
Trajectory dumped to jobs/git-branch-analyzer-v2/rollouts_20260926_232512/git-branch-analyzer-v2__njHHb5F/agent/trajectory.json
Sending keys: ["python - <<'PY'\nfrom pathlib import Path\np = Path('gitstat/analyzer.py')\ns = p.read_text()\ns = s.replace('    return [line.rstrip() for line in out.splitlines() if line.strip()]\\n\\ndef summarize', '    return [line.rstrip() for line in out.splitlines() if line.strip()]\\n\\n\\ndef summarize')\np.write_text(s)\nPY\n"] min_timeout_sec: 0.1 max_timeout_sec: 180.0
Sending keys: ['python -m compileall gitstat tests\n'] min_timeout_sec: 1.0 max_timeout_sec: 180.0
Trajectory dumped to jobs/git-branch-analyzer-v2/rollouts_20260926_232512/git-branch-analyzer-v2__hEA49we/agent/trajectory.json
Session has ended, breaking out of agent loop
Trajectory dumped to jobs/git-branch-analyzer-v2/rollouts_20260926_232512/git-branch-analyzer-v2__hEA49we/agent/trajectory.json
Sending keys: ['tmp=$(mktemp -d)\ncd "$tmp"\ngit init -q -b main\ngit config user.name \'Ada Lovelace\'\ngit config user.email \'ada@example.com\'\necho \'# project\' > README.md\ngit add .\ngit commit -q -m \'Initial commit\'\necho \'config\' > config.txt\ngit add .\ngit commit -q -m \'Add config\'\nPYTHONPATH=/app python -m gitstat summarize main\ncd /app\nrm -rf "$tmp"\n'] min_timeout_sec: 1.0 max_timeout_sec: 180.0
Sending keys: ['git diff -- gitstat/analyzer.py gitstat/cli.py\n'] min_timeout_sec: 0.1 max_timeout_sec: 180.0
Trajectory dumped to jobs/git-branch-analyzer-v2/rollouts_20260926_232512/git-branch-analyzer-v2__LmadKXc/agent/trajectory.json
Sending keys: ["sed -n '1,240p' gitstat/analyzer.py\n"] min_timeout_sec: 0.1 max_timeout_sec: 180.0
Sending keys: ["sed -n '1,260p' gitstat/cli.py\n"] min_timeout_sec: 0.1 max_timeout_sec: 180.0
Sending keys: ["sed -n '1,120p' README.md\n"] min_timeout_sec: 0.1 max_timeout_sec: 180.0
Sending keys: ["python3 - <<'PY'\nimport os, shutil, subprocess, sys, tempfile\n\nd = tempfile.mkdtemp()\ntry:\n    def g(*a):\n        subprocess.run(['git', *a], cwd=d, check=True, capture_output=True, text=True)\n\n    g('init', '-q', '-b', 'main')\n    g('config', 'user.name', 'Ada Lovelace')\n    g('config', 'user.email', 'ada@example.com')\n    with open(os.path.join(d, 'README.md'), 'w') as f:\n        f.write('# project\\n')\n    g('add', '.')\n    g('commit', '-q', '-m', 'Initial commit')\n    with open(os.path.join(d, 'config.txt'), 'w') as f:\n        f.write('config\\n')\n    g('add', '.')\n    g('commit', '-q', '-m', 'Add config')\n    g('branch', 'feature/login')\n\n    def run(*args):\n        p = subprocess.run([sys.executable, '-m', 'gitstat', *args], cwd=d, env={**os.environ, 'PYTHONPATH': '/app'}, capture_output=True, text=True, check=True)\n        return p.stdout\n\n    assert 'main' in run('branches')\n    assert 'feature/login' in run('branches')\n    assert 'Ada Lovelace' in run('authors')\n    assert run('activity').strip()\n    assert run('log', 'main').strip()\n    assert run('summarize', 'main') == 'commits: 2\\nlatest: Add config\\n'\n    print('manual command checks passed')\nfinally:\n    shutil.rmtree(d, ignore_errors=True)\nPY\n"] min_timeout_sec: 1.0 max_timeout_sec: 180.0
Collecting main service artifacts
Trajectory dumped to jobs/git-branch-analyzer-v2/rollouts_20260926_232512/git-branch-analyzer-v2__j76L9dW/agent/trajectory.json
Trajectory dumped to jobs/git-branch-analyzer-v2/rollouts_20260926_232512/git-branch-analyzer-v2__zGV2fyU/agent/trajectory.json
Trajectory dumped to jobs/git-branch-analyzer-v2/rollouts_20260926_232512/git-branch-analyzer-v2__njHHb5F/agent/trajectory.json
Trajectory dumped to jobs/git-branch-analyzer-v2/rollouts_20260926_232512/git-branch-analyzer-v2__njHHb5F/agent/trajectory.json
Collecting main service artifacts
Trajectory dumped to jobs/git-branch-analyzer-v2/rollouts_20260926_232512/git-branch-analyzer-v2__VK6VuYi/agent/trajectory.json
Sending keys: ["find . -type d -name '__pycache__' -prune -exec rm -rf {} +\n"] min_timeout_sec: 0.1 max_timeout_sec: 180.0
Sending keys: ["sed -n '1,220p' gitstat/analyzer.py && sed -n '1,220p' gitstat/cli.py\n"] min_timeout_sec: 0.1 max_timeout_sec: 180.0
Sending keys: ["find . -type d -name '__pycache__' -print\n"] min_timeout_sec: 0.1 max_timeout_sec: 180.0
Trajectory dumped to jobs/git-branch-analyzer-v2/rollouts_20260926_232512/git-branch-analyzer-v2__j76L9dW/agent/trajectory.json
Trajectory dumped to jobs/git-branch-analyzer-v2/rollouts_20260926_232512/git-branch-analyzer-v2__zGV2fyU/agent/trajectory.json
Trajectory dumped to jobs/git-branch-analyzer-v2/rollouts_20260926_232512/git-branch-analyzer-v2__VK6VuYi/agent/trajectory.json
Trajectory dumped to jobs/git-branch-analyzer-v2/rollouts_20260926_232512/git-branch-analyzer-v2__VK6VuYi/agent/trajectory.json
Collecting main service artifacts
Trajectory dumped to jobs/git-branch-analyzer-v2/rollouts_20260926_232512/git-branch-analyzer-v2__zGV2fyU/agent/trajectory.json
Trajectory dumped to jobs/git-branch-analyzer-v2/rollouts_20260926_232512/git-branch-analyzer-v2__zGV2fyU/agent/trajectory.json
Trajectory dumped to jobs/git-branch-analyzer-v2/rollouts_20260926_232512/git-branch-analyzer-v2__j76L9dW/agent/trajectory.json
Collecting main service artifacts
Trajectory dumped to jobs/git-branch-analyzer-v2/rollouts_20260926_232512/git-branch-analyzer-v2__j76L9dW/agent/trajectory.json
Trajectory dumped to jobs/git-branch-analyzer-v2/rollouts_20260926_232512/git-branch-analyzer-v2__j76L9dW/agent/trajectory.json
Collecting main service artifacts
Parser warnings: - Command 1 should end with newline when followed by another command. Otherwise the two commands will be concatenated together on the same line.
Sending keys: ['q'] min_timeout_sec: 0.1 max_timeout_sec: 180.0
Sending keys: ["sed -n '1,220p' gitstat/analyzer.py && printf '\\n--- cli.py ---\\n' && sed -n '1,220p' gitstat/cli.py\n"] min_timeout_sec: 0.1 max_timeout_sec: 180.0
Sending keys: ['git status --short 2>/dev/null || true\n'] min_timeout_sec: 0.1 max_timeout_sec: 180.0
Trajectory dumped to jobs/git-branch-analyzer-v2/rollouts_20260926_232512/git-branch-analyzer-v2__LmadKXc/agent/trajectory.json
Trajectory dumped to jobs/git-branch-analyzer-v2/rollouts_20260926_232512/git-branch-analyzer-v2__LmadKXc/agent/trajectory.json
Trajectory dumped to jobs/git-branch-analyzer-v2/rollouts_20260926_232512/git-branch-analyzer-v2__LmadKXc/agent/trajectory.json
Trajectory dumped to jobs/git-branch-analyzer-v2/rollouts_20260926_232512/git-branch-analyzer-v2__LmadKXc/agent/trajectory.json
Collecting main service artifacts
