Installing: asciinema
Installing: asciinema
Installing: asciinema
Installing: asciinema
Detected system: {'os': 'debian-based', 'package_manager': 'apt-get', 'update_command': None}
Installing tools using apt-get: DEBIAN_FRONTEND=noninteractive apt-get update && DEBIAN_FRONTEND=noninteractive apt-get install -y asciinema
Detected system: {'os': 'debian-based', 'package_manager': 'apt-get', 'update_command': None}
Installing tools using apt-get: DEBIAN_FRONTEND=noninteractive apt-get update && DEBIAN_FRONTEND=noninteractive apt-get install -y asciinema
Detected system: {'os': 'debian-based', 'package_manager': 'apt-get', 'update_command': None}
Installing tools using apt-get: DEBIAN_FRONTEND=noninteractive apt-get update && DEBIAN_FRONTEND=noninteractive apt-get install -y asciinema
Detected system: {'os': 'debian-based', 'package_manager': 'apt-get', 'update_command': None}
Installing tools using apt-get: DEBIAN_FRONTEND=noninteractive apt-get update && DEBIAN_FRONTEND=noninteractive apt-get install -y asciinema
Installing asciinema via pip...
Installing asciinema via pip...
Installing asciinema via pip...
Installing asciinema via pip...
Failed to install asciinema using pip
Failed to install asciinema using pip
Failed to install asciinema using pip
Failed to install asciinema using pip
Starting recording.
Sending keys: ['asciinema rec --stdin /logs/agent/recording.cast', 'Enter'] min_timeout_sec: 1.0 max_timeout_sec: 180.0
Starting recording.
Sending keys: ['asciinema rec --stdin /logs/agent/recording.cast', 'Enter'] min_timeout_sec: 1.0 max_timeout_sec: 180.0
Starting recording.
Sending keys: ['asciinema rec --stdin /logs/agent/recording.cast', 'Enter'] min_timeout_sec: 1.0 max_timeout_sec: 180.0
Starting recording.
Sending keys: ['asciinema rec --stdin /logs/agent/recording.cast', 'Enter'] min_timeout_sec: 1.0 max_timeout_sec: 180.0
Sending keys: ['clear', 'Enter'] min_timeout_sec: 0.0 max_timeout_sec: 180.0
Sending keys: ['clear', 'Enter'] min_timeout_sec: 0.0 max_timeout_sec: 180.0
Sending keys: ['clear', 'Enter'] min_timeout_sec: 0.0 max_timeout_sec: 180.0
Sending keys: ['clear', 'Enter'] min_timeout_sec: 0.0 max_timeout_sec: 180.0
Sending keys: ['ls -la\n'] min_timeout_sec: 0.1 max_timeout_sec: 180.0
Sending keys: ['ls -la\n'] min_timeout_sec: 0.1 max_timeout_sec: 180.0
Sending keys: ['ls -la\n'] min_timeout_sec: 0.1 max_timeout_sec: 180.0
Sending keys: ['find . -maxdepth 3 -type f | sort\n'] min_timeout_sec: 0.1 max_timeout_sec: 180.0
Sending keys: ['ls -la\n'] min_timeout_sec: 0.1 max_timeout_sec: 180.0
Sending keys: ['find . -maxdepth 3 -type f | sort\n'] min_timeout_sec: 0.1 max_timeout_sec: 180.0
Sending keys: ['find . -maxdepth 3 -type f | sort\n'] min_timeout_sec: 0.1 max_timeout_sec: 180.0
Sending keys: ['find . -maxdepth 3 -type f | sort\n'] min_timeout_sec: 0.1 max_timeout_sec: 180.0
Trajectory dumped to jobs/git-branch-analyzer-v4/rollouts_20260926_202416/git-branch-analyzer-v4__kuiaHfh/agent/trajectory.json
Trajectory dumped to jobs/git-branch-analyzer-v4/rollouts_20260926_202416/git-branch-analyzer-v4__Ad5xLEj/agent/trajectory.json
Trajectory dumped to jobs/git-branch-analyzer-v4/rollouts_20260926_202416/git-branch-analyzer-v4__SUJnX6K/agent/trajectory.json
Trajectory dumped to jobs/git-branch-analyzer-v4/rollouts_20260926_202416/git-branch-analyzer-v4__X4h6tfF/agent/trajectory.json
Sending keys: ["sed -n '1,240p' gitstat/analyzer.py\n"] min_timeout_sec: 0.1 max_timeout_sec: 180.0
Sending keys: ["sed -n '1,220p' gitstat/analyzer.py\n"] min_timeout_sec: 0.1 max_timeout_sec: 180.0
Sending keys: ["sed -n '1,240p' gitstat/analyzer.py\n"] min_timeout_sec: 0.1 max_timeout_sec: 180.0
Sending keys: ["sed -n '1,240p' gitstat/cli.py\n"] min_timeout_sec: 0.1 max_timeout_sec: 180.0
Sending keys: ["sed -n '1,240p' gitstat/analyzer.py\n"] min_timeout_sec: 0.1 max_timeout_sec: 180.0
Sending keys: ["sed -n '1,220p' gitstat/cli.py\n"] min_timeout_sec: 0.1 max_timeout_sec: 180.0
Sending keys: ["sed -n '1,240p' gitstat/cli.py\n"] min_timeout_sec: 0.1 max_timeout_sec: 180.0
Sending keys: ["sed -n '1,240p' tests/test_commands.py\n"] min_timeout_sec: 0.1 max_timeout_sec: 180.0
Sending keys: ["sed -n '1,240p' gitstat/cli.py\n"] min_timeout_sec: 0.1 max_timeout_sec: 180.0
Sending keys: ["sed -n '1,220p' tests/test_commands.py\n"] min_timeout_sec: 0.1 max_timeout_sec: 180.0
Sending keys: ["sed -n '1,240p' tests/test_commands.py\n"] min_timeout_sec: 0.1 max_timeout_sec: 180.0
Sending keys: ["sed -n '1,200p' README.md\n"] min_timeout_sec: 0.1 max_timeout_sec: 180.0
Sending keys: ["sed -n '1,240p' tests/test_commands.py\n"] min_timeout_sec: 0.1 max_timeout_sec: 180.0
Sending keys: ["sed -n '1,160p' README.md && sed -n '1,120p' gitstat/utils.py && cat pyproject.toml\n"] min_timeout_sec: 0.1 max_timeout_sec: 180.0
Sending keys: ["sed -n '1,200p' README.md\n"] min_timeout_sec: 0.1 max_timeout_sec: 180.0
Sending keys: ["sed -n '1,200p' README.md\n"] min_timeout_sec: 0.1 max_timeout_sec: 180.0
Trajectory dumped to jobs/git-branch-analyzer-v4/rollouts_20260926_202416/git-branch-analyzer-v4__X4h6tfF/agent/trajectory.json
Trajectory dumped to jobs/git-branch-analyzer-v4/rollouts_20260926_202416/git-branch-analyzer-v4__Ad5xLEj/agent/trajectory.json
Trajectory dumped to jobs/git-branch-analyzer-v4/rollouts_20260926_202416/git-branch-analyzer-v4__SUJnX6K/agent/trajectory.json
Trajectory dumped to jobs/git-branch-analyzer-v4/rollouts_20260926_202416/git-branch-analyzer-v4__kuiaHfh/agent/trajectory.json
Sending keys: ["sed -n '1,200p' gitstat/utils.py\n"] min_timeout_sec: 0.1 max_timeout_sec: 180.0
Trajectory dumped to jobs/git-branch-analyzer-v4/rollouts_20260926_202416/git-branch-analyzer-v4__SUJnX6K/agent/trajectory.json
Parser warnings: - Extra text detected after JSON object
Sending keys: ["sed -n '1,200p' gitstat/utils.py\n"] min_timeout_sec: 0.1 max_timeout_sec: 180.0
Trajectory dumped to jobs/git-branch-analyzer-v4/rollouts_20260926_202416/git-branch-analyzer-v4__kuiaHfh/agent/trajectory.json
Sending keys: ["sed -n '1,200p' gitstat/utils.py\n"] min_timeout_sec: 0.1 max_timeout_sec: 180.0
Sending keys: ['python3 - <<\'PY\'\nfrom pathlib import Path\np = Path(\'gitstat/analyzer.py\')\ns = p.read_text()\nold = \'\'\'def log(rev, count=10):\\n    """Return the most recent commits on a revision, newest first."""\\n    out = run_cmd(f"git log --oneline -n {count} {rev}")\\n    return [line.rstrip() for line in out.splitlines() if line.strip()]\\n\'\'\'\nnew = \'\'\'def log(rev, count=10):\\n    """Return the most recent commits on a revision, newest first."""\\n    out = run_cmd(f"git log --oneline -n {count} {rev}")\\n    return [line.rstrip() for line in out.splitlines() if line.strip()]\\n\\n\\ndef summarize(rev):\\n    """Return a compact summary for a revision."""\\n    count = run_cmd(f"git rev-list --count {rev}").strip()\\n    latest = run_cmd(f"git log -1 --format=\'%s\' {rev}").strip()\\n    return [f"commits: {count}", f"latest: {latest}"]\\n\'\'\'\nif old not in s:\n    raise SystemExit(\'expected analyzer block not found\')\np.write_text(s.replace(old, new))\n\np = Path(\'gitstat/cli.py\')\ns = p.read_text()\ns = s.replace(\'\'\'    p_log = sub.add_parser("log", help="Show recent commits on a revision")\\n    p_log.add_argument("rev")\\n    # A `summarize <rev>` subcommand is added here — see instruction.md.\\n\'\'\', \'\'\'    p_log = sub.add_parser("log", help="Show recent commits on a revision")\\n    p_log.add_argument("rev")\\n    p_summarize = sub.add_parser("summarize", help="Show a compact summary for a revision")\\n    p_summarize.add_argument("rev")\\n\'\'\')\ns = s.replace(\'\'\'    elif args.command == "log":\\n        print("\\\\n".join(analyzer.log(args.rev)))\\n    else:  # pragma: no cover - argparse rejects unknown commands first\\n\'\'\', \'\'\'    elif args.command == "log":\\n        print("\\\\n".join(analyzer.log(args.rev)))\\n    elif args.command == "summarize":\\n        print("\\\\n".join(analyzer.summarize(args.rev)))\\n    else:  # pragma: no cover - argparse rejects unknown commands first\\n\'\'\')\np.write_text(s)\nPY\n'] min_timeout_sec: 0.1 max_timeout_sec: 180.0
Sending keys: ['python -m pytest -q\n'] min_timeout_sec: 5.0 max_timeout_sec: 180.0
Trajectory dumped to jobs/git-branch-analyzer-v4/rollouts_20260926_202416/git-branch-analyzer-v4__X4h6tfF/agent/trajectory.json
Sending keys: ['apply_patch <<\'PATCH\'\n*** Begin Patch\n*** Update File: gitstat/analyzer.py\n@@\n def log(rev, count=10):\n     """Return the most recent commits on a revision, newest first."""\n     out = run_cmd(f"git log --oneline -n {count} {rev}")\n     return [line.rstrip() for line in out.splitlines() if line.strip()]\n+\n+\n+def summarize(rev):\n+    """Return a compact summary for a revision."""\n+    count = run_cmd(f"git rev-list --count {rev}").strip()\n+    latest = run_cmd(f"git log --format=\'%s\' -n 1 {rev}").strip()\n+    return [f"commits: {count}", f"latest: {latest}"]\n*** End Patch\nPATCH\n'] min_timeout_sec: 0.1 max_timeout_sec: 180.0
Sending keys: ['apply_patch <<\'PATCH\'\n*** Begin Patch\n*** Update File: gitstat/cli.py\n@@\n     p_log = sub.add_parser("log", help="Show recent commits on a revision")\n     p_log.add_argument("rev")\n-    # A `summarize <rev>` subcommand is added here — see instruction.md.\n+    p_summarize = sub.add_parser("summarize", help="Show a compact revision summary")\n+    p_summarize.add_argument("rev")\n@@\n     elif args.command == "log":\n         print("\\n".join(analyzer.log(args.rev)))\n+    elif args.command == "summarize":\n+        print("\\n".join(analyzer.summarize(args.rev)))\n     else:  # pragma: no cover - argparse rejects unknown commands first\n         parser.error(f"unknown command: {args.command}")\n*** End Patch\nPATCH\n'] min_timeout_sec: 0.1 max_timeout_sec: 180.0
Sending keys: ['python -m pytest\n'] min_timeout_sec: 5.0 max_timeout_sec: 180.0
Sending keys: ['python3 - <<\'PY\'\nfrom pathlib import Path\n\np = Path(\'gitstat/analyzer.py\')\ns = p.read_text()\nold = \'\'\'def log(rev, count=10):\\n    """Return the most recent commits on a revision, newest first."""\\n    out = run_cmd(f"git log --oneline -n {count} {rev}")\\n    return [line.rstrip() for line in out.splitlines() if line.strip()]\\n\'\'\'\nnew = old + \'\'\'\\n\\ndef summarize(rev):\\n    """Return a compact summary for a revision."""\\n    count = run_cmd(f"git rev-list --count {rev}").strip()\\n    latest = run_cmd(f"git log --format=\'%s\' -n 1 {rev}").strip()\\n    return [f"commits: {count}", f"latest: {latest}"]\\n\'\'\'\nif old not in s:\n    raise SystemExit(\'analyzer.py pattern not found\')\np.write_text(s.replace(old, new))\n\np = Path(\'gitstat/cli.py\')\ns = p.read_text()\ns = s.replace(\n    \'\'\'    p_log = sub.add_parser("log", help="Show recent commits on a revision")\\n    p_log.add_argument("rev")\\n    # A `summarize <rev>` subcommand is added here — see instruction.md.\\n\'\'\',\n    \'\'\'    p_log = sub.add_parser("log", help="Show recent commits on a revision")\\n    p_log.add_argument("rev")\\n    p_summarize = sub.add_parser("summarize", help="Show a compact summary for a revision")\\n    p_summarize.add_argument("rev")\\n\'\'\'\n)\ns = s.replace(\n    \'\'\'    elif args.command == "log":\\n        print("\\\\n".join(analyzer.log(args.rev)))\\n    else:  # pragma: no cover - argparse rejects unknown commands first\\n\'\'\',\n    \'\'\'    elif args.command == "log":\\n        print("\\\\n".join(analyzer.log(args.rev)))\\n    elif args.command == "summarize":\\n        print("\\\\n".join(analyzer.summarize(args.rev)))\\n    else:  # pragma: no cover - argparse rejects unknown commands first\\n\'\'\'\n)\np.write_text(s)\n\np = Path(\'README.md\')\ns = p.read_text()\ns = s.replace(\n    \'\'\'- `gitstat activity` — commit activity by day\\n\'\'\',\n    \'\'\'- `gitstat activity` — commit activity by day\\n- `gitstat summarize <rev>` — compact commit count and latest subject\\n\'\'\'\n)\np.write_text(s)\n\np = Path(\'tests/test_commands.py\')\ns = p.read_text()\nif \'def test_summarize\' not in s:\n    s += \'\'\'\\n\\ndef test_summarize(repo):\\n    out = run(repo, "summarize", "main")\\n    assert out.splitlines() == ["commits: 2", "latest: Add config"]\\n\'\'\'\np.write_text(s)\nPY\n'] min_timeout_sec: 0.1 max_timeout_sec: 180.0
Sending keys: ['python -m pytest -q\n'] min_timeout_sec: 5.0 max_timeout_sec: 180.0
Sending keys: ['python3 - <<\'PY\'\nfrom pathlib import Path\np = Path(\'gitstat/analyzer.py\')\ns = p.read_text()\nold = \'\'\'def log(rev, count=10):\\n    """Return the most recent commits on a revision, newest first."""\\n    out = run_cmd(f"git log --oneline -n {count} {rev}")\\n    return [line.rstrip() for line in out.splitlines() if line.strip()]\\n\'\'\'\nnew = \'\'\'def log(rev, count=10):\\n    """Return the most recent commits on a revision, newest first."""\\n    out = run_cmd(f"git log --oneline -n {count} {rev}")\\n    return [line.rstrip() for line in out.splitlines() if line.strip()]\\n\\n\\ndef summarize(rev):\\n    """Return a compact summary for a revision."""\\n    out = run_cmd(f"git log --format=\'%s\' {rev}")\\n    subjects = out.splitlines()\\n    latest = subjects[0].rstrip() if subjects else ""\\n    return [f"commits: {len(subjects)}", f"latest: {latest}"]\\n\'\'\'\nif old not in s:\n    raise SystemExit(\'target block not found in analyzer.py\')\np.write_text(s.replace(old, new))\n\np = Path(\'gitstat/cli.py\')\ns = p.read_text()\ns = s.replace(\'\'\'    p_log = sub.add_parser("log", help="Show recent commits on a revision")\\n    p_log.add_argument("rev")\\n    # A `summarize <rev>` subcommand is added here — see instruction.md.\\n\'\'\', \'\'\'    p_log = sub.add_parser("log", help="Show recent commits on a revision")\\n    p_log.add_argument("rev")\\n    p_summarize = sub.add_parser("summarize", help="Show a compact summary for a revision")\\n    p_summarize.add_argument("rev")\\n\'\'\')\ns = s.replace(\'\'\'    elif args.command == "log":\\n        print("\\\\n".join(analyzer.log(args.rev)))\\n    else:  # pragma: no cover - argparse rejects unknown commands first\\n\'\'\', \'\'\'    elif args.command == "log":\\n        print("\\\\n".join(analyzer.log(args.rev)))\\n    elif args.command == "summarize":\\n        print("\\\\n".join(analyzer.summarize(args.rev)))\\n    else:  # pragma: no cover - argparse rejects unknown commands first\\n\'\'\')\np.write_text(s)\n\np = Path(\'README.md\')\ns = p.read_text()\nif \'- `gitstat summarize <rev>`\' not in s:\n    s = s.replace(\'- `gitstat activity` — commit activity by day\\n\', \'- `gitstat activity` — commit activity by day\\n- `gitstat summarize <rev>` — compact commit count and latest subject\\n\')\n    p.write_text(s)\nPY\n'] min_timeout_sec: 0.1 max_timeout_sec: 180.0
Sending keys: ["sed -n '1,220p' gitstat/analyzer.py && sed -n '1,220p' gitstat/cli.py\n"] min_timeout_sec: 0.1 max_timeout_sec: 180.0
Trajectory dumped to jobs/git-branch-analyzer-v4/rollouts_20260926_202416/git-branch-analyzer-v4__kuiaHfh/agent/trajectory.json
Sending keys: ['python3 -m pytest -q\n'] min_timeout_sec: 5.0 max_timeout_sec: 180.0
Trajectory dumped to jobs/git-branch-analyzer-v4/rollouts_20260926_202416/git-branch-analyzer-v4__SUJnX6K/agent/trajectory.json
Sending keys: ["sed -n '1,240p' gitstat/analyzer.py\n"] min_timeout_sec: 0.1 max_timeout_sec: 180.0
Sending keys: ["sed -n '1,240p' gitstat/cli.py\n"] min_timeout_sec: 0.1 max_timeout_sec: 180.0
Sending keys: ['python -m compileall -q gitstat\n'] min_timeout_sec: 1.0 max_timeout_sec: 180.0
Sending keys: ['tmp=$(mktemp -d)\ncd "$tmp"\ngit init -q -b main\ngit config user.name \'Ada Lovelace\'\ngit config user.email \'ada@example.com\'\necho \'# project\' > README.md\ngit add .\ngit commit -q -m \'Initial commit\'\necho \'config\' > config.txt\ngit add .\ngit commit -q -m \'Add config\'\nPYTHONPATH=/app python -m gitstat summarize main\ncd /app\nrm -rf "$tmp"\n'] min_timeout_sec: 1.0 max_timeout_sec: 180.0
Trajectory dumped to jobs/git-branch-analyzer-v4/rollouts_20260926_202416/git-branch-analyzer-v4__Ad5xLEj/agent/trajectory.json
Trajectory dumped to jobs/git-branch-analyzer-v4/rollouts_20260926_202416/git-branch-analyzer-v4__X4h6tfF/agent/trajectory.json
Sending keys: ["sed -n '1,240p' gitstat/analyzer.py\n"] min_timeout_sec: 0.1 max_timeout_sec: 180.0
Sending keys: ["sed -n '1,240p' gitstat/cli.py\n"] min_timeout_sec: 0.1 max_timeout_sec: 180.0
Sending keys: ['tail -n 40 tests/test_commands.py\n'] min_timeout_sec: 0.1 max_timeout_sec: 180.0
Sending keys: ['python -m compileall -q gitstat tests\n'] min_timeout_sec: 1.0 max_timeout_sec: 180.0
Sending keys: ['tmp=$(mktemp -d); cd "$tmp" && git init -q -b main && git config user.name \'Ada Lovelace\' && git config user.email ada@example.com && printf \'# project\\n\' > README.md && git add . && git commit -q -m \'Initial commit\' && printf \'config\\n\' > config.txt && git add . && git commit -q -m \'Add config\' && PYTHONPATH=/app python -m gitstat summarize main; status=$?; cd /app; rm -rf "$tmp"; exit $status\n'] min_timeout_sec: 1.0 max_timeout_sec: 180.0
Trajectory dumped to jobs/git-branch-analyzer-v4/rollouts_20260926_202416/git-branch-analyzer-v4__SUJnX6K/agent/trajectory.json
Session has ended, breaking out of agent loop
Trajectory dumped to jobs/git-branch-analyzer-v4/rollouts_20260926_202416/git-branch-analyzer-v4__SUJnX6K/agent/trajectory.json
Trajectory dumped to jobs/git-branch-analyzer-v4/rollouts_20260926_202416/git-branch-analyzer-v4__X4h6tfF/agent/trajectory.json
Collecting main service artifacts
Sending keys: ['python3 -m compileall -q gitstat\n'] min_timeout_sec: 1.0 max_timeout_sec: 180.0
Sending keys: ['tmp=$(mktemp -d) && cd "$tmp" && git init -q -b main && git config user.name \'Ada Lovelace\' && git config user.email ada@example.com && printf \'# project\\n\' > README.md && git add . && git commit -q -m \'Initial commit\' && printf \'config\\n\' > config.txt && git add . && git commit -q -m \'Add config\' && git branch feature/login && printf \'Manual summarize output:\\n\' && PYTHONPATH=/app python3 -m gitstat summarize main && printf \'\\nExisting command checks:\\n\' && PYTHONPATH=/app python3 -m gitstat branches && PYTHONPATH=/app python3 -m gitstat authors && PYTHONPATH=/app python3 -m gitstat activity >/tmp/gitstat_activity.out && test -s /tmp/gitstat_activity.out && echo activity-ok && PYTHONPATH=/app python3 -m gitstat log main >/tmp/gitstat_log.out && test -s /tmp/gitstat_log.out && echo log-ok; status=$?; cd /app; rm -rf "$tmp"; exit $status\n'] min_timeout_sec: 2.0 max_timeout_sec: 180.0
Trajectory dumped to jobs/git-branch-analyzer-v4/rollouts_20260926_202416/git-branch-analyzer-v4__Ad5xLEj/agent/trajectory.json
Session has ended, breaking out of agent loop
Trajectory dumped to jobs/git-branch-analyzer-v4/rollouts_20260926_202416/git-branch-analyzer-v4__Ad5xLEj/agent/trajectory.json
Collecting main service artifacts
Sending keys: ['python - <<\'PY\'\nfrom pathlib import Path\n\np = Path(\'gitstat/analyzer.py\')\ns = p.read_text()\nold = \'\'\'def log(rev, count=10):\n    """Return the most recent commits on a revision, newest first."""\n    out = run_cmd(f"git log --oneline -n {count} {rev}")\n    return [line.rstrip() for line in out.splitlines() if line.strip()]\n\'\'\'\nnew = \'\'\'def log(rev, count=10):\n    """Return the most recent commits on a revision, newest first."""\n    out = run_cmd(f"git log --oneline -n {count} {rev}")\n    return [line.rstrip() for line in out.splitlines() if line.strip()]\n\n\ndef summarize(rev):\n    """Return a compact summary for a revision."""\n    count = run_cmd(f"git rev-list --count {rev}").strip()\n    latest = run_cmd(f"git log --format=\'%s\' -n 1 {rev}").strip()\n    return [f"commits: {count}", f"latest: {latest}"]\n\'\'\'\nif old not in s:\n    raise SystemExit(\'analyzer.py pattern not found\')\np.write_text(s.replace(old, new))\n\np = Path(\'gitstat/cli.py\')\ns = p.read_text()\ns = s.replace(\n\'\'\'    p_log = sub.add_parser("log", help="Show recent commits on a revision")\n    p_log.add_argument("rev")\n    # A `summarize <rev>` subcommand is added here — see instruction.md.\n\'\'\',\n\'\'\'    p_log = sub.add_parser("log", help="Show recent commits on a revision")\n    p_log.add_argument("rev")\n    p_summarize = sub.add_parser("summarize", help="Show a compact revision summary")\n    p_summarize.add_argument("rev")\n\'\'\')\ns = s.replace(\n\'\'\'    elif args.command == "log":\n        print("\\\\n".join(analyzer.log(args.rev)))\n    else:  # pragma: no cover - argparse rejects unknown commands first\n\'\'\',\n\'\'\'    elif args.command == "log":\n        print("\\\\n".join(analyzer.log(args.rev)))\n    elif args.command == "summarize":\n        print("\\\\n".join(analyzer.summarize(args.rev)))\n    else:  # pragma: no cover - argparse rejects unknown commands first\n\'\'\')\np.write_text(s)\nPY\n'] min_timeout_sec: 0.1 max_timeout_sec: 180.0
Sending keys: ['git diff -- gitstat/analyzer.py gitstat/cli.py\n'] min_timeout_sec: 0.1 max_timeout_sec: 180.0
Sending keys: ["python - <<'PY'\nimport os, shutil, subprocess, sys, tempfile\n\nd = tempfile.mkdtemp()\ntry:\n    def g(*a):\n        subprocess.run(['git', *a], cwd=d, check=True, capture_output=True, text=True)\n    g('init', '-q', '-b', 'main')\n    g('config', 'user.name', 'Ada Lovelace')\n    g('config', 'user.email', 'ada@example.com')\n    for name, msg in [('README.md', 'Initial commit'), ('config.txt', 'Add config'), ('login.txt', 'Add login form')]:\n        with open(os.path.join(d, name), 'w') as f:\n            f.write(msg + '\\n')\n        g('add', '.')\n        g('commit', '-q', '-m', msg)\n    g('branch', 'feature/login')\n    for args in [('branches',), ('authors',), ('activity',), ('log', 'main'), ('summarize', 'main')]:\n        p = subprocess.run([sys.executable, '-m', 'gitstat', *args], cwd=d, env={**os.environ, 'PYTHONPATH': os.getcwd()}, capture_output=True, text=True, check=True)\n        print('$ gitstat', *args)\n        print(p.stdout, end='' if p.stdout.endswith('\\n') else '\\n')\nfinally:\n    shutil.rmtree(d, ignore_errors=True)\nPY\n"] min_timeout_sec: 2.0 max_timeout_sec: 180.0
Trajectory dumped to jobs/git-branch-analyzer-v4/rollouts_20260926_202416/git-branch-analyzer-v4__kuiaHfh/agent/trajectory.json
Trajectory dumped to jobs/git-branch-analyzer-v4/rollouts_20260926_202416/git-branch-analyzer-v4__X4h6tfF/agent/trajectory.json
Trajectory dumped to jobs/git-branch-analyzer-v4/rollouts_20260926_202416/git-branch-analyzer-v4__X4h6tfF/agent/trajectory.json
Collecting main service artifacts
Installing: asciinema
Detected system: {'os': 'debian-based', 'package_manager': 'apt-get', 'update_command': None}
Installing tools using apt-get: DEBIAN_FRONTEND=noninteractive apt-get update && DEBIAN_FRONTEND=noninteractive apt-get install -y asciinema
Installing: asciinema
Detected system: {'os': 'debian-based', 'package_manager': 'apt-get', 'update_command': None}
Installing tools using apt-get: DEBIAN_FRONTEND=noninteractive apt-get update && DEBIAN_FRONTEND=noninteractive apt-get install -y asciinema
Installing asciinema via pip...
Installing asciinema via pip...
Sending keys: ["sed -n '1,220p' gitstat/analyzer.py\n"] min_timeout_sec: 0.1 max_timeout_sec: 180.0
Sending keys: ["sed -n '1,220p' gitstat/cli.py\n"] min_timeout_sec: 0.1 max_timeout_sec: 180.0
Sending keys: ['python -m compileall -q gitstat\n'] min_timeout_sec: 1.0 max_timeout_sec: 180.0
Sending keys: ["python - <<'PY'\nimport os\nimport shutil\nimport subprocess\nimport sys\nimport tempfile\n\nroot = os.getcwd()\nd = tempfile.mkdtemp()\ntry:\n    def g(*a):\n        subprocess.run(['git', *a], cwd=d, check=True, capture_output=True, text=True)\n\n    g('init', '-q', '-b', 'main')\n    g('config', 'user.name', 'Ada Lovelace')\n    g('config', 'user.email', 'ada@example.com')\n\n    commits = [\n        ('README.md', 'Initial commit'),\n        ('config.txt', 'Add config'),\n        ('login.txt', 'Add login form'),\n    ]\n    for name, msg in commits:\n        with open(os.path.join(d, name), 'w') as f:\n            f.write(msg + '\\n')\n        g('add', '.')\n        g('commit', '-q', '-m', msg)\n\n    g('branch', 'feature/login')\n\n    env = dict(os.environ, PYTHONPATH=root)\n    for args in [('branches',), ('authors',), ('activity',), ('log', 'main'), ('summarize', 'main')]:\n        p = subprocess.run(\n            [sys.executable, '-m', 'gitstat', *args],\n            cwd=d,\n            env=env,\n            capture_output=True,\n            text=True,\n            check=True,\n        )\n        print('$ gitstat', *args)\n        print(p.stdout, end='' if p.stdout.endswith('\\n') else '\\n')\nfinally:\n    shutil.rmtree(d, ignore_errors=True)\nPY\n"] min_timeout_sec: 2.0 max_timeout_sec: 180.0
Trajectory dumped to jobs/git-branch-analyzer-v4/rollouts_20260926_202416/git-branch-analyzer-v4__kuiaHfh/agent/trajectory.json
Failed to install asciinema using pip
Starting recording.
Sending keys: ['asciinema rec --stdin /logs/agent/recording.cast', 'Enter'] min_timeout_sec: 1.0 max_timeout_sec: 180.0
Sending keys: ['clear', 'Enter'] min_timeout_sec: 0.0 max_timeout_sec: 180.0
Trajectory dumped to jobs/git-branch-analyzer-v4/rollouts_20260926_202416/git-branch-analyzer-v4__kuiaHfh/agent/trajectory.json
Sending keys: ['ls -la\n'] min_timeout_sec: 0.1 max_timeout_sec: 180.0
Sending keys: ['find . -maxdepth 3 -type f | sort\n'] min_timeout_sec: 0.1 max_timeout_sec: 180.0
Failed to install asciinema using pip
Trajectory dumped to jobs/git-branch-analyzer-v4/rollouts_20260926_202416/git-branch-analyzer-v4__KWpyqcj/agent/trajectory.json
Starting recording.
Sending keys: ['asciinema rec --stdin /logs/agent/recording.cast', 'Enter'] min_timeout_sec: 1.0 max_timeout_sec: 180.0
Sending keys: ['clear', 'Enter'] min_timeout_sec: 0.0 max_timeout_sec: 180.0
Sending keys: ["sed -n '1,220p' gitstat/analyzer.py\n"] min_timeout_sec: 0.1 max_timeout_sec: 180.0
Sending keys: ["sed -n '1,220p' gitstat/cli.py\n"] min_timeout_sec: 0.1 max_timeout_sec: 180.0
Sending keys: ["sed -n '1,220p' gitstat/utils.py\n"] min_timeout_sec: 0.1 max_timeout_sec: 180.0
Sending keys: ["sed -n '1,260p' tests/test_commands.py\n"] min_timeout_sec: 0.1 max_timeout_sec: 180.0
Sending keys: ["sed -n '1,160p' README.md\n"] min_timeout_sec: 0.1 max_timeout_sec: 180.0
Trajectory dumped to jobs/git-branch-analyzer-v4/rollouts_20260926_202416/git-branch-analyzer-v4__KWpyqcj/agent/trajectory.json
Sending keys: ['ls -la\n'] min_timeout_sec: 0.1 max_timeout_sec: 180.0
Sending keys: ['find . -maxdepth 3 -type f | sort\n'] min_timeout_sec: 0.1 max_timeout_sec: 180.0
Trajectory dumped to jobs/git-branch-analyzer-v4/rollouts_20260926_202416/git-branch-analyzer-v4__RwPhPmd/agent/trajectory.json
Trajectory dumped to jobs/git-branch-analyzer-v4/rollouts_20260926_202416/git-branch-analyzer-v4__kuiaHfh/agent/trajectory.json
Trajectory dumped to jobs/git-branch-analyzer-v4/rollouts_20260926_202416/git-branch-analyzer-v4__kuiaHfh/agent/trajectory.json
Collecting main service artifacts
Sending keys: ["sed -n '1,240p' gitstat/analyzer.py\n"] min_timeout_sec: 0.1 max_timeout_sec: 180.0
Sending keys: ["sed -n '1,240p' gitstat/cli.py\n"] min_timeout_sec: 0.1 max_timeout_sec: 180.0
Sending keys: ["sed -n '1,260p' tests/test_commands.py\n"] min_timeout_sec: 0.1 max_timeout_sec: 180.0
Sending keys: ["sed -n '1,200p' README.md\n"] min_timeout_sec: 0.1 max_timeout_sec: 180.0
Trajectory dumped to jobs/git-branch-analyzer-v4/rollouts_20260926_202416/git-branch-analyzer-v4__RwPhPmd/agent/trajectory.json
Sending keys: ['python3 - <<\'PY\'\nfrom pathlib import Path\np = Path(\'gitstat/analyzer.py\')\ns = p.read_text()\nold = \'\'\'def log(rev, count=10):\\n    """Return the most recent commits on a revision, newest first."""\\n    out = run_cmd(f"git log --oneline -n {count} {rev}")\\n    return [line.rstrip() for line in out.splitlines() if line.strip()]\\n\'\'\'\nnew = \'\'\'def log(rev, count=10):\\n    """Return the most recent commits on a revision, newest first."""\\n    out = run_cmd(f"git log --oneline -n {count} {rev}")\\n    return [line.rstrip() for line in out.splitlines() if line.strip()]\\n\\n\\ndef summarize(rev):\\n    """Return a compact summary for a revision."""\\n    count = run_cmd(f"git rev-list --count {rev}").strip()\\n    latest = run_cmd(f"git log -1 --format=\'%s\' {rev}").strip()\\n    return [f"commits: {count}", f"latest: {latest}"]\\n\'\'\'\nif old not in s:\n    raise SystemExit(\'expected analyzer snippet not found\')\np.write_text(s.replace(old, new))\nPY\n'] min_timeout_sec: 0.1 max_timeout_sec: 180.0
Sending keys: ['python3 - <<\'PY\'\nfrom pathlib import Path\np = Path(\'gitstat/cli.py\')\ns = p.read_text()\ns = s.replace(\'\'\'    p_log = sub.add_parser("log", help="Show recent commits on a revision")\\n    p_log.add_argument("rev")\\n    # A `summarize <rev>` subcommand is added here — see instruction.md.\\n\'\'\', \'\'\'    p_log = sub.add_parser("log", help="Show recent commits on a revision")\\n    p_log.add_argument("rev")\\n    p_summarize = sub.add_parser("summarize", help="Show a compact revision summary")\\n    p_summarize.add_argument("rev")\\n\'\'\')\ns = s.replace(\'\'\'    elif args.command == "log":\\n        print("\\\\n".join(analyzer.log(args.rev)))\\n    else:  # pragma: no cover - argparse rejects unknown commands first\\n\'\'\', \'\'\'    elif args.command == "log":\\n        print("\\\\n".join(analyzer.log(args.rev)))\\n    elif args.command == "summarize":\\n        print("\\\\n".join(analyzer.summarize(args.rev)))\\n    else:  # pragma: no cover - argparse rejects unknown commands first\\n\'\'\')\np.write_text(s)\nPY\n'] min_timeout_sec: 0.1 max_timeout_sec: 180.0
Sending keys: ['cat <<\'EOF\' >> tests/test_commands.py\n\n\ndef test_summarize(repo):\n    out = run(repo, "summarize", "main")\n    assert out.splitlines() == ["commits: 2", "latest: Add config"]\nEOF\n'] min_timeout_sec: 0.1 max_timeout_sec: 180.0
Sending keys: ['python3 -m pytest -q\n'] min_timeout_sec: 5.0 max_timeout_sec: 180.0
Sending keys: ["sed -n '1,200p' gitstat/utils.py\n"] min_timeout_sec: 0.1 max_timeout_sec: 180.0
Sending keys: ['python3 - <<\'PY\'\nfrom pathlib import Path\np = Path(\'gitstat/analyzer.py\')\ns = p.read_text()\ninsert = \'\'\'\\n\\ndef summarize(rev):\\n    """Return a compact summary for a revision."""\\n    count = run_cmd(f"git rev-list --count {rev}").strip()\\n    latest = run_cmd(f"git log --format=\'%s\' -n 1 {rev}").strip()\\n    return [f"commits: {count}", f"latest: {latest}"]\\n\'\'\'\nif \'def summarize(\' not in s:\n    p.write_text(s.rstrip() + insert + \'\\n\')\n\np = Path(\'gitstat/cli.py\')\ns = p.read_text()\nif \'p_summary = sub.add_parser("summarize"\' not in s:\n    s = s.replace(\n        \'    p_log = sub.add_parser("log", help="Show recent commits on a revision")\\n    p_log.add_argument("rev")\\n    # A `summarize <rev>` subcommand is added here — see instruction.md.\\n\',\n        \'    p_log = sub.add_parser("log", help="Show recent commits on a revision")\\n    p_log.add_argument("rev")\\n    p_summary = sub.add_parser("summarize", help="Show a compact summary for a revision")\\n    p_summary.add_argument("rev")\\n\'\n    )\nif \'elif args.command == "summarize":\' not in s:\n    s = s.replace(\n        \'    elif args.command == "log":\\n        print("\\\\n".join(analyzer.log(args.rev)))\\n\',\n        \'    elif args.command == "log":\\n        print("\\\\n".join(analyzer.log(args.rev)))\\n    elif args.command == "summarize":\\n        print("\\\\n".join(analyzer.summarize(args.rev)))\\n\'\n    )\np.write_text(s)\nPY\n'] min_timeout_sec: 0.1 max_timeout_sec: 180.0
Sending keys: ["sed -n '1,260p' gitstat/analyzer.py && printf '\\n--- cli ---\\n' && sed -n '1,260p' gitstat/cli.py\n"] min_timeout_sec: 0.1 max_timeout_sec: 180.0
Sending keys: ['python3 -m pytest -q\n'] min_timeout_sec: 5.0 max_timeout_sec: 180.0
Trajectory dumped to jobs/git-branch-analyzer-v4/rollouts_20260926_202416/git-branch-analyzer-v4__KWpyqcj/agent/trajectory.json
Trajectory dumped to jobs/git-branch-analyzer-v4/rollouts_20260926_202416/git-branch-analyzer-v4__RwPhPmd/agent/trajectory.json
Sending keys: ["sed -n '1,220p' gitstat/analyzer.py\n"] min_timeout_sec: 0.1 max_timeout_sec: 180.0
Sending keys: ["sed -n '1,220p' gitstat/cli.py\n"] min_timeout_sec: 0.1 max_timeout_sec: 180.0
Sending keys: ['tail -n 40 tests/test_commands.py\n'] min_timeout_sec: 0.1 max_timeout_sec: 180.0
Sending keys: ['python3 -m py_compile gitstat/*.py tests/test_commands.py\n'] min_timeout_sec: 1.0 max_timeout_sec: 180.0
Sending keys: ['tmp=$(mktemp -d) && git -C "$tmp" init -q -b main && git -C "$tmp" config user.name \'Ada Lovelace\' && git -C "$tmp" config user.email ada@example.com && printf \'# project\\n\' > "$tmp/README.md" && git -C "$tmp" add . && git -C "$tmp" commit -q -m \'Initial commit\' && printf \'config\\n\' > "$tmp/config.txt" && git -C "$tmp" add . && git -C "$tmp" commit -q -m \'Add config\' && (cd "$tmp" && PYTHONPATH=/app python3 -m gitstat summarize main); status=$?; rm -rf "$tmp"; exit $status\n'] min_timeout_sec: 2.0 max_timeout_sec: 180.0
Sending keys: ['git diff -- gitstat/analyzer.py gitstat/cli.py tests/test_commands.py\n'] min_timeout_sec: 0.1 max_timeout_sec: 180.0
Trajectory dumped to jobs/git-branch-analyzer-v4/rollouts_20260926_202416/git-branch-analyzer-v4__KWpyqcj/agent/trajectory.json
Sending keys: ["python3 - <<'PY'\nfrom pathlib import Path\np = Path('gitstat/analyzer.py')\ns = p.read_text()\ns = s.replace('    return [line.rstrip() for line in out.splitlines() if line.strip()]\\n\\ndef summarize', '    return [line.rstrip() for line in out.splitlines() if line.strip()]\\n\\n\\ndef summarize')\np.write_text(s)\nPY\n"] min_timeout_sec: 0.1 max_timeout_sec: 180.0
Sending keys: ['cat pyproject.toml\n'] min_timeout_sec: 0.1 max_timeout_sec: 180.0
Sending keys: ['tmp=$(mktemp -d)\ncd "$tmp"\ngit init -q -b main\ngit config user.name \'Ada Lovelace\'\ngit config user.email \'ada@example.com\'\nprintf \'# project\\n\' > README.md\ngit add README.md\ngit commit -q -m \'Initial commit\'\nprintf \'config\\n\' > config.txt\ngit add config.txt\ngit commit -q -m \'Add config\'\nPYTHONPATH=/app python3 -m gitstat summarize main\nPYTHONPATH=/app python3 -m gitstat log main | head -n 1\nPYTHONPATH=/app python3 -m gitstat branches\ncd /app\nrm -rf "$tmp"\n'] min_timeout_sec: 1.0 max_timeout_sec: 180.0
Trial git-branch-analyzer-v4__KWpyqcj failed: git-branch-analyzer-v4__KWpyqcj__env: failed to send non-blocking keys: command="tmux send-keys -t terminus-2 -- 'git diff -- gitstat/analyzer.py gitstat/cli.py tests/test_commands, return_code=1, stderr=None, stdout='no server running on /tmp/tmux-1000/default\n'
Collecting main service artifacts
Sending keys: ["sed -n '1,220p' gitstat/analyzer.py && printf '\\n--- cli ---\\n' && sed -n '1,220p' gitstat/cli.py\n"] min_timeout_sec: 0.1 max_timeout_sec: 180.0
Trajectory dumped to jobs/git-branch-analyzer-v4/rollouts_20260926_202416/git-branch-analyzer-v4__RwPhPmd/agent/trajectory.json
Not retrying trial because the maximum number of retries has been reached
Sending keys: ['python3 -m compileall -q gitstat\n'] min_timeout_sec: 1.0 max_timeout_sec: 180.0
Sending keys: ['git diff -- gitstat/analyzer.py gitstat/cli.py || true\n'] min_timeout_sec: 0.1 max_timeout_sec: 180.0
Trajectory dumped to jobs/git-branch-analyzer-v4/rollouts_20260926_202416/git-branch-analyzer-v4__RwPhPmd/agent/trajectory.json
Sending keys: ['q'] min_timeout_sec: 0.1 max_timeout_sec: 180.0
Trajectory dumped to jobs/git-branch-analyzer-v4/rollouts_20260926_202416/git-branch-analyzer-v4__RwPhPmd/agent/trajectory.json
Trajectory dumped to jobs/git-branch-analyzer-v4/rollouts_20260926_202416/git-branch-analyzer-v4__RwPhPmd/agent/trajectory.json
Trajectory dumped to jobs/git-branch-analyzer-v4/rollouts_20260926_202416/git-branch-analyzer-v4__RwPhPmd/agent/trajectory.json
Collecting main service artifacts
