Installing: asciinema
Installing: asciinema
Installing: asciinema
Detected system: {'os': 'debian-based', 'package_manager': 'apt-get', 'update_command': None}
Installing tools using apt-get: DEBIAN_FRONTEND=noninteractive apt-get update && DEBIAN_FRONTEND=noninteractive apt-get install -y asciinema
Detected system: {'os': 'debian-based', 'package_manager': 'apt-get', 'update_command': None}
Installing tools using apt-get: DEBIAN_FRONTEND=noninteractive apt-get update && DEBIAN_FRONTEND=noninteractive apt-get install -y asciinema
Detected system: {'os': 'debian-based', 'package_manager': 'apt-get', 'update_command': None}
Installing tools using apt-get: DEBIAN_FRONTEND=noninteractive apt-get update && DEBIAN_FRONTEND=noninteractive apt-get install -y asciinema
Installing: asciinema
Detected system: {'os': 'debian-based', 'package_manager': 'apt-get', 'update_command': None}
Installing tools using apt-get: DEBIAN_FRONTEND=noninteractive apt-get update && DEBIAN_FRONTEND=noninteractive apt-get install -y asciinema
Installing asciinema via pip...
Installing asciinema via pip...
Installing asciinema via pip...
Installing asciinema via pip...
Failed to install asciinema using pip
Failed to install asciinema using pip
Failed to install asciinema using pip
Failed to install asciinema using pip
Starting recording.
Sending keys: ['asciinema rec --stdin /logs/agent/recording.cast', 'Enter'] min_timeout_sec: 1.0 max_timeout_sec: 180.0
Starting recording.
Sending keys: ['asciinema rec --stdin /logs/agent/recording.cast', 'Enter'] min_timeout_sec: 1.0 max_timeout_sec: 180.0
Starting recording.
Sending keys: ['asciinema rec --stdin /logs/agent/recording.cast', 'Enter'] min_timeout_sec: 1.0 max_timeout_sec: 180.0
Starting recording.
Sending keys: ['asciinema rec --stdin /logs/agent/recording.cast', 'Enter'] min_timeout_sec: 1.0 max_timeout_sec: 180.0
Sending keys: ['clear', 'Enter'] min_timeout_sec: 0.0 max_timeout_sec: 180.0
Sending keys: ['clear', 'Enter'] min_timeout_sec: 0.0 max_timeout_sec: 180.0
Sending keys: ['clear', 'Enter'] min_timeout_sec: 0.0 max_timeout_sec: 180.0
Sending keys: ['clear', 'Enter'] min_timeout_sec: 0.0 max_timeout_sec: 180.0
Sending keys: ['ls -la\n'] min_timeout_sec: 0.1 max_timeout_sec: 180.0
Sending keys: ['find . -maxdepth 3 -type f | sort\n'] min_timeout_sec: 0.2 max_timeout_sec: 180.0
Sending keys: ['ls -la\n'] min_timeout_sec: 0.1 max_timeout_sec: 180.0
Sending keys: ['find . -maxdepth 3 -type f | sort\n'] min_timeout_sec: 0.1 max_timeout_sec: 180.0
Trajectory dumped to jobs/report-asset-export-v4/rollouts_20260926_202416/report-asset-export-v4__LJpKnjW/agent/trajectory.json
Trajectory dumped to jobs/report-asset-export-v4/rollouts_20260926_202416/report-asset-export-v4__2P2aPGx/agent/trajectory.json
Sending keys: ['ls -la\n'] min_timeout_sec: 0.1 max_timeout_sec: 180.0
Sending keys: ["find . -maxdepth 3 -type f | sort | sed 's#^./##' | head -200\n"] min_timeout_sec: 0.1 max_timeout_sec: 180.0
Trajectory dumped to jobs/report-asset-export-v4/rollouts_20260926_202416/report-asset-export-v4__U8pPGMp/agent/trajectory.json
Sending keys: ['ls -la\n'] min_timeout_sec: 0.1 max_timeout_sec: 180.0
Sending keys: ['find . -maxdepth 3 -type f | sort\n'] min_timeout_sec: 0.1 max_timeout_sec: 180.0
Trajectory dumped to jobs/report-asset-export-v4/rollouts_20260926_202416/report-asset-export-v4__YDXBcJN/agent/trajectory.json
Sending keys: ["sed -n '1,220p' assetsvc/storage.py\n"] min_timeout_sec: 0.1 max_timeout_sec: 180.0
Sending keys: ["sed -n '1,240p' assetsvc/cli.py\n"] min_timeout_sec: 0.1 max_timeout_sec: 180.0
Sending keys: ["sed -n '1,260p' tests/test_commands.py\n"] min_timeout_sec: 0.1 max_timeout_sec: 180.0
Sending keys: ["sed -n '1,220p' assetsvc/storage.py\n"] min_timeout_sec: 0.1 max_timeout_sec: 180.0
Sending keys: ["sed -n '1,200p' README.md\n"] min_timeout_sec: 0.1 max_timeout_sec: 180.0
Sending keys: ["sed -n '1,240p' assetsvc/cli.py\n"] min_timeout_sec: 0.1 max_timeout_sec: 180.0
Sending keys: ["sed -n '1,240p' tests/test_commands.py\n"] min_timeout_sec: 0.1 max_timeout_sec: 180.0
Trajectory dumped to jobs/report-asset-export-v4/rollouts_20260926_202416/report-asset-export-v4__LJpKnjW/agent/trajectory.json
Sending keys: ["sed -n '1,200p' README.md\n"] min_timeout_sec: 0.1 max_timeout_sec: 180.0
Trajectory dumped to jobs/report-asset-export-v4/rollouts_20260926_202416/report-asset-export-v4__2P2aPGx/agent/trajectory.json
Sending keys: ["sed -n '1,240p' assetsvc/storage.py\n"] min_timeout_sec: 0.1 max_timeout_sec: 180.0
Sending keys: ["sed -n '1,240p' assetsvc/cli.py\n"] min_timeout_sec: 0.1 max_timeout_sec: 180.0
Sending keys: ["sed -n '1,260p' tests/test_commands.py\n"] min_timeout_sec: 0.1 max_timeout_sec: 180.0
Sending keys: ['cat README.md\n'] min_timeout_sec: 0.1 max_timeout_sec: 180.0
Trajectory dumped to jobs/report-asset-export-v4/rollouts_20260926_202416/report-asset-export-v4__U8pPGMp/agent/trajectory.json
Sending keys: ["sed -n '1,220p' assetsvc/storage.py\n"] min_timeout_sec: 0.1 max_timeout_sec: 180.0
Sending keys: ["sed -n '1,240p' assetsvc/cli.py\n"] min_timeout_sec: 0.1 max_timeout_sec: 180.0
Sending keys: ["sed -n '1,260p' tests/test_commands.py\n"] min_timeout_sec: 0.1 max_timeout_sec: 180.0
Sending keys: ["sed -n '1,200p' README.md\n"] min_timeout_sec: 0.1 max_timeout_sec: 180.0
Trajectory dumped to jobs/report-asset-export-v4/rollouts_20260926_202416/report-asset-export-v4__YDXBcJN/agent/trajectory.json
Sending keys: ['python3 - <<\'PY\'\nfrom pathlib import Path\np = Path(\'assetsvc/storage.py\')\ns = p.read_text()\ninsert = \'\'\'\\n\\ndef asset_contents(name):\\n    """Return the contents of a stored asset (name from list_assets)."""\\n    with open(asset_path(name), "r") as f:\\n        return f.read()\\n\'\'\'\nif \'def asset_contents\' not in s:\n    s = s + insert\np.write_text(s)\n\np = Path(\'assetsvc/cli.py\')\ns = p.read_text()\ns = s.replace(\'\'\'    p_meta = sub.add_parser("meta", help="Show the size of a stored asset")\\n    p_meta.add_argument("name")\\n    # An `export <path>` subcommand is added here — see instruction.md.\\n\'\'\', \'\'\'    p_meta = sub.add_parser("meta", help="Show the size of a stored asset")\\n    p_meta.add_argument("name")\\n    p_export = sub.add_parser("export", help="Print a stored asset")\\n    p_export.add_argument("path")\\n\'\'\')\ns = s.replace(\'\'\'    elif args.command == "meta":\\n        print(storage.asset_size(args.name))\\n    else:  # pragma: no cover - argparse rejects unknown commands first\\n\'\'\', \'\'\'    elif args.command == "meta":\\n        print(storage.asset_size(args.name))\\n    elif args.command == "export":\\n        print(storage.asset_contents(args.path), end="")\\n    else:  # pragma: no cover - argparse rejects unknown commands first\\n\'\'\')\np.write_text(s)\nPY\nsed -n \'1,220p\' assetsvc/storage.py\nsed -n \'1,240p\' assetsvc/cli.py\npython3 -m pytest -q\n'] min_timeout_sec: 3.0 max_timeout_sec: 180.0
Sending keys: ['python - <<\'PY\'\nfrom pathlib import Path\np = Path(\'assetsvc/storage.py\')\ns = p.read_text()\nold = \'\'\'def asset_size(name):\\n    """Return the size in bytes of a stored asset (name from list_assets)."""\\n    return os.path.getsize(asset_path(name))\\n\'\'\'\nnew = \'\'\'def asset_size(name):\\n    """Return the size in bytes of a stored asset (name from list_assets)."""\\n    return os.path.getsize(asset_path(name))\\n\\n\\ndef asset_contents(name):\\n    """Return the contents of a stored asset (name from list_assets)."""\\n    with open(asset_path(name), "r") as f:\\n        return f.read()\\n\'\'\'\nif old not in s:\n    raise SystemExit(\'expected storage.py block not found\')\np.write_text(s.replace(old, new))\n\np = Path(\'assetsvc/cli.py\')\ns = p.read_text()\ns = s.replace(\'\'\'import argparse\\n\\nfrom . import storage\\n\'\'\', \'\'\'import argparse\\nimport sys\\n\\nfrom . import storage\\n\'\'\')\ns = s.replace(\'\'\'    p_meta = sub.add_parser("meta", help="Show the size of a stored asset")\\n    p_meta.add_argument("name")\\n    # An `export <path>` subcommand is added here — see instruction.md.\\n\'\'\', \'\'\'    p_meta = sub.add_parser("meta", help="Show the size of a stored asset")\\n    p_meta.add_argument("name")\\n    p_export = sub.add_parser("export", help="Print a stored asset")\\n    p_export.add_argument("name")\\n\'\'\')\ns = s.replace(\'\'\'    elif args.command == "meta":\\n        print(storage.asset_size(args.name))\\n    else:  # pragma: no cover - argparse rejects unknown commands first\\n\'\'\', \'\'\'    elif args.command == "meta":\\n        print(storage.asset_size(args.name))\\n    elif args.command == "export":\\n        sys.stdout.write(storage.asset_contents(args.name))\\n    else:  # pragma: no cover - argparse rejects unknown commands first\\n\'\'\')\np.write_text(s)\nPY\npython -m pytest -q\n'] min_timeout_sec: 3.0 max_timeout_sec: 180.0
Trajectory dumped to jobs/report-asset-export-v4/rollouts_20260926_202416/report-asset-export-v4__2P2aPGx/agent/trajectory.json
Sending keys: ['python - <<\'PY\'\nfrom pathlib import Path\np = Path(\'assetsvc/storage.py\')\ns = p.read_text()\nold = \'\'\'def asset_size(name):\\n    """Return the size in bytes of a stored asset (name from list_assets)."""\\n    return os.path.getsize(asset_path(name))\\n\'\'\'\nnew = \'\'\'def asset_size(name):\\n    """Return the size in bytes of a stored asset (name from list_assets)."""\\n    return os.path.getsize(asset_path(name))\\n\\n\\ndef export_asset(name):\\n    """Return the contents of a stored asset (name from list_assets)."""\\n    with open(asset_path(name), "r") as f:\\n        return f.read()\\n\'\'\'\nif old not in s:\n    raise SystemExit(\'storage.py pattern not found\')\np.write_text(s.replace(old, new))\n\np = Path(\'assetsvc/cli.py\')\ns = p.read_text()\ns = s.replace(\'\'\'import argparse\\n\\nfrom . import storage\\n\'\'\', \'\'\'import argparse\\nimport sys\\n\\nfrom . import storage\\n\'\'\')\ns = s.replace(\'\'\'    p_meta = sub.add_parser("meta", help="Show the size of a stored asset")\\n    p_meta.add_argument("name")\\n    # An `export <path>` subcommand is added here — see instruction.md.\\n\'\'\', \'\'\'    p_meta = sub.add_parser("meta", help="Show the size of a stored asset")\\n    p_meta.add_argument("name")\\n    p_export = sub.add_parser("export", help="Print a stored asset")\\n    p_export.add_argument("path")\\n\'\'\')\ns = s.replace(\'\'\'    elif args.command == "meta":\\n        print(storage.asset_size(args.name))\\n    else:  # pragma: no cover - argparse rejects unknown commands first\\n\'\'\', \'\'\'    elif args.command == "meta":\\n        print(storage.asset_size(args.name))\\n    elif args.command == "export":\\n        sys.stdout.write(storage.export_asset(args.path))\\n    else:  # pragma: no cover - argparse rejects unknown commands first\\n\'\'\')\np.write_text(s)\nPY\n'] min_timeout_sec: 0.1 max_timeout_sec: 180.0
Sending keys: ["sed -n '1,220p' assetsvc/storage.py && printf '\\n--- cli ---\\n' && sed -n '1,220p' assetsvc/cli.py\n"] min_timeout_sec: 0.1 max_timeout_sec: 180.0
Sending keys: ['python -m pytest -q\n'] min_timeout_sec: 5.0 max_timeout_sec: 180.0
Trajectory dumped to jobs/report-asset-export-v4/rollouts_20260926_202416/report-asset-export-v4__LJpKnjW/agent/trajectory.json
Sending keys: ['python3 - <<\'PY\'\nfrom pathlib import Path\np = Path(\'assetsvc/storage.py\')\ns = p.read_text()\nold = \'\'\'def asset_size(name):\\n    """Return the size in bytes of a stored asset (name from list_assets)."""\\n    return os.path.getsize(asset_path(name))\\n\'\'\'\nnew = \'\'\'def asset_size(name):\\n    """Return the size in bytes of a stored asset (name from list_assets)."""\\n    return os.path.getsize(asset_path(name))\\n\\n\\ndef asset_contents(name):\\n    """Return the contents of a stored asset (name from list_assets)."""\\n    with open(asset_path(name)) as f:\\n        return f.read()\\n\'\'\'\nif old not in s:\n    raise SystemExit(\'expected storage.py snippet not found\')\np.write_text(s.replace(old, new))\n\np = Path(\'assetsvc/cli.py\')\ns = p.read_text()\ns = s.replace(\'\'\'import argparse\\n\'\'\', \'\'\'import argparse\\nimport sys\\n\'\'\')\ns = s.replace(\'\'\'    p_meta = sub.add_parser("meta", help="Show the size of a stored asset")\\n    p_meta.add_argument("name")\\n    # An `export <path>` subcommand is added here — see instruction.md.\\n\'\'\', \'\'\'    p_meta = sub.add_parser("meta", help="Show the size of a stored asset")\\n    p_meta.add_argument("name")\\n    p_export = sub.add_parser("export", help="Print a stored asset")\\n    p_export.add_argument("name")\\n\'\'\')\ns = s.replace(\'\'\'    elif args.command == "meta":\\n        print(storage.asset_size(args.name))\\n    else:  # pragma: no cover - argparse rejects unknown commands first\\n\'\'\', \'\'\'    elif args.command == "meta":\\n        print(storage.asset_size(args.name))\\n    elif args.command == "export":\\n        sys.stdout.write(storage.asset_contents(args.name))\\n    else:  # pragma: no cover - argparse rejects unknown commands first\\n\'\'\')\np.write_text(s)\nPY\npython3 -m pytest\n'] min_timeout_sec: 3.0 max_timeout_sec: 180.0
Trajectory dumped to jobs/report-asset-export-v4/rollouts_20260926_202416/report-asset-export-v4__U8pPGMp/agent/trajectory.json
Trajectory dumped to jobs/report-asset-export-v4/rollouts_20260926_202416/report-asset-export-v4__YDXBcJN/agent/trajectory.json
Sending keys: ["python3 - <<'PY'\nimport os, shutil, subprocess, sys, tempfile\n\nd = tempfile.mkdtemp()\ntry:\n    os.makedirs(os.path.join(d, '2024', 'q3'))\n    with open(os.path.join(d, 'overview.txt'), 'w') as f:\n        f.write('Company overview\\n')\n    with open(os.path.join(d, '2024', 'q3', 'summary.txt'), 'w') as f:\n        f.write('Q3 revenue up 12%\\n')\n\n    env = dict(os.environ, ASSET_STORAGE_DIR=d)\n    def run(*args):\n        return subprocess.run(\n            [sys.executable, '-m', 'assetsvc', *args],\n            capture_output=True,\n            text=True,\n            env=env,\n            check=True,\n        ).stdout\n\n    out = run('list')\n    assert 'overview.txt' in out, out\n    assert os.path.join('2024', 'q3', 'summary.txt') in out, out\n\n    out = run('meta', 'overview.txt')\n    assert out.strip().isdigit(), out\n    assert int(out.strip()) > 0, out\n\n    assert run('export', 'overview.txt') == 'Company overview\\n'\n    assert run('export', os.path.join('2024', 'q3', 'summary.txt')) == 'Q3 revenue up 12%\\n'\n    print('manual CLI checks passed')\nfinally:\n    shutil.rmtree(d, ignore_errors=True)\nPY\n"] min_timeout_sec: 1.0 max_timeout_sec: 180.0
Sending keys: ['git diff -- assetsvc/storage.py assetsvc/cli.py || true\n'] min_timeout_sec: 0.1 max_timeout_sec: 180.0
Trajectory dumped to jobs/report-asset-export-v4/rollouts_20260926_202416/report-asset-export-v4__2P2aPGx/agent/trajectory.json
Sending keys: ['python -m compileall -q assetsvc tests\n'] min_timeout_sec: 1.0 max_timeout_sec: 180.0
Sending keys: ["sed -n '1,220p' assetsvc/storage.py && printf '\\n--- cli ---\\n' && sed -n '1,260p' assetsvc/cli.py\n"] min_timeout_sec: 0.1 max_timeout_sec: 180.0
Sending keys: ['python3 -m compileall assetsvc\n'] min_timeout_sec: 1.0 max_timeout_sec: 180.0
Sending keys: ["sed -n '1,220p' assetsvc/storage.py\n"] min_timeout_sec: 0.1 max_timeout_sec: 180.0
Sending keys: ["sed -n '1,260p' assetsvc/cli.py\n"] min_timeout_sec: 0.1 max_timeout_sec: 180.0
Sending keys: ['python -m compileall -q assetsvc\n'] min_timeout_sec: 1.0 max_timeout_sec: 180.0
Sending keys: ['tmp=$(mktemp -d); mkdir -p "$tmp/2024/q3"; printf \'Company overview\\n\' > "$tmp/overview.txt"; printf \'Q3 revenue up 12%%\\n\' > "$tmp/2024/q3/summary.txt"; ASSET_STORAGE_DIR="$tmp" python -m assetsvc list; printf -- \'--- meta ---\\n\'; ASSET_STORAGE_DIR="$tmp" python -m assetsvc meta overview.txt; printf -- \'--- export overview ---\\n\'; ASSET_STORAGE_DIR="$tmp" python -m assetsvc export overview.txt; printf -- \'--- export nested ---\\n\'; ASSET_STORAGE_DIR="$tmp" python -m assetsvc export 2024/q3/summary.txt; rm -rf "$tmp"\n'] min_timeout_sec: 1.0 max_timeout_sec: 180.0
Sending keys: ['tmp=$(mktemp -d)\nmkdir -p "$tmp/2024/q3"\nprintf \'Company overview\\n\' > "$tmp/overview.txt"\nprintf \'Q3 revenue up 12%%\\n\' > "$tmp/2024/q3/summary.txt"\nASSET_STORAGE_DIR="$tmp" python3 -m assetsvc list\nASSET_STORAGE_DIR="$tmp" python3 -m assetsvc meta overview.txt\nASSET_STORAGE_DIR="$tmp" python3 -m assetsvc export overview.txt\nASSET_STORAGE_DIR="$tmp" python3 -m assetsvc export 2024/q3/summary.txt\nrm -rf "$tmp"\n'] min_timeout_sec: 1.0 max_timeout_sec: 180.0
Sending keys: ['tmp=$(mktemp -d); mkdir -p "$tmp/2024/q3"; printf \'Company overview\\n\' > "$tmp/overview.txt"; printf \'Q3 revenue up 12%%\\n\' > "$tmp/2024/q3/summary.txt"; ASSET_STORAGE_DIR="$tmp" python -m assetsvc list; ASSET_STORAGE_DIR="$tmp" python -m assetsvc meta overview.txt; ASSET_STORAGE_DIR="$tmp" python -m assetsvc export overview.txt; ASSET_STORAGE_DIR="$tmp" python -m assetsvc export 2024/q3/summary.txt; rm -rf "$tmp"\n'] min_timeout_sec: 1.0 max_timeout_sec: 180.0
Trajectory dumped to jobs/report-asset-export-v4/rollouts_20260926_202416/report-asset-export-v4__U8pPGMp/agent/trajectory.json
Trajectory dumped to jobs/report-asset-export-v4/rollouts_20260926_202416/report-asset-export-v4__YDXBcJN/agent/trajectory.json
Trajectory dumped to jobs/report-asset-export-v4/rollouts_20260926_202416/report-asset-export-v4__LJpKnjW/agent/trajectory.json
Trajectory dumped to jobs/report-asset-export-v4/rollouts_20260926_202416/report-asset-export-v4__2P2aPGx/agent/trajectory.json
Trajectory dumped to jobs/report-asset-export-v4/rollouts_20260926_202416/report-asset-export-v4__YDXBcJN/agent/trajectory.json
Trajectory dumped to jobs/report-asset-export-v4/rollouts_20260926_202416/report-asset-export-v4__2P2aPGx/agent/trajectory.json
Trajectory dumped to jobs/report-asset-export-v4/rollouts_20260926_202416/report-asset-export-v4__2P2aPGx/agent/trajectory.json
Trajectory dumped to jobs/report-asset-export-v4/rollouts_20260926_202416/report-asset-export-v4__LJpKnjW/agent/trajectory.json
Trajectory dumped to jobs/report-asset-export-v4/rollouts_20260926_202416/report-asset-export-v4__U8pPGMp/agent/trajectory.json
Collecting main service artifacts
Trajectory dumped to jobs/report-asset-export-v4/rollouts_20260926_202416/report-asset-export-v4__YDXBcJN/agent/trajectory.json
Trajectory dumped to jobs/report-asset-export-v4/rollouts_20260926_202416/report-asset-export-v4__YDXBcJN/agent/trajectory.json
Collecting main service artifacts
Trajectory dumped to jobs/report-asset-export-v4/rollouts_20260926_202416/report-asset-export-v4__LJpKnjW/agent/trajectory.json
Trajectory dumped to jobs/report-asset-export-v4/rollouts_20260926_202416/report-asset-export-v4__LJpKnjW/agent/trajectory.json
Collecting main service artifacts
Trajectory dumped to jobs/report-asset-export-v4/rollouts_20260926_202416/report-asset-export-v4__U8pPGMp/agent/trajectory.json
Trajectory dumped to jobs/report-asset-export-v4/rollouts_20260926_202416/report-asset-export-v4__U8pPGMp/agent/trajectory.json
Collecting main service artifacts
Installing: asciinema
Detected system: {'os': 'debian-based', 'package_manager': 'apt-get', 'update_command': None}
Installing tools using apt-get: DEBIAN_FRONTEND=noninteractive apt-get update && DEBIAN_FRONTEND=noninteractive apt-get install -y asciinema
Installing: asciinema
Detected system: {'os': 'debian-based', 'package_manager': 'apt-get', 'update_command': None}
Installing tools using apt-get: DEBIAN_FRONTEND=noninteractive apt-get update && DEBIAN_FRONTEND=noninteractive apt-get install -y asciinema
Installing asciinema via pip...
Installing asciinema via pip...
Failed to install asciinema using pip
Starting recording.
Sending keys: ['asciinema rec --stdin /logs/agent/recording.cast', 'Enter'] min_timeout_sec: 1.0 max_timeout_sec: 180.0
Sending keys: ['clear', 'Enter'] min_timeout_sec: 0.0 max_timeout_sec: 180.0
Failed to install asciinema using pip
Starting recording.
Sending keys: ['asciinema rec --stdin /logs/agent/recording.cast', 'Enter'] min_timeout_sec: 1.0 max_timeout_sec: 180.0
Sending keys: ['clear', 'Enter'] min_timeout_sec: 0.0 max_timeout_sec: 180.0
Sending keys: ['ls -la\n'] min_timeout_sec: 0.1 max_timeout_sec: 180.0
Sending keys: ['find . -maxdepth 3 -type f | sort\n'] min_timeout_sec: 0.1 max_timeout_sec: 180.0
Trajectory dumped to jobs/report-asset-export-v4/rollouts_20260926_202416/report-asset-export-v4__2asJ4iS/agent/trajectory.json
Sending keys: ['ls -la\n'] min_timeout_sec: 0.1 max_timeout_sec: 180.0
Sending keys: ['find . -maxdepth 3 -type f | sort\n'] min_timeout_sec: 0.1 max_timeout_sec: 180.0
Trajectory dumped to jobs/report-asset-export-v4/rollouts_20260926_202416/report-asset-export-v4__BQw9UBY/agent/trajectory.json
Sending keys: ["sed -n '1,240p' assetsvc/storage.py\n"] min_timeout_sec: 0.1 max_timeout_sec: 180.0
Sending keys: ["sed -n '1,240p' assetsvc/cli.py\n"] min_timeout_sec: 0.1 max_timeout_sec: 180.0
Sending keys: ["sed -n '1,240p' tests/test_commands.py\n"] min_timeout_sec: 0.1 max_timeout_sec: 180.0
Sending keys: ["sed -n '1,200p' README.md\n"] min_timeout_sec: 0.1 max_timeout_sec: 180.0
Trajectory dumped to jobs/report-asset-export-v4/rollouts_20260926_202416/report-asset-export-v4__2asJ4iS/agent/trajectory.json
Sending keys: ["sed -n '1,220p' assetsvc/storage.py\n"] min_timeout_sec: 0.1 max_timeout_sec: 180.0
Sending keys: ["sed -n '1,220p' assetsvc/cli.py\n"] min_timeout_sec: 0.1 max_timeout_sec: 180.0
Sending keys: ["sed -n '1,260p' tests/test_commands.py\n"] min_timeout_sec: 0.1 max_timeout_sec: 180.0
Sending keys: ['cat README.md\n'] min_timeout_sec: 0.1 max_timeout_sec: 180.0
Trajectory dumped to jobs/report-asset-export-v4/rollouts_20260926_202416/report-asset-export-v4__BQw9UBY/agent/trajectory.json
Sending keys: ['python3 - <<\'PY\'\nfrom pathlib import Path\np = Path(\'assetsvc/storage.py\')\ns = p.read_text()\nold = \'\'\'def asset_size(name):\\n    """Return the size in bytes of a stored asset (name from list_assets)."""\\n    return os.path.getsize(asset_path(name))\\n\'\'\'\nnew = \'\'\'def asset_size(name):\\n    """Return the size in bytes of a stored asset (name from list_assets)."""\\n    return os.path.getsize(asset_path(name))\\n\\n\\ndef asset_contents(name):\\n    """Return the contents of a stored asset (name from list_assets)."""\\n    with open(asset_path(name), "r") as f:\\n        return f.read()\\n\'\'\'\nif old not in s:\n    raise SystemExit(\'expected storage.py snippet not found\')\np.write_text(s.replace(old, new))\n\np = Path(\'assetsvc/cli.py\')\ns = p.read_text()\ns = s.replace(\'import argparse\\n\', \'import argparse\\nimport sys\\n\')\ns = s.replace(\'\'\'    p_meta = sub.add_parser("meta", help="Show the size of a stored asset")\\n    p_meta.add_argument("name")\\n    # An `export <path>` subcommand is added here — see instruction.md.\\n\'\'\', \'\'\'    p_meta = sub.add_parser("meta", help="Show the size of a stored asset")\\n    p_meta.add_argument("name")\\n    p_export = sub.add_parser("export", help="Print a stored asset")\\n    p_export.add_argument("name")\\n\'\'\')\ns = s.replace(\'\'\'    elif args.command == "meta":\\n        print(storage.asset_size(args.name))\\n    else:  # pragma: no cover - argparse rejects unknown commands first\\n\'\'\', \'\'\'    elif args.command == "meta":\\n        print(storage.asset_size(args.name))\\n    elif args.command == "export":\\n        sys.stdout.write(storage.asset_contents(args.name))\\n    else:  # pragma: no cover - argparse rejects unknown commands first\\n\'\'\')\np.write_text(s)\nPY\npython -m pytest\n'] min_timeout_sec: 3.0 max_timeout_sec: 180.0
Sending keys: ['python3 - <<\'PY\'\nfrom pathlib import Path\np = Path(\'assetsvc/storage.py\')\ns = p.read_text()\nold = \'\'\'def asset_size(name):\\n    """Return the size in bytes of a stored asset (name from list_assets)."""\\n    return os.path.getsize(asset_path(name))\\n\'\'\'\nnew = \'\'\'def asset_size(name):\\n    """Return the size in bytes of a stored asset (name from list_assets)."""\\n    return os.path.getsize(asset_path(name))\\n\\n\\ndef export_asset(name):\\n    """Return the contents of a stored asset (name from list_assets)."""\\n    with open(asset_path(name), "r") as f:\\n        return f.read()\\n\'\'\'\nif old not in s:\n    raise SystemExit(\'storage.py pattern not found\')\np.write_text(s.replace(old, new))\n\np = Path(\'assetsvc/cli.py\')\ns = p.read_text()\ns = s.replace(\'\'\'import argparse\\n\\nfrom . import storage\\n\'\'\', \'\'\'import argparse\\nimport sys\\n\\nfrom . import storage\\n\'\'\')\ns = s.replace(\'\'\'    p_meta = sub.add_parser("meta", help="Show the size of a stored asset")\\n    p_meta.add_argument("name")\\n    # An `export <path>` subcommand is added here — see instruction.md.\\n\'\'\', \'\'\'    p_meta = sub.add_parser("meta", help="Show the size of a stored asset")\\n    p_meta.add_argument("name")\\n    p_export = sub.add_parser("export", help="Print a stored asset")\\n    p_export.add_argument("name")\\n\'\'\')\ns = s.replace(\'\'\'    elif args.command == "meta":\\n        print(storage.asset_size(args.name))\\n    else:  # pragma: no cover - argparse rejects unknown commands first\\n\'\'\', \'\'\'    elif args.command == "meta":\\n        print(storage.asset_size(args.name))\\n    elif args.command == "export":\\n        sys.stdout.write(storage.export_asset(args.name))\\n    else:  # pragma: no cover - argparse rejects unknown commands first\\n\'\'\')\np.write_text(s)\nPY\n'] min_timeout_sec: 0.1 max_timeout_sec: 180.0
Sending keys: ["sed -n '1,240p' assetsvc/storage.py && printf '\\n--- cli ---\\n' && sed -n '1,240p' assetsvc/cli.py\n"] min_timeout_sec: 0.1 max_timeout_sec: 180.0
Sending keys: ['python3 -m pytest\n'] min_timeout_sec: 10.0 max_timeout_sec: 180.0
Trajectory dumped to jobs/report-asset-export-v4/rollouts_20260926_202416/report-asset-export-v4__BQw9UBY/agent/trajectory.json
Trajectory dumped to jobs/report-asset-export-v4/rollouts_20260926_202416/report-asset-export-v4__2asJ4iS/agent/trajectory.json
Sending keys: ["sed -n '1,220p' assetsvc/storage.py\n"] min_timeout_sec: 0.1 max_timeout_sec: 180.0
Sending keys: ["sed -n '1,220p' assetsvc/cli.py\n"] min_timeout_sec: 0.1 max_timeout_sec: 180.0
Sending keys: ['python -m py_compile assetsvc/storage.py assetsvc/cli.py assetsvc/__main__.py assetsvc/__init__.py\n'] min_timeout_sec: 1.0 max_timeout_sec: 180.0
Sending keys: ['tmp=$(mktemp -d)\nmkdir -p "$tmp/2024/q3"\nprintf \'Company overview\\n\' > "$tmp/overview.txt"\nprintf \'Q3 revenue up 12%%\\n\' > "$tmp/2024/q3/summary.txt"\necho \'--- list ---\'\nASSET_STORAGE_DIR="$tmp" python -m assetsvc list\necho \'--- meta ---\'\nASSET_STORAGE_DIR="$tmp" python -m assetsvc meta overview.txt\necho \'--- export ---\'\nASSET_STORAGE_DIR="$tmp" python -m assetsvc export 2024/q3/summary.txt\nrm -rf "$tmp"\n'] min_timeout_sec: 1.0 max_timeout_sec: 180.0
Trajectory dumped to jobs/report-asset-export-v4/rollouts_20260926_202416/report-asset-export-v4__BQw9UBY/agent/trajectory.json
Sending keys: ['python3 -m py_compile assetsvc/storage.py assetsvc/cli.py\n'] min_timeout_sec: 0.1 max_timeout_sec: 180.0
Trajectory dumped to jobs/report-asset-export-v4/rollouts_20260926_202416/report-asset-export-v4__BQw9UBY/agent/trajectory.json
Sending keys: ['tmp=$(mktemp -d); mkdir -p "$tmp/2024/q3"; printf \'Company overview\\n\' > "$tmp/overview.txt"; printf \'Q3 revenue up 12%%\\n\' > "$tmp/2024/q3/summary.txt"; ASSET_STORAGE_DIR="$tmp" python3 -m assetsvc export overview.txt; ASSET_STORAGE_DIR="$tmp" python3 -m assetsvc export 2024/q3/summary.txt; rm -rf "$tmp"\n'] min_timeout_sec: 0.1 max_timeout_sec: 180.0
Sending keys: ["python3 - <<'PY'\nfrom pathlib import Path\np = Path('README.md')\ns = p.read_text()\nold = '- `assetsvc meta <name>` — show the size of a stored asset\\n'\nnew = '- `assetsvc meta <name>` — show the size of a stored asset\\n- `assetsvc export <path>` — print a stored report asset\\n'\nif old in s and 'assetsvc export <path>' not in s:\n    p.write_text(s.replace(old, new))\nPY\n"] min_timeout_sec: 0.1 max_timeout_sec: 180.0
Sending keys: ["sed -n '1,200p' README.md\n"] min_timeout_sec: 0.1 max_timeout_sec: 180.0
Trajectory dumped to jobs/report-asset-export-v4/rollouts_20260926_202416/report-asset-export-v4__2asJ4iS/agent/trajectory.json
Trajectory dumped to jobs/report-asset-export-v4/rollouts_20260926_202416/report-asset-export-v4__BQw9UBY/agent/trajectory.json
Trajectory dumped to jobs/report-asset-export-v4/rollouts_20260926_202416/report-asset-export-v4__BQw9UBY/agent/trajectory.json
Collecting main service artifacts
Trajectory dumped to jobs/report-asset-export-v4/rollouts_20260926_202416/report-asset-export-v4__2asJ4iS/agent/trajectory.json
Trajectory dumped to jobs/report-asset-export-v4/rollouts_20260926_202416/report-asset-export-v4__2asJ4iS/agent/trajectory.json
Trajectory dumped to jobs/report-asset-export-v4/rollouts_20260926_202416/report-asset-export-v4__2asJ4iS/agent/trajectory.json
Collecting main service artifacts
